../Core/Src/apps/app_sensorboard.c:50:13:LED_PWM_init	4	static
../Core/Src/apps/app_sensorboard.c:61:13:Set_LED	24	static
../Core/Src/apps/app_sensorboard.c:86:13:WS2812_Send	80	static
../Core/Src/apps/app_sensorboard.c:202:6:Belt_Reset_LED	16	static
../Core/Src/apps/app_sensorboard.c:212:6:Belt_Allset_LED	24	static
../Core/Src/apps/app_sensorboard.c:220:6:Ring1_Reset_LED	16	static
../Core/Src/apps/app_sensorboard.c:230:6:Ring2_Reset_LED	16	static
../Core/Src/apps/app_sensorboard.c:240:6:Belt_Rotate_Init	16	static
../Core/Src/apps/app_sensorboard.c:257:6:Ring_Rotate_Init	16	static
../Core/Src/apps/app_sensorboard.c:277:6:Belt_Toggle_LED	16	static
../Core/Src/apps/app_sensorboard.c:291:6:Set_LED_violet	24	static
../Core/Src/apps/app_sensorboard.c:300:6:Set_LED_skyblue	24	static
../Core/Src/apps/app_sensorboard.c:308:6:Set_LED_green	24	static
../Core/Src/apps/app_sensorboard.c:316:6:Set_LED_red	24	static
../Core/Src/apps/app_sensorboard.c:324:6:Set_LED_yellow	24	static
../Core/Src/apps/app_sensorboard.c:332:6:Set_LED_white	24	static
../Core/Src/apps/app_sensorboard.c:341:6:Set_LED_black	24	static
../Core/Src/apps/app_sensorboard.c:350:7:GetColorCode	24	static
../Core/Src/apps/app_sensorboard.c:404:6:Belt_MODE_breathing	24	static
../Core/Src/apps/app_sensorboard.c:430:6:reverse	32	static
../Core/Src/apps/app_sensorboard.c:442:6:shiftRight	24	static
../Core/Src/apps/app_sensorboard.c:449:6:shiftLeft	24	static
../Core/Src/apps/app_sensorboard.c:455:6:Belt_MODE_rotation	24	static
../Core/Src/apps/app_sensorboard.c:482:6:Ring1_MODE_breathing	24	static
../Core/Src/apps/app_sensorboard.c:512:6:Ring1_MODE_rotation	24	static
../Core/Src/apps/app_sensorboard.c:538:6:Ring2_MODE_breathing	24	static
../Core/Src/apps/app_sensorboard.c:567:6:Ring2_MODE_rotation	24	static
../Core/Src/apps/app_sensorboard.c:591:6:Starting_anime	24	static
../Core/Src/apps/app_sensorboard.c:669:6:ShowBatteryStatus	64	static
../Core/Src/apps/app_sensorboard.c:821:6:FrontLight_SetPWM	16	static
../Core/Src/apps/app_sensorboard.c:825:6:FrontLight_Enable	16	static
../Core/Src/apps/app_sensorboard.c:839:6:Set_Belt_Color	16	static
../Core/Src/apps/app_sensorboard.c:856:6:Set_Belt_Action	16	static
../Core/Src/apps/app_sensorboard.c:890:6:EyeControl	16	static
../Core/Src/apps/app_sensorboard.c:972:6:LED_Control_Set	16	static
../Core/Src/apps/app_sensorboard.c:1035:6:init_pwm_leds	96	static
../Core/Src/apps/app_sensorboard.c:1082:6:apps_process_task	16	static
../Core/Src/apps/app_sensorboard.c:1118:6:apps_init_app	16	static
../Core/Src/apps/app_sensorboard.c:1128:6:apps_start_app	16	static
../Core/Src/apps/app_sensorboard.c:1142:6:apps_switch_app	16	static
../Core/Src/apps/app_sensorboard.c:1160:6:apps_on_msg_app	24	static
../Core/Src/apps/app_sensorboard.c:1170:13:apps_timer_1ms	16	static
../Core/Src/apps/app_sensorboard.c:1175:13:apps_timer_100ms	16	static
../Core/Src/apps/app_sensorboard.c:1184:13:apps_timer_1s	16	static
../Core/Src/apps/app_sensorboard.c:1192:13:apps_timer_5s	96	static
../Core/Src/apps/app_sensorboard.c:1204:13:apps_timer_1min	16	static
