Archive member included to satisfy reference by file (symbol)

c:/st/stm32cubeide_1.9.0/stm32cubeide/plugins/com.st.stm32cube.ide.mcu.externaltools.gnu-tools-for-stm32.10.3-2021.10.win32_1.0.0.202111181127/tools/bin/../lib/gcc/arm-none-eabi/10.3.1/../../../../arm-none-eabi/lib/thumb/v7e-m+fp/hard\libc_nano.a(lib_a-atoi.o)
                              ./Core/Src/u_strings.o (atoi)
c:/st/stm32cubeide_1.9.0/stm32cubeide/plugins/com.st.stm32cube.ide.mcu.externaltools.gnu-tools-for-stm32.10.3-2021.10.win32_1.0.0.202111181127/tools/bin/../lib/gcc/arm-none-eabi/10.3.1/../../../../arm-none-eabi/lib/thumb/v7e-m+fp/hard\libc_nano.a(lib_a-errno.o)
                              ./Core/Src/syscalls.o (__errno)
c:/st/stm32cubeide_1.9.0/stm32cubeide/plugins/com.st.stm32cube.ide.mcu.externaltools.gnu-tools-for-stm32.10.3-2021.10.win32_1.0.0.202111181127/tools/bin/../lib/gcc/arm-none-eabi/10.3.1/../../../../arm-none-eabi/lib/thumb/v7e-m+fp/hard\libc_nano.a(lib_a-exit.o)
                              c:/st/stm32cubeide_1.9.0/stm32cubeide/plugins/com.st.stm32cube.ide.mcu.externaltools.gnu-tools-for-stm32.10.3-2021.10.win32_1.0.0.202111181127/tools/bin/../lib/gcc/arm-none-eabi/10.3.1/../../../../arm-none-eabi/lib/thumb/v7e-m+fp/hard/crt0.o (exit)
c:/st/stm32cubeide_1.9.0/stm32cubeide/plugins/com.st.stm32cube.ide.mcu.externaltools.gnu-tools-for-stm32.10.3-2021.10.win32_1.0.0.202111181127/tools/bin/../lib/gcc/arm-none-eabi/10.3.1/../../../../arm-none-eabi/lib/thumb/v7e-m+fp/hard\libc_nano.a(lib_a-findfp.o)
                              ./Middlewares/Third_Party/FreeRTOS/Source/tasks.o (__sf_fake_stderr)
c:/st/stm32cubeide_1.9.0/stm32cubeide/plugins/com.st.stm32cube.ide.mcu.externaltools.gnu-tools-for-stm32.10.3-2021.10.win32_1.0.0.202111181127/tools/bin/../lib/gcc/arm-none-eabi/10.3.1/../../../../arm-none-eabi/lib/thumb/v7e-m+fp/hard\libc_nano.a(lib_a-fwalk.o)
                              c:/st/stm32cubeide_1.9.0/stm32cubeide/plugins/com.st.stm32cube.ide.mcu.externaltools.gnu-tools-for-stm32.10.3-2021.10.win32_1.0.0.202111181127/tools/bin/../lib/gcc/arm-none-eabi/10.3.1/../../../../arm-none-eabi/lib/thumb/v7e-m+fp/hard\libc_nano.a(lib_a-findfp.o) (_fwalk)
c:/st/stm32cubeide_1.9.0/stm32cubeide/plugins/com.st.stm32cube.ide.mcu.externaltools.gnu-tools-for-stm32.10.3-2021.10.win32_1.0.0.202111181127/tools/bin/../lib/gcc/arm-none-eabi/10.3.1/../../../../arm-none-eabi/lib/thumb/v7e-m+fp/hard\libc_nano.a(lib_a-impure.o)
                              c:/st/stm32cubeide_1.9.0/stm32cubeide/plugins/com.st.stm32cube.ide.mcu.externaltools.gnu-tools-for-stm32.10.3-2021.10.win32_1.0.0.202111181127/tools/bin/../lib/gcc/arm-none-eabi/10.3.1/../../../../arm-none-eabi/lib/thumb/v7e-m+fp/hard\libc_nano.a(lib_a-exit.o) (_global_impure_ptr)
c:/st/stm32cubeide_1.9.0/stm32cubeide/plugins/com.st.stm32cube.ide.mcu.externaltools.gnu-tools-for-stm32.10.3-2021.10.win32_1.0.0.202111181127/tools/bin/../lib/gcc/arm-none-eabi/10.3.1/../../../../arm-none-eabi/lib/thumb/v7e-m+fp/hard\libc_nano.a(lib_a-init.o)
                              c:/st/stm32cubeide_1.9.0/stm32cubeide/plugins/com.st.stm32cube.ide.mcu.externaltools.gnu-tools-for-stm32.10.3-2021.10.win32_1.0.0.202111181127/tools/bin/../lib/gcc/arm-none-eabi/10.3.1/../../../../arm-none-eabi/lib/thumb/v7e-m+fp/hard/crt0.o (__libc_init_array)
c:/st/stm32cubeide_1.9.0/stm32cubeide/plugins/com.st.stm32cube.ide.mcu.externaltools.gnu-tools-for-stm32.10.3-2021.10.win32_1.0.0.202111181127/tools/bin/../lib/gcc/arm-none-eabi/10.3.1/../../../../arm-none-eabi/lib/thumb/v7e-m+fp/hard\libc_nano.a(lib_a-lock.o)
                              c:/st/stm32cubeide_1.9.0/stm32cubeide/plugins/com.st.stm32cube.ide.mcu.externaltools.gnu-tools-for-stm32.10.3-2021.10.win32_1.0.0.202111181127/tools/bin/../lib/gcc/arm-none-eabi/10.3.1/../../../../arm-none-eabi/lib/thumb/v7e-m+fp/hard\libc_nano.a(lib_a-findfp.o) (__retarget_lock_init_recursive)
c:/st/stm32cubeide_1.9.0/stm32cubeide/plugins/com.st.stm32cube.ide.mcu.externaltools.gnu-tools-for-stm32.10.3-2021.10.win32_1.0.0.202111181127/tools/bin/../lib/gcc/arm-none-eabi/10.3.1/../../../../arm-none-eabi/lib/thumb/v7e-m+fp/hard\libc_nano.a(lib_a-malloc.o)
                              ./Core/Src/u_strings.o (malloc)
c:/st/stm32cubeide_1.9.0/stm32cubeide/plugins/com.st.stm32cube.ide.mcu.externaltools.gnu-tools-for-stm32.10.3-2021.10.win32_1.0.0.202111181127/tools/bin/../lib/gcc/arm-none-eabi/10.3.1/../../../../arm-none-eabi/lib/thumb/v7e-m+fp/hard\libc_nano.a(lib_a-memcmp.o)
                              ./Core/Src/u_strings.o (memcmp)
c:/st/stm32cubeide_1.9.0/stm32cubeide/plugins/com.st.stm32cube.ide.mcu.externaltools.gnu-tools-for-stm32.10.3-2021.10.win32_1.0.0.202111181127/tools/bin/../lib/gcc/arm-none-eabi/10.3.1/../../../../arm-none-eabi/lib/thumb/v7e-m+fp/hard\libc_nano.a(lib_a-memcpy-stub.o)
                              ./Core/Src/apps/app_sensorboard.o (memcpy)
[...]
Memory Configuration

Name             Origin             Length             Attributes
CCMRAM           0x0000000010000000 0x0000000000010000 xrw
RAM              0x0000000020000000 0x0000000000020000 xrw
FLASH            0x0000000008000000 0x0000000000080000 xr
*default*        0x0000000000000000 0xffffffffffffffff

Linker script and memory map

LOAD c:/st/stm32cubeide_1.9.0/stm32cubeide/plugins/com.st.stm32cube.ide.mcu.externaltools.gnu-tools-for-stm32.10.3-2021.10.win32_1.0.0.202111181127/tools/bin/../lib/gcc/arm-none-eabi/10.3.1/thumb/v7e-m+fp/hard/crti.o
LOAD c:/st/stm32cubeide_1.9.0/stm32cubeide/plugins/com.st.stm32cube.ide.mcu.externaltools.gnu-tools-for-stm32.10.3-2021.10.win32_1.0.0.202111181127/tools/bin/../lib/gcc/arm-none-eabi/10.3.1/thumb/v7e-m+fp/hard/crtbegin.o
LOAD c:/st/stm32cubeide_1.9.0/stm32cubeide/plugins/com.st.stm32cube.ide.mcu.externaltools.gnu-tools-for-stm32.10.3-2021.10.win32_1.0.0.202111181127/tools/bin/../lib/gcc/arm-none-eabi/10.3.1/../../../../arm-none-eabi/lib/thumb/v7e-m+fp/hard/crt0.o
LOAD ./Core/Src/apps/app_sensorboard.o
LOAD ./Core/Src/apps/apps_init.o
LOAD ./Core/Src/apps/msgs.o
LOAD ./Core/Src/before/dot_matrix1.o
LOAD ./Core/Src/before/dot_matrix2.o
LOAD ./Core/Src/before/led_control.o
LOAD ./Core/Src/freertos.o
LOAD ./Core/Src/main.o
LOAD ./Core/Src/stm32f4xx_hal_msp.o
LOAD ./Core/Src/stm32f4xx_hal_timebase_tim.o
LOAD ./Core/Src/stm32f4xx_it.o
LOAD ./Core/Src/syscalls.o
LOAD ./Core/Src/sysmem.o
LOAD ./Core/Src/system_stm32f4xx.o
LOAD ./Core/Src/u_bsp_driver.o
LOAD ./Core/Src/u_strings.o
LOAD ./Core/Src/u_timer.o
LOAD ./Core/Src/peripheral/interface_board.o
LOAD ./Core/Src/peripheral/uart_test.o
LOAD ./Core/Src/peripheral/ultrasonic_HG_C40U.o
LOAD ./Core/Startup/startup_stm32f407vetx.o
LOAD ./Drivers/STM32F4xx_HAL_Driver/Src/stm32f4xx_hal.o
LOAD ./Drivers/STM32F4xx_HAL_Driver/Src/stm32f4xx_hal_cortex.o
LOAD ./Drivers/STM32F4xx_HAL_Driver/Src/stm32f4xx_hal_dma.o
LOAD ./Drivers/STM32F4xx_HAL_Driver/Src/stm32f4xx_hal_dma_ex.o
LOAD ./Drivers/STM32F4xx_HAL_Driver/Src/stm32f4xx_hal_exti.o
LOAD ./Drivers/STM32F4xx_HAL_Driver/Src/stm32f4xx_hal_flash.o
LOAD ./Drivers/STM32F4xx_HAL_Driver/Src/stm32f4xx_hal_flash_ex.o
LOAD ./Drivers/STM32F4xx_HAL_Driver/Src/stm32f4xx_hal_flash_ramfunc.o
LOAD ./Drivers/STM32F4xx_HAL_Driver/Src/stm32f4xx_hal_gpio.o
LOAD ./Drivers/STM32F4xx_HAL_Driver/Src/stm32f4xx_hal_pwr.o
LOAD ./Drivers/STM32F4xx_HAL_Driver/Src/stm32f4xx_hal_pwr_ex.o
LOAD ./Drivers/STM32F4xx_HAL_Driver/Src/stm32f4xx_hal_rcc.o
LOAD ./Drivers/STM32F4xx_HAL_Driver/Src/stm32f4xx_hal_rcc_ex.o
LOAD ./Drivers/STM32F4xx_HAL_Driver/Src/stm32f4xx_hal_spi.o
LOAD ./Drivers/STM32F4xx_HAL_Driver/Src/stm32f4xx_hal_tim.o
LOAD ./Drivers/STM32F4xx_HAL_Driver/Src/stm32f4xx_hal_tim_ex.o
LOAD ./Drivers/STM32F4xx_HAL_Driver/Src/stm32f4xx_hal_uart.o
LOAD ./Middlewares/Third_Party/FreeRTOS/Source/CMSIS_RTOS_V2/cmsis_os2.o
LOAD ./Middlewares/Third_Party/FreeRTOS/Source/croutine.o
LOAD ./Middlewares/Third_Party/FreeRTOS/Source/event_groups.o
LOAD ./Middlewares/Third_Party/FreeRTOS/Source/list.o
LOAD ./Middlewares/Third_Party/FreeRTOS/Source/queue.o
LOAD ./Middlewares/Third_Party/FreeRTOS/Source/stream_buffer.o
LOAD ./Middlewares/Third_Party/FreeRTOS/Source/tasks.o
LOAD ./Middlewares/Third_Party/FreeRTOS/Source/timers.o
LOAD ./Middlewares/Third_Party/FreeRTOS/Source/portable/GCC/ARM_CM4F/port.o
LOAD ./Middlewares/Third_Party/FreeRTOS/Source/portable/MemMang/heap_4.o
START GROUP
LOAD c:/st/stm32cubeide_1.9.0/stm32cubeide/plugins/com.st.stm32cube.ide.mcu.externaltools.gnu-tools-for-stm32.10.3-2021.10.win32_1.0.0.202111181127/tools/bin/../lib/gcc/arm-none-eabi/10.3.1/../../../../arm-none-eabi/lib/thumb/v7e-m+fp/hard\libc_nano.a
LOAD c:/st/stm32cubeide_1.9.0/stm32cubeide/plugins/com.st.stm32cube.ide.mcu.externaltools.gnu-tools-for-stm32.10.3-2021.10.win32_1.0.0.202111181127/tools/bin/../lib/gcc/arm-none-eabi/10.3.1/../../../../arm-none-eabi/lib/thumb/v7e-m+fp/hard\libm.a
END GROUP
START GROUP
LOAD c:/st/stm32cubeide_1.9.0/stm32cubeide/plugins/com.st.stm32cube.ide.mcu.externaltools.gnu-tools-for-stm32.10.3-2021.10.win32_1.0.0.202111181127/tools/bin/../lib/gcc/arm-none-eabi/10.3.1/thumb/v7e-m+fp/hard\libgcc.a
LOAD c:/st/stm32cubeide_1.9.0/stm32cubeide/plugins/com.st.stm32cube.ide.mcu.externaltools.gnu-tools-for-stm32.10.3-2021.10.win32_1.0.0.202111181127/tools/bin/../lib/gcc/arm-none-eabi/10.3.1/../../../../arm-none-eabi/lib/thumb/v7e-m+fp/hard\libc_nano.a
END GROUP
START GROUP
LOAD c:/st/stm32cubeide_1.9.0/stm32cubeide/plugins/com.st.stm32cube.ide.mcu.externaltools.gnu-tools-for-stm32.10.3-2021.10.win32_1.0.0.202111181127/tools/bin/../lib/gcc/arm-none-eabi/10.3.1/thumb/v7e-m+fp/hard\libgcc.a
LOAD c:/st/stm32cubeide_1.9.0/stm32cubeide/plugins/com.st.stm32cube.ide.mcu.externaltools.gnu-tools-for-stm32.10.3-2021.10.win32_1.0.0.202111181127/tools/bin/../lib/gcc/arm-none-eabi/10.3.1/../../../../arm-none-eabi/lib/thumb/v7e-m+fp/hard\libc_nano.a
LOAD c:/st/stm32cubeide_1.9.0/stm32cubeide/plugins/com.st.stm32cube.ide.mcu.externaltools.gnu-tools-for-stm32.10.3-2021.10.win32_1.0.0.202111181127/tools/bin/../lib/gcc/arm-none-eabi/10.3.1/../../../../arm-none-eabi/lib/thumb/v7e-m+fp/hard\libnosys.a
END GROUP
START GROUP
LOAD c:/st/stm32cubeide_1.9.0/stm32cubeide/plugins/com.st.stm32cube.ide.mcu.externaltools.gnu-tools-for-stm32.10.3-2021.10.win32_1.0.0.202111181127/tools/bin/../lib/gcc/arm-none-eabi/10.3.1/thumb/v7e-m+fp/hard\libgcc.a
LOAD c:/st/stm32cubeide_1.9.0/stm32cubeide/plugins/com.st.stm32cube.ide.mcu.externaltools.gnu-tools-for-stm32.10.3-2021.10.win32_1.0.0.202111181127/tools/bin/../lib/gcc/arm-none-eabi/10.3.1/../../../../arm-none-eabi/lib/thumb/v7e-m+fp/hard\libc_nano.a
LOAD c:/st/stm32cubeide_1.9.0/stm32cubeide/plugins/com.st.stm32cube.ide.mcu.externaltools.gnu-tools-for-stm32.10.3-2021.10.win32_1.0.0.202111181127/tools/bin/../lib/gcc/arm-none-eabi/10.3.1/../../../../arm-none-eabi/lib/thumb/v7e-m+fp/hard\libnosys.a
END GROUP
LOAD c:/st/stm32cubeide_1.9.0/stm32cubeide/plugins/com.st.stm32cube.ide.mcu.externaltools.gnu-tools-for-stm32.10.3-2021.10.win32_1.0.0.202111181127/tools/bin/../lib/gcc/arm-none-eabi/10.3.1/thumb/v7e-m+fp/hard/crtend.o
LOAD c:/st/stm32cubeide_1.9.0/stm32cubeide/plugins/com.st.stm32cube.ide.mcu.externaltools.gnu-tools-for-stm32.10.3-2021.10.win32_1.0.0.202111181127/tools/bin/../lib/gcc/arm-none-eabi/10.3.1/thumb/v7e-m+fp/hard/crtn.o
                0x0000000020020000                _estack = (ORIGIN (RAM) + LENGTH (RAM))
                0x0000000000000200                _Min_Heap_Size = 0x200
                0x0000000000000400                _Min_Stack_Size = 0x400

.isr_vector     0x0000000008000000      0x188
                0x0000000008000000                . = ALIGN (0x4)
 *(.isr_vector)
 .isr_vector    0x0000000008000000      0x188 ./Core/Startup/startup_stm32f407vetx.o
                0x0000000008000000                g_pfnVectors
                0x0000000008000188                . = ALIGN (0x4)

.text           0x0000000008000190     0x9f7c
                0x0000000008000190                . = ALIGN (0x4)
 *(.text)
 .text          0x0000000008000190       0x40 c:/st/stm32cubeide_1.9.0/stm32cubeide/plugins/com.st.stm32cube.ide.mcu.externaltools.gnu-tools-for-stm32.10.3-2021.10.win32_1.0.0.202111181127/tools/bin/../lib/gcc/arm-none-eabi/10.3.1/thumb/v7e-m+fp/hard/crtbegin.o
 .text          0x00000000080001d0       0xa0 c:/st/stm32cubeide_1.9.0/stm32cubeide/plugins/com.st.stm32cube.ide.mcu.externaltools.gnu-tools-for-stm32.10.3-2021.10.win32_1.0.0.202111181127/tools/bin/../lib/gcc/arm-none-eabi/10.3.1/../../../../arm-none-eabi/lib/thumb/v7e-m+fp/hard\libc_nano.a(lib_a-memchr.o)
                0x00000000080001d0                memchr
 .text          0x0000000008000270      0x254 c:/st/stm32cubeide_1.9.0/stm32cubeide/plugins/com.st.stm32cube.ide.mcu.externaltools.gnu-tools-for-stm32.10.3-2021.10.win32_1.0.0.202111181127/tools/bin/../lib/gcc/arm-none-eabi/10.3.1/thumb/v7e-m+fp/hard\libgcc.a(_arm_muldf3.o)
                0x0000000008000270                __muldf3
                0x0000000008000270                __aeabi_dmul
 .text          0x00000000080004c4      0x378 c:/st/stm32cubeide_1.9.0/stm32cubeide/plugins/com.st.stm32cube.ide.mcu.externaltools.gnu-tools-for-stm32.10.3-2021.10.win32_1.0.0.202111181127/tools/bin/../lib/gcc/arm-none-eabi/10.3.1/thumb/v7e-m+fp/hard\libgcc.a(_arm_addsubdf3.o)
                0x00000000080004c4                __aeabi_drsub
                0x00000000080004cc                __aeabi_dsub
                0x00000000080004cc                __subdf3
                0x00000000080004d0                __aeabi_dadd
                0x00000000080004d0                __adddf3
                0x0000000008000748                __floatunsidf
                0x0000000008000748                __aeabi_ui2d
                0x0000000008000768                __floatsidf
                0x0000000008000768                __aeabi_i2d
                0x000000000800078c                __aeabi_f2d
                0x000000000800078c                __extendsfdf2
                0x00000000080007d0                __floatundidf
                0x00000000080007d0                __aeabi_ul2d
                0x00000000080007e0                __floatdidf
                0x00000000080007e0                __aeabi_l2d
 .text          0x000000000800083c       0x40 c:/st/stm32cubeide_1.9.0/stm32cubeide/plugins/com.st.stm32cube.ide.mcu.externaltools.gnu-tools-for-stm32.10.3-2021.10.win32_1.0.0.202111181127/tools/bin/../lib/gcc/arm-none-eabi/10.3.1/thumb/v7e-m+fp/hard\libgcc.a(_arm_fixunsdfsi.o)
                0x000000000800083c                __aeabi_d2uiz
                0x000000000800083c                __fixunsdfsi
 .text          0x000000000800087c       0x30 c:/st/stm32cubeide_1.9.0/stm32cubeide/plugins/com.st.stm32cube.ide.mcu.externaltools.gnu-tools-for-stm32.10.3-2021.10.win32_1.0.0.202111181127/tools/bin/../lib/gcc/arm-none-eabi/10.3.1/thumb/v7e-m+fp/hard\libgcc.a(_aeabi_uldivmod.o)
                0x000000000800087c                __aeabi_uldivmod
 .text          0x00000000080008ac      0x2d0 c:/st/stm32cubeide_1.9.0/stm32cubeide/plugins/com.st.stm32cube.ide.mcu.externaltools.gnu-tools-for-stm32.10.3-2021.10.win32_1.0.0.202111181127/tools/bin/../lib/gcc/arm-none-eabi/10.3.1/thumb/v7e-m+fp/hard\libgcc.a(_udivmoddi4.o)
                0x00000000080008ac                __udivmoddi4
 .text          0x0000000008000b7c        0x4 c:/st/stm32cubeide_1.9.0/stm32cubeide/plugins/com.st.stm32cube.ide.mcu.externaltools.gnu-tools-for-stm32.10.3-2021.10.win32_1.0.0.202111181127/tools/bin/../lib/gcc/arm-none-eabi/10.3.1/thumb/v7e-m+fp/hard\libgcc.a(_dvmd_tls.o)
                0x0000000008000b7c                __aeabi_idiv0
                0x0000000008000b7c                __aeabi_ldiv0
 *(.text*)
 .text.apps_process_task
                0x0000000008000b80       0x98 ./Core/Src/apps/app_sensorboard.o
                0x0000000008000b80                apps_process_task
 .text.apps_init_app
                0x0000000008000c18       0x30 ./Core/Src/apps/app_sensorboard.o
                0x0000000008000c18                apps_init_app
 .text.apps_start_app
                0x0000000008000c48       0x44 ./Core/Src/apps/app_sensorboard.o
                0x0000000008000c48                apps_start_app
 .text.apps_on_msg_app
                0x0000000008000c8c       0x48 ./Core/Src/apps/app_sensorboard.o
                0x0000000008000c8c                apps_on_msg_app
 .text.apps_timer_100ms
                0x0000000008000cd4       0x3c ./Core/Src/apps/app_sensorboard.o
 .text.apps_timer_1s
                0x0000000008000d10       0x18 ./Core/Src/apps/app_sensorboard.o
 .text.apps_timer_1min
                0x0000000008000d28       0x18 ./Core/Src/apps/app_sensorboard.o
 .text.init_apps_init_app
                0x0000000008000d40       0x18 ./Core/Src/apps/apps_init.o
                0x0000000008000d40                init_apps_init_app
 .text.default_global_volatile
                0x0000000008000d58       0x30 ./Core/Src/apps/apps_init.o
 .text.start    0x0000000008000d88       0xb4 ./Core/Src/apps/apps_init.o
 .text.stop     0x0000000008000e3c        0xe ./Core/Src/apps/apps_init.o
 .text.on_msg   0x0000000008000e4a       0x2c ./Core/Src/apps/apps_init.o
 *fill*         0x0000000008000e76        0x2 
 .text.msgs_get_msg
                0x0000000008000e78       0x9c ./Core/Src/apps/msgs.o
                0x0000000008000e78                msgs_get_msg
 .text.LED_PWM_init
                0x0000000008000f14       0x58 ./Core/Src/before/led_control.o
                0x0000000008000f14                LED_PWM_init
 .text.Belt_Rotate_Init
                0x0000000008000f6c       0xa0 ./Core/Src/before/led_control.o
                0x0000000008000f6c                Belt_Rotate_Init
 .text.Ring_Rotate_Init
                0x000000000800100c       0xa4 ./Core/Src/before/led_control.o
                0x000000000800100c                Ring_Rotate_Init
 .text.FrontLight_SetPWM
                0x00000000080010b0       0x24 ./Core/Src/before/led_control.o
                0x00000000080010b0                FrontLight_SetPWM
 .text.FrontLight_Enable
                0x00000000080010d4       0x30 ./Core/Src/before/led_control.o
                0x00000000080010d4                FrontLight_Enable
 .text._write   0x0000000008001104       0x38 ./Core/Src/main.o
                0x0000000008001104                _write
 .text.HAL_TIM_PWM_PulseFinishedCallback
                0x000000000800113c       0x84 ./Core/Src/main.o
                0x000000000800113c                HAL_TIM_PWM_PulseFinishedCallback
 .text.main     0x00000000080011c0      0x160 ./Core/Src/main.o
                0x00000000080011c0                main
 .text.SystemClock_Config
                0x0000000008001320       0xd4 ./Core/Src/main.o
                0x0000000008001320                SystemClock_Config
 .text.MX_SPI1_Init
                0x00000000080013f4       0x6c ./Core/Src/main.o
 .text.MX_TIM1_Init
                0x0000000008001460      0x134 ./Core/Src/main.o
 .text.MX_TIM4_Init
                0x0000000008001594       0xb4 ./Core/Src/main.o
 .text.MX_TIM13_Init
                0x0000000008001648       0x48 ./Core/Src/main.o
 .text.MX_UART4_Init
                0x0000000008001690       0x54 ./Core/Src/main.o
 .text.MX_USART2_UART_Init
                0x00000000080016e4       0x54 ./Core/Src/main.o
 .text.MX_USART3_UART_Init
                0x0000000008001738       0x54 ./Core/Src/main.o
 .text.MX_USART6_UART_Init
                0x000000000800178c       0x54 ./Core/Src/main.o
 .text.MX_DMA_Init
                0x00000000080017e0       0x60 ./Core/Src/main.o
 .text.MX_GPIO_Init
                0x0000000008001840      0x13c ./Core/Src/main.o
 .text.HAL_TIM_PeriodElapsedCallback
                0x000000000800197c       0x3c ./Core/Src/main.o
                0x000000000800197c                HAL_TIM_PeriodElapsedCallback
 .text.Error_Handler
                0x00000000080019b8        0xa ./Core/Src/main.o
                0x00000000080019b8                Error_Handler
 *fill*         0x00000000080019c2        0x2 
 .text.HAL_MspInit
                0x00000000080019c4       0x58 ./Core/Src/stm32f4xx_hal_msp.o
                0x00000000080019c4                HAL_MspInit
 .text.HAL_SPI_MspInit
                0x0000000008001a1c       0x90 ./Core/Src/stm32f4xx_hal_msp.o
                0x0000000008001a1c                HAL_SPI_MspInit
 .text.HAL_TIM_PWM_MspInit
                0x0000000008001aac      0x1a4 ./Core/Src/stm32f4xx_hal_msp.o
                0x0000000008001aac                HAL_TIM_PWM_MspInit
 .text.HAL_TIM_Base_MspInit
                0x0000000008001c50       0x50 ./Core/Src/stm32f4xx_hal_msp.o
                0x0000000008001c50                HAL_TIM_Base_MspInit
 .text.HAL_TIM_MspPostInit
                0x0000000008001ca0       0xc8 ./Core/Src/stm32f4xx_hal_msp.o
                0x0000000008001ca0                HAL_TIM_MspPostInit
 .text.HAL_UART_MspInit
                0x0000000008001d68      0x250 ./Core/Src/stm32f4xx_hal_msp.o
                0x0000000008001d68                HAL_UART_MspInit
 .text.HAL_InitTick
                0x0000000008001fb8       0xb4 ./Core/Src/stm32f4xx_hal_timebase_tim.o
                0x0000000008001fb8                HAL_InitTick
 .text.NMI_Handler
                0x000000000800206c        0x6 ./Core/Src/stm32f4xx_it.o
                0x000000000800206c                NMI_Handler
 .text.HardFault_Handler
                0x0000000008002072        0x6 ./Core/Src/stm32f4xx_it.o
                0x0000000008002072                HardFault_Handler
 .text.MemManage_Handler
                0x0000000008002078        0x6 ./Core/Src/stm32f4xx_it.o
                0x0000000008002078                MemManage_Handler
 .text.BusFault_Handler
                0x000000000800207e        0x6 ./Core/Src/stm32f4xx_it.o
                0x000000000800207e                BusFault_Handler
 .text.UsageFault_Handler
                0x0000000008002084        0x6 ./Core/Src/stm32f4xx_it.o
                0x0000000008002084                UsageFault_Handler
 .text.DebugMon_Handler
                0x000000000800208a        0xe ./Core/Src/stm32f4xx_it.o
                0x000000000800208a                DebugMon_Handler
 .text.USART2_IRQHandler
                0x0000000008002098       0xb4 ./Core/Src/stm32f4xx_it.o
                0x0000000008002098                USART2_IRQHandler
 .text.USART3_IRQHandler
                0x000000000800214c       0xb4 ./Core/Src/stm32f4xx_it.o
                0x000000000800214c                USART3_IRQHandler
 .text.TIM8_UP_TIM13_IRQHandler
                0x0000000008002200       0x14 ./Core/Src/stm32f4xx_it.o
                0x0000000008002200                TIM8_UP_TIM13_IRQHandler
 .text.UART4_IRQHandler
                0x0000000008002214       0xb4 ./Core/Src/stm32f4xx_it.o
                0x0000000008002214                UART4_IRQHandler
 .text.TIM7_IRQHandler
                0x00000000080022c8       0x14 ./Core/Src/stm32f4xx_it.o
                0x00000000080022c8                TIM7_IRQHandler
 .text.DMA2_Stream2_IRQHandler
                0x00000000080022dc       0x14 ./Core/Src/stm32f4xx_it.o
                0x00000000080022dc                DMA2_Stream2_IRQHandler
 .text.DMA2_Stream3_IRQHandler
                0x00000000080022f0       0x14 ./Core/Src/stm32f4xx_it.o
                0x00000000080022f0                DMA2_Stream3_IRQHandler
 .text.DMA2_Stream6_IRQHandler
                0x0000000008002304       0x14 ./Core/Src/stm32f4xx_it.o
                0x0000000008002304                DMA2_Stream6_IRQHandler
 .text.USART6_IRQHandler
                0x0000000008002318       0xc8 ./Core/Src/stm32f4xx_it.o
                0x0000000008002318                USART6_IRQHandler
 .text._read    0x00000000080023e0       0x3a ./Core/Src/syscalls.o
                0x00000000080023e0                _read
 .text._close   0x000000000800241a       0x18 ./Core/Src/syscalls.o
                0x000000000800241a                _close
 .text._fstat   0x0000000008002432       0x20 ./Core/Src/syscalls.o
                0x0000000008002432                _fstat
 .text._isatty  0x0000000008002452       0x16 ./Core/Src/syscalls.o
                0x0000000008002452                _isatty
 .text._lseek   0x0000000008002468       0x1a ./Core/Src/syscalls.o
                0x0000000008002468                _lseek
 *fill*         0x0000000008002482        0x2 
 .text._sbrk    0x0000000008002484       0x6c ./Core/Src/sysmem.o
                0x0000000008002484                _sbrk
 .text.SystemInit
                0x00000000080024f0       0x24 ./Core/Src/system_stm32f4xx.o
                0x00000000080024f0                SystemInit
 .text.Uart_Init_Custom
                0x0000000008002514       0x24 ./Core/Src/u_bsp_driver.o
                0x0000000008002514                Uart_Init_Custom
 .text.timers_init
                0x0000000008002538       0x14 ./Core/Src/u_timer.o
                0x0000000008002538                timers_init
 .text.timers_register_timer
                0x000000000800254c       0x80 ./Core/Src/u_timer.o
                0x000000000800254c                timers_register_timer
 .text.timers_tick_timer
                0x00000000080025cc       0x68 ./Core/Src/u_timer.o
                0x00000000080025cc                timers_tick_timer
 .text.apps_timer_task
                0x0000000008002634       0xa0 ./Core/Src/u_timer.o
                0x0000000008002634                apps_timer_task
 .text.timers_process_tick_interrupt_timer
                0x00000000080026d4       0xcc ./Core/Src/u_timer.o
                0x00000000080026d4                timers_process_tick_interrupt_timer
 .text.init_p_interfaceboard
                0x00000000080027a0       0x20 ./Core/Src/peripheral/interface_board.o
                0x00000000080027a0                init_p_interfaceboard
 .text.B2BChksumMake
                0x00000000080027c0       0x4c ./Core/Src/peripheral/interface_board.o
                0x00000000080027c0                B2BChksumMake
 .text.p_interfaceBD_task
                0x000000000800280c      0x120 ./Core/Src/peripheral/interface_board.o
                0x000000000800280c                p_interfaceBD_task
 .text.init_p_uart_test
                0x000000000800292c       0x20 ./Core/Src/peripheral/uart_test.o
                0x000000000800292c                init_p_uart_test
 *fill*         0x000000000800294c        0x4 
 .text.p_uart_test_task
                0x0000000008002950      0x160 ./Core/Src/peripheral/uart_test.o
                0x0000000008002950                p_uart_test_task
 .text.init_ultrasonic_hg_c40u
                0x0000000008002ab0       0xdc ./Core/Src/peripheral/ultrasonic_HG_C40U.o
                0x0000000008002ab0                init_ultrasonic_hg_c40u
 .text.p_ultrasonic_task
                0x0000000008002b8c      0x3e4 ./Core/Src/peripheral/ultrasonic_HG_C40U.o
                0x0000000008002b8c                p_ultrasonic_task
 .text.Reset_Handler
                0x0000000008002f70       0x50 ./Core/Startup/startup_stm32f407vetx.o
                0x0000000008002f70                Reset_Handler
 .text.Default_Handler
                0x0000000008002fc0        0x2 ./Core/Startup/startup_stm32f407vetx.o
                0x0000000008002fc0                RTC_Alarm_IRQHandler
                0x0000000008002fc0                HASH_RNG_IRQHandler
                0x0000000008002fc0                EXTI2_IRQHandler
                0x0000000008002fc0                TIM8_CC_IRQHandler
                0x0000000008002fc0                TIM1_CC_IRQHandler
                0x0000000008002fc0                DMA2_Stream5_IRQHandler
                0x0000000008002fc0                DMA1_Stream5_IRQHandler
                0x0000000008002fc0                PVD_IRQHandler
                0x0000000008002fc0                SDIO_IRQHandler
                0x0000000008002fc0                TAMP_STAMP_IRQHandler
                0x0000000008002fc0                CAN2_RX1_IRQHandler
                0x0000000008002fc0                EXTI3_IRQHandler
                0x0000000008002fc0                TIM8_TRG_COM_TIM14_IRQHandler
                0x0000000008002fc0                TIM1_UP_TIM10_IRQHandler
                0x0000000008002fc0                I2C3_ER_IRQHandler
                0x0000000008002fc0                EXTI0_IRQHandler
                0x0000000008002fc0                I2C2_EV_IRQHandler
                0x0000000008002fc0                DMA1_Stream2_IRQHandler
                0x0000000008002fc0                CAN1_RX0_IRQHandler
                0x0000000008002fc0                FPU_IRQHandler
                0x0000000008002fc0                OTG_HS_WKUP_IRQHandler
                0x0000000008002fc0                CAN2_SCE_IRQHandler
                0x0000000008002fc0                SPI1_IRQHandler
                0x0000000008002fc0                TIM6_DAC_IRQHandler
                0x0000000008002fc0                TIM1_BRK_TIM9_IRQHandler
                0x0000000008002fc0                DCMI_IRQHandler
                0x0000000008002fc0                CAN2_RX0_IRQHandler
                0x0000000008002fc0                CAN1_RX1_IRQHandler
                0x0000000008002fc0                UART5_IRQHandler
                0x0000000008002fc0                DMA2_Stream0_IRQHandler
                0x0000000008002fc0                TIM4_IRQHandler
                0x0000000008002fc0                I2C1_EV_IRQHandler
                0x0000000008002fc0                DMA1_Stream6_IRQHandler
                0x0000000008002fc0                DMA1_Stream1_IRQHandler
                0x0000000008002fc0                TIM3_IRQHandler
                0x0000000008002fc0                RCC_IRQHandler
                0x0000000008002fc0                TIM8_BRK_TIM12_IRQHandler
                0x0000000008002fc0                Default_Handler
                0x0000000008002fc0                EXTI15_10_IRQHandler
                0x0000000008002fc0                ADC_IRQHandler
                0x0000000008002fc0                DMA1_Stream7_IRQHandler
                0x0000000008002fc0                CAN2_TX_IRQHandler
                0x0000000008002fc0                TIM5_IRQHandler
                0x0000000008002fc0                DMA2_Stream7_IRQHandler
                0x0000000008002fc0                I2C3_EV_IRQHandler
                0x0000000008002fc0                EXTI9_5_IRQHandler
                0x0000000008002fc0                RTC_WKUP_IRQHandler
                0x0000000008002fc0                ETH_WKUP_IRQHandler
                0x0000000008002fc0                SPI2_IRQHandler
                0x0000000008002fc0                OTG_HS_EP1_IN_IRQHandler
                0x0000000008002fc0                DMA1_Stream0_IRQHandler
                0x0000000008002fc0                CAN1_TX_IRQHandler
                0x0000000008002fc0                EXTI4_IRQHandler
                0x0000000008002fc0                FSMC_IRQHandler
                0x0000000008002fc0                ETH_IRQHandler
                0x0000000008002fc0                OTG_HS_EP1_OUT_IRQHandler
                0x0000000008002fc0                WWDG_IRQHandler
                0x0000000008002fc0                TIM2_IRQHandler
                0x0000000008002fc0                OTG_FS_WKUP_IRQHandler
                0x0000000008002fc0                TIM1_TRG_COM_TIM11_IRQHandler
                0x0000000008002fc0                OTG_HS_IRQHandler
                0x0000000008002fc0                EXTI1_IRQHandler
                0x0000000008002fc0                I2C2_ER_IRQHandler
                0x0000000008002fc0                DMA2_Stream1_IRQHandler
                0x0000000008002fc0                CAN1_SCE_IRQHandler
                0x0000000008002fc0                FLASH_IRQHandler
                0x0000000008002fc0                DMA2_Stream4_IRQHandler
                0x0000000008002fc0                USART1_IRQHandler
                0x0000000008002fc0                OTG_FS_IRQHandler
                0x0000000008002fc0                SPI3_IRQHandler
                0x0000000008002fc0                DMA1_Stream4_IRQHandler
                0x0000000008002fc0                I2C1_ER_IRQHandler
                0x0000000008002fc0                DMA1_Stream3_IRQHandler
 *fill*         0x0000000008002fc2        0x2 
 .text.HAL_Init
                0x0000000008002fc4       0x44 ./Drivers/STM32F4xx_HAL_Driver/Src/stm32f4xx_hal.o
                0x0000000008002fc4                HAL_Init
 .text.HAL_IncTick
                0x0000000008003008       0x28 ./Drivers/STM32F4xx_HAL_Driver/Src/stm32f4xx_hal.o
                0x0000000008003008                HAL_IncTick
 .text.HAL_GetTick
                0x0000000008003030       0x18 ./Drivers/STM32F4xx_HAL_Driver/Src/stm32f4xx_hal.o
                0x0000000008003030                HAL_GetTick
 .text.__NVIC_SetPriorityGrouping
                0x0000000008003048       0x48 ./Drivers/STM32F4xx_HAL_Driver/Src/stm32f4xx_hal_cortex.o
 .text.__NVIC_GetPriorityGrouping
                0x0000000008003090       0x1c ./Drivers/STM32F4xx_HAL_Driver/Src/stm32f4xx_hal_cortex.o
 .text.__NVIC_EnableIRQ
                0x00000000080030ac       0x3c ./Drivers/STM32F4xx_HAL_Driver/Src/stm32f4xx_hal_cortex.o
 .text.__NVIC_SetPriority
                0x00000000080030e8       0x54 ./Drivers/STM32F4xx_HAL_Driver/Src/stm32f4xx_hal_cortex.o
 .text.NVIC_EncodePriority
                0x000000000800313c       0x66 ./Drivers/STM32F4xx_HAL_Driver/Src/stm32f4xx_hal_cortex.o
 .text.HAL_NVIC_SetPriorityGrouping
                0x00000000080031a2       0x16 ./Drivers/STM32F4xx_HAL_Driver/Src/stm32f4xx_hal_cortex.o
                0x00000000080031a2                HAL_NVIC_SetPriorityGrouping
 .text.HAL_NVIC_SetPriority
                0x00000000080031b8       0x38 ./Drivers/STM32F4xx_HAL_Driver/Src/stm32f4xx_hal_cortex.o
                0x00000000080031b8                HAL_NVIC_SetPriority
 .text.HAL_NVIC_EnableIRQ
                0x00000000080031f0       0x1c ./Drivers/STM32F4xx_HAL_Driver/Src/stm32f4xx_hal_cortex.o
                0x00000000080031f0                HAL_NVIC_EnableIRQ
 .text.HAL_DMA_Init
                0x000000000800320c      0x15c ./Drivers/STM32F4xx_HAL_Driver/Src/stm32f4xx_hal_dma.o
                0x000000000800320c                HAL_DMA_Init
 .text.HAL_DMA_Abort_IT
                0x0000000008003368       0x44 ./Drivers/STM32F4xx_HAL_Driver/Src/stm32f4xx_hal_dma.o
                0x0000000008003368                HAL_DMA_Abort_IT
 .text.HAL_DMA_IRQHandler
                0x00000000080033ac      0x314 ./Drivers/STM32F4xx_HAL_Driver/Src/stm32f4xx_hal_dma.o
                0x00000000080033ac                HAL_DMA_IRQHandler
 .text.DMA_CalcBaseAndBitshift
                0x00000000080036c0       0x6c ./Drivers/STM32F4xx_HAL_Driver/Src/stm32f4xx_hal_dma.o
 .text.DMA_CheckFifoParam
                0x000000000800372c       0xf8 ./Drivers/STM32F4xx_HAL_Driver/Src/stm32f4xx_hal_dma.o
 .text.HAL_GPIO_Init
                0x0000000008003824      0x338 ./Drivers/STM32F4xx_HAL_Driver/Src/stm32f4xx_hal_gpio.o
                0x0000000008003824                HAL_GPIO_Init
 .text.HAL_GPIO_WritePin
                0x0000000008003b5c       0x32 ./Drivers/STM32F4xx_HAL_Driver/Src/stm32f4xx_hal_gpio.o
                0x0000000008003b5c                HAL_GPIO_WritePin
 *fill*         0x0000000008003b8e        0x2 
 .text.HAL_RCC_OscConfig
                0x0000000008003b90      0x4f0 ./Drivers/STM32F4xx_HAL_Driver/Src/stm32f4xx_hal_rcc.o
                0x0000000008003b90                HAL_RCC_OscConfig
 .text.HAL_RCC_ClockConfig
                0x0000000008004080      0x1cc ./Drivers/STM32F4xx_HAL_Driver/Src/stm32f4xx_hal_rcc.o
                0x0000000008004080                HAL_RCC_ClockConfig
 .text.HAL_RCC_GetSysClockFreq
                0x000000000800424c      0x20c ./Drivers/STM32F4xx_HAL_Driver/Src/stm32f4xx_hal_rcc.o
                0x000000000800424c                HAL_RCC_GetSysClockFreq
 .text.HAL_RCC_GetHCLKFreq
                0x0000000008004458       0x18 ./Drivers/STM32F4xx_HAL_Driver/Src/stm32f4xx_hal_rcc.o
                0x0000000008004458                HAL_RCC_GetHCLKFreq
 .text.HAL_RCC_GetPCLK1Freq
                0x0000000008004470       0x28 ./Drivers/STM32F4xx_HAL_Driver/Src/stm32f4xx_hal_rcc.o
                0x0000000008004470                HAL_RCC_GetPCLK1Freq
 .text.HAL_RCC_GetPCLK2Freq
                0x0000000008004498       0x28 ./Drivers/STM32F4xx_HAL_Driver/Src/stm32f4xx_hal_rcc.o
                0x0000000008004498                HAL_RCC_GetPCLK2Freq
 .text.HAL_RCC_GetClockConfig
                0x00000000080044c0       0x64 ./Drivers/STM32F4xx_HAL_Driver/Src/stm32f4xx_hal_rcc.o
                0x00000000080044c0                HAL_RCC_GetClockConfig
 .text.HAL_SPI_Init
                0x0000000008004524      0x112 ./Drivers/STM32F4xx_HAL_Driver/Src/stm32f4xx_hal_spi.o
                0x0000000008004524                HAL_SPI_Init
 .text.HAL_TIM_Base_Init
                0x0000000008004636       0x9e ./Drivers/STM32F4xx_HAL_Driver/Src/stm32f4xx_hal_tim.o
                0x0000000008004636                HAL_TIM_Base_Init
 .text.HAL_TIM_Base_Start_IT
                0x00000000080046d4       0xe0 ./Drivers/STM32F4xx_HAL_Driver/Src/stm32f4xx_hal_tim.o
                0x00000000080046d4                HAL_TIM_Base_Start_IT
 .text.HAL_TIM_PWM_Init
                0x00000000080047b4       0x9e ./Drivers/STM32F4xx_HAL_Driver/Src/stm32f4xx_hal_tim.o
                0x00000000080047b4                HAL_TIM_PWM_Init
 *fill*         0x0000000008004852        0x2 
 .text.HAL_TIM_PWM_Start
                0x0000000008004854      0x190 ./Drivers/STM32F4xx_HAL_Driver/Src/stm32f4xx_hal_tim.o
                0x0000000008004854                HAL_TIM_PWM_Start
 .text.HAL_TIM_PWM_Stop
                0x00000000080049e4       0xe0 ./Drivers/STM32F4xx_HAL_Driver/Src/stm32f4xx_hal_tim.o
                0x00000000080049e4                HAL_TIM_PWM_Stop
 .text.HAL_TIM_PWM_Stop_DMA
                0x0000000008004ac4      0x1a4 ./Drivers/STM32F4xx_HAL_Driver/Src/stm32f4xx_hal_tim.o
                0x0000000008004ac4                HAL_TIM_PWM_Stop_DMA
 .text.HAL_TIM_IRQHandler
                0x0000000008004c68      0x210 ./Drivers/STM32F4xx_HAL_Driver/Src/stm32f4xx_hal_tim.o
                0x0000000008004c68                HAL_TIM_IRQHandler
 .text.HAL_TIM_PWM_ConfigChannel
                0x0000000008004e78      0x184 ./Drivers/STM32F4xx_HAL_Driver/Src/stm32f4xx_hal_tim.o
                0x0000000008004e78                HAL_TIM_PWM_ConfigChannel
 .text.HAL_TIM_OC_DelayElapsedCallback
                0x0000000008004ffc       0x14 ./Drivers/STM32F4xx_HAL_Driver/Src/stm32f4xx_hal_tim.o
                0x0000000008004ffc                HAL_TIM_OC_DelayElapsedCallback
 .text.HAL_TIM_IC_CaptureCallback
                0x0000000008005010       0x14 ./Drivers/STM32F4xx_HAL_Driver/Src/stm32f4xx_hal_tim.o
                0x0000000008005010                HAL_TIM_IC_CaptureCallback
 .text.HAL_TIM_TriggerCallback
                0x0000000008005024       0x14 ./Drivers/STM32F4xx_HAL_Driver/Src/stm32f4xx_hal_tim.o
                0x0000000008005024                HAL_TIM_TriggerCallback
 .text.TIM_Base_SetConfig
                0x0000000008005038      0x140 ./Drivers/STM32F4xx_HAL_Driver/Src/stm32f4xx_hal_tim.o
                0x0000000008005038                TIM_Base_SetConfig
 .text.TIM_OC1_SetConfig
                0x0000000008005178       0xe0 ./Drivers/STM32F4xx_HAL_Driver/Src/stm32f4xx_hal_tim.o
 .text.TIM_OC2_SetConfig
                0x0000000008005258       0xec ./Drivers/STM32F4xx_HAL_Driver/Src/stm32f4xx_hal_tim.o
                0x0000000008005258                TIM_OC2_SetConfig
 .text.TIM_OC3_SetConfig
                0x0000000008005344       0xe8 ./Drivers/STM32F4xx_HAL_Driver/Src/stm32f4xx_hal_tim.o
 .text.TIM_OC4_SetConfig
                0x000000000800542c       0xac ./Drivers/STM32F4xx_HAL_Driver/Src/stm32f4xx_hal_tim.o
 .text.TIM_CCxChannelCmd
                0x00000000080054d8       0x4a ./Drivers/STM32F4xx_HAL_Driver/Src/stm32f4xx_hal_tim.o
                0x00000000080054d8                TIM_CCxChannelCmd
 *fill*         0x0000000008005522        0x2 
 .text.HAL_TIMEx_MasterConfigSynchronization
                0x0000000008005524       0xf8 ./Drivers/STM32F4xx_HAL_Driver/Src/stm32f4xx_hal_tim_ex.o
                0x0000000008005524                HAL_TIMEx_MasterConfigSynchronization
 .text.HAL_TIMEx_ConfigBreakDeadTime
                0x000000000800561c       0xa4 ./Drivers/STM32F4xx_HAL_Driver/Src/stm32f4xx_hal_tim_ex.o
                0x000000000800561c                HAL_TIMEx_ConfigBreakDeadTime
 .text.HAL_TIMEx_CommutCallback
                0x00000000080056c0       0x14 ./Drivers/STM32F4xx_HAL_Driver/Src/stm32f4xx_hal_tim_ex.o
                0x00000000080056c0                HAL_TIMEx_CommutCallback
 .text.HAL_TIMEx_BreakCallback
                0x00000000080056d4       0x14 ./Drivers/STM32F4xx_HAL_Driver/Src/stm32f4xx_hal_tim_ex.o
                0x00000000080056d4                HAL_TIMEx_BreakCallback
 .text.HAL_UART_Init
                0x00000000080056e8       0x9a ./Drivers/STM32F4xx_HAL_Driver/Src/stm32f4xx_hal_uart.o
                0x00000000080056e8                HAL_UART_Init
 .text.HAL_UART_Transmit
                0x0000000008005782      0x124 ./Drivers/STM32F4xx_HAL_Driver/Src/stm32f4xx_hal_uart.o
                0x0000000008005782                HAL_UART_Transmit
 .text.UART_WaitOnFlagUntilTimeout
                0x00000000080058a6       0xdc ./Drivers/STM32F4xx_HAL_Driver/Src/stm32f4xx_hal_uart.o
 *fill*         0x0000000008005982        0x2 
 .text.UART_SetConfig
                0x0000000008005984      0x4e8 ./Drivers/STM32F4xx_HAL_Driver/Src/stm32f4xx_hal_uart.o
 .text.__NVIC_SetPriority
                0x0000000008005e6c       0x54 ./Middlewares/Third_Party/FreeRTOS/Source/CMSIS_RTOS_V2/cmsis_os2.o
 .text.SysTick_Handler
                0x0000000008005ec0       0x20 ./Middlewares/Third_Party/FreeRTOS/Source/CMSIS_RTOS_V2/cmsis_os2.o
                0x0000000008005ec0                SysTick_Handler
 .text.SVC_Setup
                0x0000000008005ee0       0x12 ./Middlewares/Third_Party/FreeRTOS/Source/CMSIS_RTOS_V2/cmsis_os2.o
 *fill*         0x0000000008005ef2        0x2 
 .text.osKernelInitialize
                0x0000000008005ef4       0x48 ./Middlewares/Third_Party/FreeRTOS/Source/CMSIS_RTOS_V2/cmsis_os2.o
                0x0000000008005ef4                osKernelInitialize
 .text.osKernelStart
                0x0000000008005f3c       0x4c ./Middlewares/Third_Party/FreeRTOS/Source/CMSIS_RTOS_V2/cmsis_os2.o
                0x0000000008005f3c                osKernelStart
 .text.osThreadNew
                0x0000000008005f88      0x124 ./Middlewares/Third_Party/FreeRTOS/Source/CMSIS_RTOS_V2/cmsis_os2.o
                0x0000000008005f88                osThreadNew
 .text.osThreadResume
                0x00000000080060ac       0x42 ./Middlewares/Third_Party/FreeRTOS/Source/CMSIS_RTOS_V2/cmsis_os2.o
                0x00000000080060ac                osThreadResume
 .text.osDelay  0x00000000080060ee       0x36 ./Middlewares/Third_Party/FreeRTOS/Source/CMSIS_RTOS_V2/cmsis_os2.o
                0x00000000080060ee                osDelay
 .text.osMessageQueueNew
                0x0000000008006124       0xe6 ./Middlewares/Third_Party/FreeRTOS/Source/CMSIS_RTOS_V2/cmsis_os2.o
                0x0000000008006124                osMessageQueueNew
 *fill*         0x000000000800620a        0x2 
 .text.osMessageQueuePut
                0x000000000800620c       0xc0 ./Middlewares/Third_Party/FreeRTOS/Source/CMSIS_RTOS_V2/cmsis_os2.o
                0x000000000800620c                osMessageQueuePut
 .text.osMessageQueueGet
                0x00000000080062cc       0xbc ./Middlewares/Third_Party/FreeRTOS/Source/CMSIS_RTOS_V2/cmsis_os2.o
                0x00000000080062cc                osMessageQueueGet
 .text.osMessageQueueReset
                0x0000000008006388       0x44 ./Middlewares/Third_Party/FreeRTOS/Source/CMSIS_RTOS_V2/cmsis_os2.o
                0x0000000008006388                osMessageQueueReset
 .text.vApplicationGetIdleTaskMemory
                0x00000000080063cc       0x34 ./Middlewares/Third_Party/FreeRTOS/Source/CMSIS_RTOS_V2/cmsis_os2.o
                0x00000000080063cc                vApplicationGetIdleTaskMemory
 .text.vApplicationGetTimerTaskMemory
                0x0000000008006400       0x34 ./Middlewares/Third_Party/FreeRTOS/Source/CMSIS_RTOS_V2/cmsis_os2.o
                0x0000000008006400                vApplicationGetTimerTaskMemory
 .text.vListInitialise
                0x0000000008006434       0x40 ./Middlewares/Third_Party/FreeRTOS/Source/list.o
                0x0000000008006434                vListInitialise
 .text.vListInitialiseItem
                0x0000000008006474       0x1a ./Middlewares/Third_Party/FreeRTOS/Source/list.o
                0x0000000008006474                vListInitialiseItem
 .text.vListInsertEnd
                0x000000000800648e       0x48 ./Middlewares/Third_Party/FreeRTOS/Source/list.o
                0x000000000800648e                vListInsertEnd
 .text.vListInsert
                0x00000000080064d6       0x72 ./Middlewares/Third_Party/FreeRTOS/Source/list.o
                0x00000000080064d6                vListInsert
 .text.uxListRemove
                0x0000000008006548       0x54 ./Middlewares/Third_Party/FreeRTOS/Source/list.o
                0x0000000008006548                uxListRemove
 .text.xQueueGenericReset
                0x000000000800659c       0xd0 ./Middlewares/Third_Party/FreeRTOS/Source/queue.o
                0x000000000800659c                xQueueGenericReset
 .text.xQueueGenericCreateStatic
                0x000000000800666c       0xf0 ./Middlewares/Third_Party/FreeRTOS/Source/queue.o
                0x000000000800666c                xQueueGenericCreateStatic
 .text.xQueueGenericCreate
                0x000000000800675c       0x74 ./Middlewares/Third_Party/FreeRTOS/Source/queue.o
                0x000000000800675c                xQueueGenericCreate
 .text.prvInitialiseNewQueue
                0x00000000080067d0       0x46 ./Middlewares/Third_Party/FreeRTOS/Source/queue.o
 *fill*         0x0000000008006816        0x2 
 .text.xQueueGenericSend
                0x0000000008006818      0x1fc ./Middlewares/Third_Party/FreeRTOS/Source/queue.o
                0x0000000008006818                xQueueGenericSend
 .text.xQueueGenericSendFromISR
                0x0000000008006a14      0x136 ./Middlewares/Third_Party/FreeRTOS/Source/queue.o
                0x0000000008006a14                xQueueGenericSendFromISR
 *fill*         0x0000000008006b4a        0x2 
 .text.xQueueReceive
                0x0000000008006b4c      0x1c0 ./Middlewares/Third_Party/FreeRTOS/Source/queue.o
                0x0000000008006b4c                xQueueReceive
 .text.xQueueReceiveFromISR
                0x0000000008006d0c      0x100 ./Middlewares/Third_Party/FreeRTOS/Source/queue.o
                0x0000000008006d0c                xQueueReceiveFromISR
 .text.prvCopyDataToQueue
                0x0000000008006e0c       0xd4 ./Middlewares/Third_Party/FreeRTOS/Source/queue.o
 .text.prvCopyDataFromQueue
                0x0000000008006ee0       0x4c ./Middlewares/Third_Party/FreeRTOS/Source/queue.o
 .text.prvUnlockQueue
                0x0000000008006f2c       0xa4 ./Middlewares/Third_Party/FreeRTOS/Source/queue.o
 .text.prvIsQueueEmpty
                0x0000000008006fd0       0x2c ./Middlewares/Third_Party/FreeRTOS/Source/queue.o
 .text.prvIsQueueFull
                0x0000000008006ffc       0x30 ./Middlewares/Third_Party/FreeRTOS/Source/queue.o
 .text.vQueueAddToRegistry
                0x000000000800702c       0x54 ./Middlewares/Third_Party/FreeRTOS/Source/queue.o
                0x000000000800702c                vQueueAddToRegistry
 .text.vQueueWaitForMessageRestricted
                0x0000000008007080       0x68 ./Middlewares/Third_Party/FreeRTOS/Source/queue.o
                0x0000000008007080                vQueueWaitForMessageRestricted
 .text.xTaskCreateStatic
                0x00000000080070e8       0xba ./Middlewares/Third_Party/FreeRTOS/Source/tasks.o
                0x00000000080070e8                xTaskCreateStatic
 .text.xTaskCreate
                0x00000000080071a2       0x8a ./Middlewares/Third_Party/FreeRTOS/Source/tasks.o
                0x00000000080071a2                xTaskCreate
 .text.prvInitialiseNewTask
                0x000000000800722c      0x14c ./Middlewares/Third_Party/FreeRTOS/Source/tasks.o
 .text.prvAddNewTaskToReadyList
                0x0000000008007378       0xe0 ./Middlewares/Third_Party/FreeRTOS/Source/tasks.o
 .text.vTaskDelay
                0x0000000008007458       0x68 ./Middlewares/Third_Party/FreeRTOS/Source/tasks.o
                0x0000000008007458                vTaskDelay
 .text.prvTaskIsTaskSuspended
                0x00000000080074c0       0x64 ./Middlewares/Third_Party/FreeRTOS/Source/tasks.o
 .text.vTaskResume
                0x0000000008007524       0xbc ./Middlewares/Third_Party/FreeRTOS/Source/tasks.o
                0x0000000008007524                vTaskResume
 .text.vTaskStartScheduler
                0x00000000080075e0       0xe0 ./Middlewares/Third_Party/FreeRTOS/Source/tasks.o
                0x00000000080075e0                vTaskStartScheduler
 .text.vTaskSuspendAll
                0x00000000080076c0       0x1c ./Middlewares/Third_Party/FreeRTOS/Source/tasks.o
                0x00000000080076c0                vTaskSuspendAll
 .text.xTaskResumeAll
                0x00000000080076dc      0x13c ./Middlewares/Third_Party/FreeRTOS/Source/tasks.o
                0x00000000080076dc                xTaskResumeAll
 .text.xTaskGetTickCount
                0x0000000008007818       0x20 ./Middlewares/Third_Party/FreeRTOS/Source/tasks.o
                0x0000000008007818                xTaskGetTickCount
 .text.xTaskIncrementTick
                0x0000000008007838      0x174 ./Middlewares/Third_Party/FreeRTOS/Source/tasks.o
                0x0000000008007838                xTaskIncrementTick
 .text.vTaskSwitchContext
                0x00000000080079ac       0xc8 ./Middlewares/Third_Party/FreeRTOS/Source/tasks.o
                0x00000000080079ac                vTaskSwitchContext
 .text.vTaskPlaceOnEventList
                0x0000000008007a74       0x48 ./Middlewares/Third_Party/FreeRTOS/Source/tasks.o
                0x0000000008007a74                vTaskPlaceOnEventList
 .text.vTaskPlaceOnEventListRestricted
                0x0000000008007abc       0x58 ./Middlewares/Third_Party/FreeRTOS/Source/tasks.o
                0x0000000008007abc                vTaskPlaceOnEventListRestricted
 .text.xTaskRemoveFromEventList
                0x0000000008007b14       0xc8 ./Middlewares/Third_Party/FreeRTOS/Source/tasks.o
                0x0000000008007b14                xTaskRemoveFromEventList
 .text.vTaskInternalSetTimeOutState
                0x0000000008007bdc       0x2c ./Middlewares/Third_Party/FreeRTOS/Source/tasks.o
                0x0000000008007bdc                vTaskInternalSetTimeOutState
 .text.xTaskCheckForTimeOut
                0x0000000008007c08       0xc4 ./Middlewares/Third_Party/FreeRTOS/Source/tasks.o
                0x0000000008007c08                xTaskCheckForTimeOut
 .text.vTaskMissedYield
                0x0000000008007ccc       0x18 ./Middlewares/Third_Party/FreeRTOS/Source/tasks.o
                0x0000000008007ccc                vTaskMissedYield
 .text.prvIdleTask
                0x0000000008007ce4       0x30 ./Middlewares/Third_Party/FreeRTOS/Source/tasks.o
 .text.prvInitialiseTaskLists
                0x0000000008007d14       0x80 ./Middlewares/Third_Party/FreeRTOS/Source/tasks.o
 .text.prvCheckTasksWaitingTermination
                0x0000000008007d94       0x5c ./Middlewares/Third_Party/FreeRTOS/Source/tasks.o
 .text.prvDeleteTCB
                0x0000000008007df0       0x68 ./Middlewares/Third_Party/FreeRTOS/Source/tasks.o
 .text.prvResetNextTaskUnblockTime
                0x0000000008007e58       0x40 ./Middlewares/Third_Party/FreeRTOS/Source/tasks.o
 .text.xTaskGetSchedulerState
                0x0000000008007e98       0x3c ./Middlewares/Third_Party/FreeRTOS/Source/tasks.o
                0x0000000008007e98                xTaskGetSchedulerState
 .text.xTaskPriorityDisinherit
                0x0000000008007ed4       0xdc ./Middlewares/Third_Party/FreeRTOS/Source/tasks.o
                0x0000000008007ed4                xTaskPriorityDisinherit
 .text.prvAddCurrentTaskToDelayedList
                0x0000000008007fb0       0xa8 ./Middlewares/Third_Party/FreeRTOS/Source/tasks.o
 .text.xTimerCreateTimerTask
                0x0000000008008058       0x90 ./Middlewares/Third_Party/FreeRTOS/Source/timers.o
                0x0000000008008058                xTimerCreateTimerTask
 .text.xTimerGenericCommand
                0x00000000080080e8       0x9c ./Middlewares/Third_Party/FreeRTOS/Source/timers.o
                0x00000000080080e8                xTimerGenericCommand
 .text.prvProcessExpiredTimer
                0x0000000008008184       0x98 ./Middlewares/Third_Party/FreeRTOS/Source/timers.o
 .text.prvTimerTask
                0x000000000800821c       0x24 ./Middlewares/Third_Party/FreeRTOS/Source/timers.o
 .text.prvProcessTimerOrBlockTask
                0x0000000008008240       0x9c ./Middlewares/Third_Party/FreeRTOS/Source/timers.o
 .text.prvGetNextExpireTime
                0x00000000080082dc       0x48 ./Middlewares/Third_Party/FreeRTOS/Source/timers.o
 .text.prvSampleTimeNow
                0x0000000008008324       0x40 ./Middlewares/Third_Party/FreeRTOS/Source/timers.o
 .text.prvInsertTimerInActiveList
                0x0000000008008364       0x84 ./Middlewares/Third_Party/FreeRTOS/Source/timers.o
 .text.prvProcessReceivedCommands
                0x00000000080083e8      0x1c4 ./Middlewares/Third_Party/FreeRTOS/Source/timers.o
 .text.prvSwitchTimerLists
                0x00000000080085ac       0xc8 ./Middlewares/Third_Party/FreeRTOS/Source/timers.o
 .text.prvCheckForValidListAndQueue
                0x0000000008008674       0x80 ./Middlewares/Third_Party/FreeRTOS/Source/timers.o
 .text.pxPortInitialiseStack
                0x00000000080086f4       0x68 ./Middlewares/Third_Party/FreeRTOS/Source/portable/GCC/ARM_CM4F/port.o
                0x00000000080086f4                pxPortInitialiseStack
 .text.prvTaskExitError
                0x000000000800875c       0x58 ./Middlewares/Third_Party/FreeRTOS/Source/portable/GCC/ARM_CM4F/port.o
 *fill*         0x00000000080087b4        0xc 
 .text.SVC_Handler
                0x00000000080087c0       0x28 ./Middlewares/Third_Party/FreeRTOS/Source/portable/GCC/ARM_CM4F/port.o
                0x00000000080087c0                SVC_Handler
 .text.prvPortStartFirstTask
                0x00000000080087e8       0x28 ./Middlewares/Third_Party/FreeRTOS/Source/portable/GCC/ARM_CM4F/port.o
 .text.xPortStartScheduler
                0x0000000008008810      0x144 ./Middlewares/Third_Party/FreeRTOS/Source/portable/GCC/ARM_CM4F/port.o
                0x0000000008008810                xPortStartScheduler
 .text.vPortEnterCritical
                0x0000000008008954       0x60 ./Middlewares/Third_Party/FreeRTOS/Source/portable/GCC/ARM_CM4F/port.o
                0x0000000008008954                vPortEnterCritical
 .text.vPortExitCritical
                0x00000000080089b4       0x54 ./Middlewares/Third_Party/FreeRTOS/Source/portable/GCC/ARM_CM4F/port.o
                0x00000000080089b4                vPortExitCritical
 *fill*         0x0000000008008a08        0x8 
 .text.PendSV_Handler
                0x0000000008008a10       0x68 ./Middlewares/Third_Party/FreeRTOS/Source/portable/GCC/ARM_CM4F/port.o
                0x0000000008008a10                PendSV_Handler
 .text.xPortSysTickHandler
                0x0000000008008a78       0x44 ./Middlewares/Third_Party/FreeRTOS/Source/portable/GCC/ARM_CM4F/port.o
                0x0000000008008a78                xPortSysTickHandler
 .text.vPortSetupTimerInterrupt
                0x0000000008008abc       0x48 ./Middlewares/Third_Party/FreeRTOS/Source/portable/GCC/ARM_CM4F/port.o
                0x0000000008008abc                vPortSetupTimerInterrupt
 .text.vPortEnableVFP
                0x0000000008008b04       0x14 ./Middlewares/Third_Party/FreeRTOS/Source/portable/GCC/ARM_CM4F/port.o
 .text.vPortValidateInterruptPriority
                0x0000000008008b18       0x80 ./Middlewares/Third_Party/FreeRTOS/Source/portable/GCC/ARM_CM4F/port.o
                0x0000000008008b18                vPortValidateInterruptPriority
 .text.pvPortMalloc
                0x0000000008008b98      0x198 ./Middlewares/Third_Party/FreeRTOS/Source/portable/MemMang/heap_4.o
                0x0000000008008b98                pvPortMalloc
 .text.vPortFree
                0x0000000008008d30       0xc4 ./Middlewares/Third_Party/FreeRTOS/Source/portable/MemMang/heap_4.o
                0x0000000008008d30                vPortFree
 .text.prvHeapInit
                0x0000000008008df4       0xc4 ./Middlewares/Third_Party/FreeRTOS/Source/portable/MemMang/heap_4.o
 .text.prvInsertBlockIntoFreeList
                0x0000000008008eb8       0xb4 ./Middlewares/Third_Party/FreeRTOS/Source/portable/MemMang/heap_4.o
 .text.__errno  0x0000000008008f6c        0xc c:/st/stm32cubeide_1.9.0/stm32cubeide/plugins/com.st.stm32cube.ide.mcu.externaltools.gnu-tools-for-stm32.10.3-2021.10.win32_1.0.0.202111181127/tools/bin/../lib/gcc/arm-none-eabi/10.3.1/../../../../arm-none-eabi/lib/thumb/v7e-m+fp/hard\libc_nano.a(lib_a-errno.o)
                0x0000000008008f6c                __errno
 .text.std      0x0000000008008f78       0x48 c:/st/stm32cubeide_1.9.0/stm32cubeide/plugins/com.st.stm32cube.ide.mcu.externaltools.gnu-tools-for-stm32.10.3-2021.10.win32_1.0.0.202111181127/tools/bin/../lib/gcc/arm-none-eabi/10.3.1/../../../../arm-none-eabi/lib/thumb/v7e-m+fp/hard\libc_nano.a(lib_a-findfp.o)
 .text._cleanup_r
                0x0000000008008fc0        0xc c:/st/stm32cubeide_1.9.0/stm32cubeide/plugins/com.st.stm32cube.ide.mcu.externaltools.gnu-tools-for-stm32.10.3-2021.10.win32_1.0.0.202111181127/tools/bin/../lib/gcc/arm-none-eabi/10.3.1/../../../../arm-none-eabi/lib/thumb/v7e-m+fp/hard\libc_nano.a(lib_a-findfp.o)
                0x0000000008008fc0                _cleanup_r
 .text.__sfmoreglue
                0x0000000008008fcc       0x2c c:/st/stm32cubeide_1.9.0/stm32cubeide/plugins/com.st.stm32cube.ide.mcu.externaltools.gnu-tools-for-stm32.10.3-2021.10.win32_1.0.0.202111181127/tools/bin/../lib/gcc/arm-none-eabi/10.3.1/../../../../arm-none-eabi/lib/thumb/v7e-m+fp/hard\libc_nano.a(lib_a-findfp.o)
                0x0000000008008fcc                __sfmoreglue
 .text.__sfp_lock_acquire
                0x0000000008008ff8        0xc c:/st/stm32cubeide_1.9.0/stm32cubeide/plugins/com.st.stm32cube.ide.mcu.externaltools.gnu-tools-for-stm32.10.3-2021.10.win32_1.0.0.202111181127/tools/bin/../lib/gcc/arm-none-eabi/10.3.1/../../../../arm-none-eabi/lib/thumb/v7e-m+fp/hard\libc_nano.a(lib_a-findfp.o)
                0x0000000008008ff8                __sfp_lock_acquire
 .text.__sfp_lock_release
                0x0000000008009004        0xc c:/st/stm32cubeide_1.9.0/stm32cubeide/plugins/com.st.stm32cube.ide.mcu.externaltools.gnu-tools-for-stm32.10.3-2021.10.win32_1.0.0.202111181127/tools/bin/../lib/gcc/arm-none-eabi/10.3.1/../../../../arm-none-eabi/lib/thumb/v7e-m+fp/hard\libc_nano.a(lib_a-findfp.o)
                0x0000000008009004                __sfp_lock_release
 .text.__sinit_lock_acquire
                0x0000000008009010        0xc c:/st/stm32cubeide_1.9.0/stm32cubeide/plugins/com.st.stm32cube.ide.mcu.externaltools.gnu-tools-for-stm32.10.3-2021.10.win32_1.0.0.202111181127/tools/bin/../lib/gcc/arm-none-eabi/10.3.1/../../../../arm-none-eabi/lib/thumb/v7e-m+fp/hard\libc_nano.a(lib_a-findfp.o)
                0x0000000008009010                __sinit_lock_acquire
 .text.__sinit_lock_release
                0x000000000800901c        0xc c:/st/stm32cubeide_1.9.0/stm32cubeide/plugins/com.st.stm32cube.ide.mcu.externaltools.gnu-tools-for-stm32.10.3-2021.10.win32_1.0.0.202111181127/tools/bin/../lib/gcc/arm-none-eabi/10.3.1/../../../../arm-none-eabi/lib/thumb/v7e-m+fp/hard\libc_nano.a(lib_a-findfp.o)
                0x000000000800901c                __sinit_lock_release
 .text.__sinit  0x0000000008009028       0x70 c:/st/stm32cubeide_1.9.0/stm32cubeide/plugins/com.st.stm32cube.ide.mcu.externaltools.gnu-tools-for-stm32.10.3-2021.10.win32_1.0.0.202111181127/tools/bin/../lib/gcc/arm-none-eabi/10.3.1/../../../../arm-none-eabi/lib/thumb/v7e-m+fp/hard\libc_nano.a(lib_a-findfp.o)
                0x0000000008009028                __sinit
 .text.__sfp    0x0000000008009098       0x8c c:/st/stm32cubeide_1.9.0/stm32cubeide/plugins/com.st.stm32cube.ide.mcu.externaltools.gnu-tools-for-stm32.10.3-2021.10.win32_1.0.0.202111181127/tools/bin/../lib/gcc/arm-none-eabi/10.3.1/../../../../arm-none-eabi/lib/thumb/v7e-m+fp/hard\libc_nano.a(lib_a-findfp.o)
                0x0000000008009098                __sfp
 .text._fwalk_reent
                0x0000000008009124       0x3e c:/st/stm32cubeide_1.9.0/stm32cubeide/plugins/com.st.stm32cube.ide.mcu.externaltools.gnu-tools-for-stm32.10.3-2021.10.win32_1.0.0.202111181127/tools/bin/../lib/gcc/arm-none-eabi/10.3.1/../../../../arm-none-eabi/lib/thumb/v7e-m+fp/hard\libc_nano.a(lib_a-fwalk.o)
                0x0000000008009124                _fwalk_reent
 *fill*         0x0000000008009162        0x2 
 .text.__libc_init_array
                0x0000000008009164       0x48 c:/st/stm32cubeide_1.9.0/stm32cubeide/plugins/com.st.stm32cube.ide.mcu.externaltools.gnu-tools-for-stm32.10.3-2021.10.win32_1.0.0.202111181127/tools/bin/../lib/gcc/arm-none-eabi/10.3.1/../../../../arm-none-eabi/lib/thumb/v7e-m+fp/hard\libc_nano.a(lib_a-init.o)
                0x0000000008009164                __libc_init_array
 .text.__retarget_lock_init_recursive
                0x00000000080091ac        0x2 c:/st/stm32cubeide_1.9.0/stm32cubeide/plugins/com.st.stm32cube.ide.mcu.externaltools.gnu-tools-for-stm32.10.3-2021.10.win32_1.0.0.202111181127/tools/bin/../lib/gcc/arm-none-eabi/10.3.1/../../../../arm-none-eabi/lib/thumb/v7e-m+fp/hard\libc_nano.a(lib_a-lock.o)
                0x00000000080091ac                __retarget_lock_init_recursive
 .text.__retarget_lock_acquire_recursive
                0x00000000080091ae        0x2 c:/st/stm32cubeide_1.9.0/stm32cubeide/plugins/com.st.stm32cube.ide.mcu.externaltools.gnu-tools-for-stm32.10.3-2021.10.win32_1.0.0.202111181127/tools/bin/../lib/gcc/arm-none-eabi/10.3.1/../../../../arm-none-eabi/lib/thumb/v7e-m+fp/hard\libc_nano.a(lib_a-lock.o)
                0x00000000080091ae                __retarget_lock_acquire_recursive
 .text.__retarget_lock_release_recursive
                0x00000000080091b0        0x2 c:/st/stm32cubeide_1.9.0/stm32cubeide/plugins/com.st.stm32cube.ide.mcu.externaltools.gnu-tools-for-stm32.10.3-2021.10.win32_1.0.0.202111181127/tools/bin/../lib/gcc/arm-none-eabi/10.3.1/../../../../arm-none-eabi/lib/thumb/v7e-m+fp/hard\libc_nano.a(lib_a-lock.o)
                0x00000000080091b0                __retarget_lock_release_recursive
 .text.memcpy   0x00000000080091b2       0x1c c:/st/stm32cubeide_1.9.0/stm32cubeide/plugins/com.st.stm32cube.ide.mcu.externaltools.gnu-tools-for-stm32.10.3-2021.10.win32_1.0.0.202111181127/tools/bin/../lib/gcc/arm-none-eabi/10.3.1/../../../../arm-none-eabi/lib/thumb/v7e-m+fp/hard\libc_nano.a(lib_a-memcpy-stub.o)
                0x00000000080091b2                memcpy
 .text.memset   0x00000000080091ce       0x10 c:/st/stm32cubeide_1.9.0/stm32cubeide/plugins/com.st.stm32cube.ide.mcu.externaltools.gnu-tools-for-stm32.10.3-2021.10.win32_1.0.0.202111181127/tools/bin/../lib/gcc/arm-none-eabi/10.3.1/../../../../arm-none-eabi/lib/thumb/v7e-m+fp/hard\libc_nano.a(lib_a-memset.o)
                0x00000000080091ce                memset
 *fill*         0x00000000080091de        0x2 
 .text._free_r  0x00000000080091e0       0x98 c:/st/stm32cubeide_1.9.0/stm32cubeide/plugins/com.st.stm32cube.ide.mcu.externaltools.gnu-tools-for-stm32.10.3-2021.10.win32_1.0.0.202111181127/tools/bin/../lib/gcc/arm-none-eabi/10.3.1/../../../../arm-none-eabi/lib/thumb/v7e-m+fp/hard\libc_nano.a(lib_a-nano-freer.o)
                0x00000000080091e0                _free_r
 .text.sbrk_aligned
                0x0000000008009278       0x40 c:/st/stm32cubeide_1.9.0/stm32cubeide/plugins/com.st.stm32cube.ide.mcu.externaltools.gnu-tools-for-stm32.10.3-2021.10.win32_1.0.0.202111181127/tools/bin/../lib/gcc/arm-none-eabi/10.3.1/../../../../arm-none-eabi/lib/thumb/v7e-m+fp/hard\libc_nano.a(lib_a-nano-mallocr.o)
 .text._malloc_r
                0x00000000080092b8       0xe8 c:/st/stm32cubeide_1.9.0/stm32cubeide/plugins/com.st.stm32cube.ide.mcu.externaltools.gnu-tools-for-stm32.10.3-2021.10.win32_1.0.0.202111181127/tools/bin/../lib/gcc/arm-none-eabi/10.3.1/../../../../arm-none-eabi/lib/thumb/v7e-m+fp/hard\libc_nano.a(lib_a-nano-mallocr.o)
                0x00000000080092b8                _malloc_r
 .text.printf   0x00000000080093a0       0x30 c:/st/stm32cubeide_1.9.0/stm32cubeide/plugins/com.st.stm32cube.ide.mcu.externaltools.gnu-tools-for-stm32.10.3-2021.10.win32_1.0.0.202111181127/tools/bin/../lib/gcc/arm-none-eabi/10.3.1/../../../../arm-none-eabi/lib/thumb/v7e-m+fp/hard\libc_nano.a(lib_a-printf.o)
                0x00000000080093a0                iprintf
                0x00000000080093a0                printf
 .text._puts_r  0x00000000080093d0       0xdc c:/st/stm32cubeide_1.9.0/stm32cubeide/plugins/com.st.stm32cube.ide.mcu.externaltools.gnu-tools-for-stm32.10.3-2021.10.win32_1.0.0.202111181127/tools/bin/../lib/gcc/arm-none-eabi/10.3.1/../../../../arm-none-eabi/lib/thumb/v7e-m+fp/hard\libc_nano.a(lib_a-puts.o)
                0x00000000080093d0                _puts_r
 .text.puts     0x00000000080094ac       0x10 c:/st/stm32cubeide_1.9.0/stm32cubeide/plugins/com.st.stm32cube.ide.mcu.externaltools.gnu-tools-for-stm32.10.3-2021.10.win32_1.0.0.202111181127/tools/bin/../lib/gcc/arm-none-eabi/10.3.1/../../../../arm-none-eabi/lib/thumb/v7e-m+fp/hard\libc_nano.a(lib_a-puts.o)
                0x00000000080094ac                puts
 .text.cleanup_glue
                0x00000000080094bc       0x1a c:/st/stm32cubeide_1.9.0/stm32cubeide/plugins/com.st.stm32cube.ide.mcu.externaltools.gnu-tools-for-stm32.10.3-2021.10.win32_1.0.0.202111181127/tools/bin/../lib/gcc/arm-none-eabi/10.3.1/../../../../arm-none-eabi/lib/thumb/v7e-m+fp/hard\libc_nano.a(lib_a-reent.o)
                0x00000000080094bc                cleanup_glue
 *fill*         0x00000000080094d6        0x2 
 .text._reclaim_reent
                0x00000000080094d8       0xb8 c:/st/stm32cubeide_1.9.0/stm32cubeide/plugins/com.st.stm32cube.ide.mcu.externaltools.gnu-tools-for-stm32.10.3-2021.10.win32_1.0.0.202111181127/tools/bin/../lib/gcc/arm-none-eabi/10.3.1/../../../../arm-none-eabi/lib/thumb/v7e-m+fp/hard\libc_nano.a(lib_a-reent.o)
                0x00000000080094d8                _reclaim_reent
 .text._sbrk_r  0x0000000008009590       0x20 c:/st/stm32cubeide_1.9.0/stm32cubeide/plugins/com.st.stm32cube.ide.mcu.externaltools.gnu-tools-for-stm32.10.3-2021.10.win32_1.0.0.202111181127/tools/bin/../lib/gcc/arm-none-eabi/10.3.1/../../../../arm-none-eabi/lib/thumb/v7e-m+fp/hard\libc_nano.a(lib_a-sbrkr.o)
                0x0000000008009590                _sbrk_r
 .text.__sread  0x00000000080095b0       0x22 c:/st/stm32cubeide_1.9.0/stm32cubeide/plugins/com.st.stm32cube.ide.mcu.externaltools.gnu-tools-for-stm32.10.3-2021.10.win32_1.0.0.202111181127/tools/bin/../lib/gcc/arm-none-eabi/10.3.1/../../../../arm-none-eabi/lib/thumb/v7e-m+fp/hard\libc_nano.a(lib_a-stdio.o)
                0x00000000080095b0                __sread
 .text.__swrite
                0x00000000080095d2       0x38 c:/st/stm32cubeide_1.9.0/stm32cubeide/plugins/com.st.stm32cube.ide.mcu.externaltools.gnu-tools-for-stm32.10.3-2021.10.win32_1.0.0.202111181127/tools/bin/../lib/gcc/arm-none-eabi/10.3.1/../../../../arm-none-eabi/lib/thumb/v7e-m+fp/hard\libc_nano.a(lib_a-stdio.o)
                0x00000000080095d2                __swrite
 .text.__sseek  0x000000000800960a       0x24 c:/st/stm32cubeide_1.9.0/stm32cubeide/plugins/com.st.stm32cube.ide.mcu.externaltools.gnu-tools-for-stm32.10.3-2021.10.win32_1.0.0.202111181127/tools/bin/../lib/gcc/arm-none-eabi/10.3.1/../../../../arm-none-eabi/lib/thumb/v7e-m+fp/hard\libc_nano.a(lib_a-stdio.o)
                0x000000000800960a                __sseek
 .text.__sclose
                0x000000000800962e        0x8 c:/st/stm32cubeide_1.9.0/stm32cubeide/plugins/com.st.stm32cube.ide.mcu.externaltools.gnu-tools-for-stm32.10.3-2021.10.win32_1.0.0.202111181127/tools/bin/../lib/gcc/arm-none-eabi/10.3.1/../../../../arm-none-eabi/lib/thumb/v7e-m+fp/hard\libc_nano.a(lib_a-stdio.o)
                0x000000000800962e                __sclose
 .text.strncmp  0x0000000008009636       0x28 c:/st/stm32cubeide_1.9.0/stm32cubeide/plugins/com.st.stm32cube.ide.mcu.externaltools.gnu-tools-for-stm32.10.3-2021.10.win32_1.0.0.202111181127/tools/bin/../lib/gcc/arm-none-eabi/10.3.1/../../../../arm-none-eabi/lib/thumb/v7e-m+fp/hard\libc_nano.a(lib_a-strncmp.o)
                0x0000000008009636                strncmp
 *fill*         0x000000000800965e        0x2 
 .text.__swbuf_r
                0x0000000008009660       0xa4 c:/st/stm32cubeide_1.9.0/stm32cubeide/plugins/com.st.stm32cube.ide.mcu.externaltools.gnu-tools-for-stm32.10.3-2021.10.win32_1.0.0.202111181127/tools/bin/../lib/gcc/arm-none-eabi/10.3.1/../../../../arm-none-eabi/lib/thumb/v7e-m+fp/hard\libc_nano.a(lib_a-wbuf.o)
                0x0000000008009660                __swbuf_r
 .text._write_r
                0x0000000008009704       0x24 c:/st/stm32cubeide_1.9.0/stm32cubeide/plugins/com.st.stm32cube.ide.mcu.externaltools.gnu-tools-for-stm32.10.3-2021.10.win32_1.0.0.202111181127/tools/bin/../lib/gcc/arm-none-eabi/10.3.1/../../../../arm-none-eabi/lib/thumb/v7e-m+fp/hard\libc_nano.a(lib_a-writer.o)
                0x0000000008009704                _write_r
 .text.__swsetup_r
                0x0000000008009728       0xdc c:/st/stm32cubeide_1.9.0/stm32cubeide/plugins/com.st.stm32cube.ide.mcu.externaltools.gnu-tools-for-stm32.10.3-2021.10.win32_1.0.0.202111181127/tools/bin/../lib/gcc/arm-none-eabi/10.3.1/../../../../arm-none-eabi/lib/thumb/v7e-m+fp/hard\libc_nano.a(lib_a-wsetup.o)
                0x0000000008009728                __swsetup_r
 .text._close_r
                0x0000000008009804       0x20 c:/st/stm32cubeide_1.9.0/stm32cubeide/plugins/com.st.stm32cube.ide.mcu.externaltools.gnu-tools-for-stm32.10.3-2021.10.win32_1.0.0.202111181127/tools/bin/../lib/gcc/arm-none-eabi/10.3.1/../../../../arm-none-eabi/lib/thumb/v7e-m+fp/hard\libc_nano.a(lib_a-closer.o)
                0x0000000008009804                _close_r
 .text.__sflush_r
                0x0000000008009824      0x10c c:/st/stm32cubeide_1.9.0/stm32cubeide/plugins/com.st.stm32cube.ide.mcu.externaltools.gnu-tools-for-stm32.10.3-2021.10.win32_1.0.0.202111181127/tools/bin/../lib/gcc/arm-none-eabi/10.3.1/../../../../arm-none-eabi/lib/thumb/v7e-m+fp/hard\libc_nano.a(lib_a-fflush.o)
                0x0000000008009824                __sflush_r
 .text._fflush_r
                0x0000000008009930       0x78 c:/st/stm32cubeide_1.9.0/stm32cubeide/plugins/com.st.stm32cube.ide.mcu.externaltools.gnu-tools-for-stm32.10.3-2021.10.win32_1.0.0.202111181127/tools/bin/../lib/gcc/arm-none-eabi/10.3.1/../../../../arm-none-eabi/lib/thumb/v7e-m+fp/hard\libc_nano.a(lib_a-fflush.o)
                0x0000000008009930                _fflush_r
 .text._lseek_r
                0x00000000080099a8       0x24 c:/st/stm32cubeide_1.9.0/stm32cubeide/plugins/com.st.stm32cube.ide.mcu.externaltools.gnu-tools-for-stm32.10.3-2021.10.win32_1.0.0.202111181127/tools/bin/../lib/gcc/arm-none-eabi/10.3.1/../../../../arm-none-eabi/lib/thumb/v7e-m+fp/hard\libc_nano.a(lib_a-lseekr.o)
                0x00000000080099a8                _lseek_r
 .text.__swhatbuf_r
                0x00000000080099cc       0x4a c:/st/stm32cubeide_1.9.0/stm32cubeide/plugins/com.st.stm32cube.ide.mcu.externaltools.gnu-tools-for-stm32.10.3-2021.10.win32_1.0.0.202111181127/tools/bin/../lib/gcc/arm-none-eabi/10.3.1/../../../../arm-none-eabi/lib/thumb/v7e-m+fp/hard\libc_nano.a(lib_a-makebuf.o)
                0x00000000080099cc                __swhatbuf_r
 *fill*         0x0000000008009a16        0x2 
 .text.__smakebuf_r
                0x0000000008009a18       0x80 c:/st/stm32cubeide_1.9.0/stm32cubeide/plugins/com.st.stm32cube.ide.mcu.externaltools.gnu-tools-for-stm32.10.3-2021.10.win32_1.0.0.202111181127/tools/bin/../lib/gcc/arm-none-eabi/10.3.1/../../../../arm-none-eabi/lib/thumb/v7e-m+fp/hard\libc_nano.a(lib_a-makebuf.o)
                0x0000000008009a18                __smakebuf_r
 .text.__malloc_lock
                0x0000000008009a98        0xc c:/st/stm32cubeide_1.9.0/stm32cubeide/plugins/com.st.stm32cube.ide.mcu.externaltools.gnu-tools-for-stm32.10.3-2021.10.win32_1.0.0.202111181127/tools/bin/../lib/gcc/arm-none-eabi/10.3.1/../../../../arm-none-eabi/lib/thumb/v7e-m+fp/hard\libc_nano.a(lib_a-mlock.o)
                0x0000000008009a98                __malloc_lock
 .text.__malloc_unlock
                0x0000000008009aa4        0xc c:/st/stm32cubeide_1.9.0/stm32cubeide/plugins/com.st.stm32cube.ide.mcu.externaltools.gnu-tools-for-stm32.10.3-2021.10.win32_1.0.0.202111181127/tools/bin/../lib/gcc/arm-none-eabi/10.3.1/../../../../arm-none-eabi/lib/thumb/v7e-m+fp/hard\libc_nano.a(lib_a-mlock.o)
                0x0000000008009aa4                __malloc_unlock
 .text.__sfputc_r
                0x0000000008009ab0       0x2e c:/st/stm32cubeide_1.9.0/stm32cubeide/plugins/com.st.stm32cube.ide.mcu.externaltools.gnu-tools-for-stm32.10.3-2021.10.win32_1.0.0.202111181127/tools/bin/../lib/gcc/arm-none-eabi/10.3.1/../../../../arm-none-eabi/lib/thumb/v7e-m+fp/hard\libc_nano.a(lib_a-nano-vfprintf.o)
 .text.__sfputs_r
                0x0000000008009ade       0x24 c:/st/stm32cubeide_1.9.0/stm32cubeide/plugins/com.st.stm32cube.ide.mcu.externaltools.gnu-tools-for-stm32.10.3-2021.10.win32_1.0.0.202111181127/tools/bin/../lib/gcc/arm-none-eabi/10.3.1/../../../../arm-none-eabi/lib/thumb/v7e-m+fp/hard\libc_nano.a(lib_a-nano-vfprintf.o)
                0x0000000008009ade                __sfputs_r
 *fill*         0x0000000008009b02        0x2 
 .text._vfprintf_r
                0x0000000008009b04      0x260 c:/st/stm32cubeide_1.9.0/stm32cubeide/plugins/com.st.stm32cube.ide.mcu.externaltools.gnu-tools-for-stm32.10.3-2021.10.win32_1.0.0.202111181127/tools/bin/../lib/gcc/arm-none-eabi/10.3.1/../../../../arm-none-eabi/lib/thumb/v7e-m+fp/hard\libc_nano.a(lib_a-nano-vfprintf.o)
                0x0000000008009b04                _vfprintf_r
                0x0000000008009b04                _vfiprintf_r
 .text._printf_common
                0x0000000008009d64       0xda c:/st/stm32cubeide_1.9.0/stm32cubeide/plugins/com.st.stm32cube.ide.mcu.externaltools.gnu-tools-for-stm32.10.3-2021.10.win32_1.0.0.202111181127/tools/bin/../lib/gcc/arm-none-eabi/10.3.1/../../../../arm-none-eabi/lib/thumb/v7e-m+fp/hard\libc_nano.a(lib_a-nano-vfprintf_i.o)
                0x0000000008009d64                _printf_common
 *fill*         0x0000000008009e3e        0x2 
 .text._printf_i
                0x0000000008009e40      0x24c c:/st/stm32cubeide_1.9.0/stm32cubeide/plugins/com.st.stm32cube.ide.mcu.externaltools.gnu-tools-for-stm32.10.3-2021.10.win32_1.0.0.202111181127/tools/bin/../lib/gcc/arm-none-eabi/10.3.1/../../../../arm-none-eabi/lib/thumb/v7e-m+fp/hard\libc_nano.a(lib_a-nano-vfprintf_i.o)
                0x0000000008009e40                _printf_i
 .text._read_r  0x000000000800a08c       0x24 c:/st/stm32cubeide_1.9.0/stm32cubeide/plugins/com.st.stm32cube.ide.mcu.externaltools.gnu-tools-for-stm32.10.3-2021.10.win32_1.0.0.202111181127/tools/bin/../lib/gcc/arm-none-eabi/10.3.1/../../../../arm-none-eabi/lib/thumb/v7e-m+fp/hard\libc_nano.a(lib_a-readr.o)
                0x000000000800a08c                _read_r
 .text._fstat_r
                0x000000000800a0b0       0x24 c:/st/stm32cubeide_1.9.0/stm32cubeide/plugins/com.st.stm32cube.ide.mcu.externaltools.gnu-tools-for-stm32.10.3-2021.10.win32_1.0.0.202111181127/tools/bin/../lib/gcc/arm-none-eabi/10.3.1/../../../../arm-none-eabi/lib/thumb/v7e-m+fp/hard\libc_nano.a(lib_a-fstatr.o)
                0x000000000800a0b0                _fstat_r
 .text._isatty_r
                0x000000000800a0d4       0x20 c:/st/stm32cubeide_1.9.0/stm32cubeide/plugins/com.st.stm32cube.ide.mcu.externaltools.gnu-tools-for-stm32.10.3-2021.10.win32_1.0.0.202111181127/tools/bin/../lib/gcc/arm-none-eabi/10.3.1/../../../../arm-none-eabi/lib/thumb/v7e-m+fp/hard\libc_nano.a(lib_a-isattyr.o)
                0x000000000800a0d4                _isatty_r
 *(.glue_7)
 .glue_7        0x000000000800a0f4        0x0 linker stubs
 *(.glue_7t)
 .glue_7t       0x000000000800a0f4        0x0 linker stubs
 *(.eh_frame)
 .eh_frame      0x000000000800a0f4        0x0 c:/st/stm32cubeide_1.9.0/stm32cubeide/plugins/com.st.stm32cube.ide.mcu.externaltools.gnu-tools-for-stm32.10.3-2021.10.win32_1.0.0.202111181127/tools/bin/../lib/gcc/arm-none-eabi/10.3.1/thumb/v7e-m+fp/hard/crtbegin.o
 *(.init)
 .init          0x000000000800a0f4        0x4 c:/st/stm32cubeide_1.9.0/stm32cubeide/plugins/com.st.stm32cube.ide.mcu.externaltools.gnu-tools-for-stm32.10.3-2021.10.win32_1.0.0.202111181127/tools/bin/../lib/gcc/arm-none-eabi/10.3.1/thumb/v7e-m+fp/hard/crti.o
                0x000000000800a0f4                _init
 .init          0x000000000800a0f8        0x8 c:/st/stm32cubeide_1.9.0/stm32cubeide/plugins/com.st.stm32cube.ide.mcu.externaltools.gnu-tools-for-stm32.10.3-2021.10.win32_1.0.0.202111181127/tools/bin/../lib/gcc/arm-none-eabi/10.3.1/thumb/v7e-m+fp/hard/crtn.o
 *(.fini)
 .fini          0x000000000800a100        0x4 c:/st/stm32cubeide_1.9.0/stm32cubeide/plugins/com.st.stm32cube.ide.mcu.externaltools.gnu-tools-for-stm32.10.3-2021.10.win32_1.0.0.202111181127/tools/bin/../lib/gcc/arm-none-eabi/10.3.1/thumb/v7e-m+fp/hard/crti.o
                0x000000000800a100                _fini
 .fini          0x000000000800a104        0x8 c:/st/stm32cubeide_1.9.0/stm32cubeide/plugins/com.st.stm32cube.ide.mcu.externaltools.gnu-tools-for-stm32.10.3-2021.10.win32_1.0.0.202111181127/tools/bin/../lib/gcc/arm-none-eabi/10.3.1/thumb/v7e-m+fp/hard/crtn.o
                0x000000000800a10c                . = ALIGN (0x4)
                0x000000000800a10c                _etext = .

.vfp11_veneer   0x000000000800a10c        0x0
 .vfp11_veneer  0x000000000800a10c        0x0 linker stubs

.v4_bx          0x000000000800a10c        0x0
 .v4_bx         0x000000000800a10c        0x0 linker stubs

.iplt           0x000000000800a10c        0x0
 .iplt          0x000000000800a10c        0x0 c:/st/stm32cubeide_1.9.0/stm32cubeide/plugins/com.st.stm32cube.ide.mcu.externaltools.gnu-tools-for-stm32.10.3-2021.10.win32_1.0.0.202111181127/tools/bin/../lib/gcc/arm-none-eabi/10.3.1/thumb/v7e-m+fp/hard/crtbegin.o

.rodata         0x000000000800a10c      0x374
                0x000000000800a10c                . = ALIGN (0x4)
 *(.rodata)
 .rodata        0x000000000800a10c       0x14 ./Core/Src/apps/app_sensorboard.o
 .rodata        0x000000000800a120      0x130 ./Core/Src/main.o
 .rodata        0x000000000800a250       0x3b ./Core/Src/peripheral/uart_test.o
 *fill*         0x000000000800a28b        0x1 
 .rodata        0x000000000800a28c       0x17 ./Middlewares/Third_Party/FreeRTOS/Source/tasks.o
 *fill*         0x000000000800a2a3        0x1 
 .rodata        0x000000000800a2a4        0xd ./Middlewares/Third_Party/FreeRTOS/Source/timers.o
 *(.rodata*)
 *fill*         0x000000000800a2b1        0x3 
 .rodata.apps_process_attributes
                0x000000000800a2b4       0x24 ./Core/Src/main.o
                0x000000000800a2b4                apps_process_attributes
 .rodata.apps_timer_attributes
                0x000000000800a2d8       0x24 ./Core/Src/main.o
                0x000000000800a2d8                apps_timer_attributes
 .rodata.p_ultrasonic_attributes
                0x000000000800a2fc       0x24 ./Core/Src/main.o
                0x000000000800a2fc                p_ultrasonic_attributes
 .rodata.p_interfaceBD_attributes
                0x000000000800a320       0x24 ./Core/Src/main.o
                0x000000000800a320                p_interfaceBD_attributes
 .rodata.p_uart_test_attributes
                0x000000000800a344       0x24 ./Core/Src/main.o
                0x000000000800a344                p_uart_test_attributes
 .rodata.queue_ultrasonic1_attributes
                0x000000000800a368       0x18 ./Core/Src/main.o
                0x000000000800a368                queue_ultrasonic1_attributes
 .rodata.queue_ultrasonic2_attributes
                0x000000000800a380       0x18 ./Core/Src/main.o
                0x000000000800a380                queue_ultrasonic2_attributes
 .rodata.queue_interfaceBD_attributes
                0x000000000800a398       0x18 ./Core/Src/main.o
                0x000000000800a398                queue_interfaceBD_attributes
 .rodata.queue_debug_test_attributes
                0x000000000800a3b0       0x18 ./Core/Src/main.o
                0x000000000800a3b0                queue_debug_test_attributes
 .rodata.AHBPrescTable
                0x000000000800a3c8       0x10 ./Core/Src/system_stm32f4xx.o
                0x000000000800a3c8                AHBPrescTable
 .rodata.APBPrescTable
                0x000000000800a3d8        0x8 ./Core/Src/system_stm32f4xx.o
                0x000000000800a3d8                APBPrescTable
 .rodata.flagBitshiftOffset.0
                0x000000000800a3e0        0x8 ./Drivers/STM32F4xx_HAL_Driver/Src/stm32f4xx_hal_dma.o
 .rodata.__sf_fake_stderr
                0x000000000800a3e8       0x20 c:/st/stm32cubeide_1.9.0/stm32cubeide/plugins/com.st.stm32cube.ide.mcu.externaltools.gnu-tools-for-stm32.10.3-2021.10.win32_1.0.0.202111181127/tools/bin/../lib/gcc/arm-none-eabi/10.3.1/../../../../arm-none-eabi/lib/thumb/v7e-m+fp/hard\libc_nano.a(lib_a-findfp.o)
                0x000000000800a3e8                __sf_fake_stderr
 .rodata.__sf_fake_stdin
                0x000000000800a408       0x20 c:/st/stm32cubeide_1.9.0/stm32cubeide/plugins/com.st.stm32cube.ide.mcu.externaltools.gnu-tools-for-stm32.10.3-2021.10.win32_1.0.0.202111181127/tools/bin/../lib/gcc/arm-none-eabi/10.3.1/../../../../arm-none-eabi/lib/thumb/v7e-m+fp/hard\libc_nano.a(lib_a-findfp.o)
                0x000000000800a408                __sf_fake_stdin
 .rodata.__sf_fake_stdout
                0x000000000800a428       0x20 c:/st/stm32cubeide_1.9.0/stm32cubeide/plugins/com.st.stm32cube.ide.mcu.externaltools.gnu-tools-for-stm32.10.3-2021.10.win32_1.0.0.202111181127/tools/bin/../lib/gcc/arm-none-eabi/10.3.1/../../../../arm-none-eabi/lib/thumb/v7e-m+fp/hard\libc_nano.a(lib_a-findfp.o)
                0x000000000800a428                __sf_fake_stdout
 .rodata._global_impure_ptr
                0x000000000800a448        0x4 c:/st/stm32cubeide_1.9.0/stm32cubeide/plugins/com.st.stm32cube.ide.mcu.externaltools.gnu-tools-for-stm32.10.3-2021.10.win32_1.0.0.202111181127/tools/bin/../lib/gcc/arm-none-eabi/10.3.1/../../../../arm-none-eabi/lib/thumb/v7e-m+fp/hard\libc_nano.a(lib_a-impure.o)
                0x000000000800a448                _global_impure_ptr
 .rodata._vfprintf_r.str1.1
                0x000000000800a44c       0x11 c:/st/stm32cubeide_1.9.0/stm32cubeide/plugins/com.st.stm32cube.ide.mcu.externaltools.gnu-tools-for-stm32.10.3-2021.10.win32_1.0.0.202111181127/tools/bin/../lib/gcc/arm-none-eabi/10.3.1/../../../../arm-none-eabi/lib/thumb/v7e-m+fp/hard\libc_nano.a(lib_a-nano-vfprintf.o)
 .rodata._printf_i.str1.1
                0x000000000800a45d       0x22 c:/st/stm32cubeide_1.9.0/stm32cubeide/plugins/com.st.stm32cube.ide.mcu.externaltools.gnu-tools-for-stm32.10.3-2021.10.win32_1.0.0.202111181127/tools/bin/../lib/gcc/arm-none-eabi/10.3.1/../../../../arm-none-eabi/lib/thumb/v7e-m+fp/hard\libc_nano.a(lib_a-nano-vfprintf_i.o)
                0x000000000800a480                . = ALIGN (0x4)
 *fill*         0x000000000800a47f        0x1 

.ARM.extab      0x000000000800a480        0x0
                0x000000000800a480                . = ALIGN (0x4)
 *(.ARM.extab* .gnu.linkonce.armextab.*)
                0x000000000800a480                . = ALIGN (0x4)

.ARM            0x000000000800a480        0x8
                0x000000000800a480                . = ALIGN (0x4)
                0x000000000800a480                __exidx_start = .
 *(.ARM.exidx*)
 .ARM.exidx     0x000000000800a480        0x8 c:/st/stm32cubeide_1.9.0/stm32cubeide/plugins/com.st.stm32cube.ide.mcu.externaltools.gnu-tools-for-stm32.10.3-2021.10.win32_1.0.0.202111181127/tools/bin/../lib/gcc/arm-none-eabi/10.3.1/thumb/v7e-m+fp/hard\libgcc.a(_udivmoddi4.o)
                0x000000000800a488                __exidx_end = .
                0x000000000800a488                . = ALIGN (0x4)

.rel.dyn        0x000000000800a488        0x0
 .rel.iplt      0x000000000800a488        0x0 c:/st/stm32cubeide_1.9.0/stm32cubeide/plugins/com.st.stm32cube.ide.mcu.externaltools.gnu-tools-for-stm32.10.3-2021.10.win32_1.0.0.202111181127/tools/bin/../lib/gcc/arm-none-eabi/10.3.1/thumb/v7e-m+fp/hard/crtbegin.o

.preinit_array  0x000000000800a488        0x0
                0x000000000800a488                . = ALIGN (0x4)
                0x000000000800a488                PROVIDE (__preinit_array_start = .)
 *(.preinit_array*)
                0x000000000800a488                PROVIDE (__preinit_array_end = .)
                0x000000000800a488                . = ALIGN (0x4)

.init_array     0x000000000800a488        0x4
                0x000000000800a488                . = ALIGN (0x4)
                0x000000000800a488                PROVIDE (__init_array_start = .)
 *(SORT_BY_NAME(.init_array.*))
 *(.init_array*)
 .init_array    0x000000000800a488        0x4 c:/st/stm32cubeide_1.9.0/stm32cubeide/plugins/com.st.stm32cube.ide.mcu.externaltools.gnu-tools-for-stm32.10.3-2021.10.win32_1.0.0.202111181127/tools/bin/../lib/gcc/arm-none-eabi/10.3.1/thumb/v7e-m+fp/hard/crtbegin.o
                0x000000000800a48c                PROVIDE (__init_array_end = .)
                0x000000000800a48c                . = ALIGN (0x4)

.fini_array     0x000000000800a48c        0x4
                0x000000000800a48c                . = ALIGN (0x4)
                [!provide]                        PROVIDE (__fini_array_start = .)
 *(SORT_BY_NAME(.fini_array.*))
 *(.fini_array*)
 .fini_array    0x000000000800a48c        0x4 c:/st/stm32cubeide_1.9.0/stm32cubeide/plugins/com.st.stm32cube.ide.mcu.externaltools.gnu-tools-for-stm32.10.3-2021.10.win32_1.0.0.202111181127/tools/bin/../lib/gcc/arm-none-eabi/10.3.1/thumb/v7e-m+fp/hard/crtbegin.o
                [!provide]                        PROVIDE (__fini_array_end = .)
                0x000000000800a490                . = ALIGN (0x4)
                0x000000000800a490                _sidata = LOADADDR (.data)

.data           0x0000000020000000       0x8c load address 0x000000000800a490
                0x0000000020000000                . = ALIGN (0x4)
                0x0000000020000000                _sdata = .
 *(.data)
 *(.data*)
 .data.current_app_id
                0x0000000020000000        0x1 ./Core/Src/apps/app_sensorboard.o
 *fill*         0x0000000020000001        0x3 
 .data.this     0x0000000020000004       0x14 ./Core/Src/apps/apps_init.o
 .data.SystemCoreClock
                0x0000000020000018        0x4 ./Core/Src/system_stm32f4xx.o
                0x0000000020000018                SystemCoreClock
 .data.uwTickPrio
                0x000000002000001c        0x4 ./Drivers/STM32F4xx_HAL_Driver/Src/stm32f4xx_hal.o
                0x000000002000001c                uwTickPrio
 .data.uwTickFreq
                0x0000000020000020        0x1 ./Drivers/STM32F4xx_HAL_Driver/Src/stm32f4xx_hal.o
                0x0000000020000020                uwTickFreq
 *fill*         0x0000000020000021        0x3 
 .data.uxCriticalNesting
                0x0000000020000024        0x4 ./Middlewares/Third_Party/FreeRTOS/Source/portable/GCC/ARM_CM4F/port.o
 .data._impure_ptr
                0x0000000020000028        0x4 c:/st/stm32cubeide_1.9.0/stm32cubeide/plugins/com.st.stm32cube.ide.mcu.externaltools.gnu-tools-for-stm32.10.3-2021.10.win32_1.0.0.202111181127/tools/bin/../lib/gcc/arm-none-eabi/10.3.1/../../../../arm-none-eabi/lib/thumb/v7e-m+fp/hard\libc_nano.a(lib_a-impure.o)
                0x0000000020000028                _impure_ptr
 .data.impure_data
                0x000000002000002c       0x60 c:/st/stm32cubeide_1.9.0/stm32cubeide/plugins/com.st.stm32cube.ide.mcu.externaltools.gnu-tools-for-stm32.10.3-2021.10.win32_1.0.0.202111181127/tools/bin/../lib/gcc/arm-none-eabi/10.3.1/../../../../arm-none-eabi/lib/thumb/v7e-m+fp/hard\libc_nano.a(lib_a-impure.o)
 *(.RamFunc)
 *(.RamFunc*)
                0x000000002000008c                . = ALIGN (0x4)
                0x000000002000008c                _edata = .
                0x000000000800a51c                _siccmram = LOADADDR (.ccmram)

.igot.plt       0x000000002000008c        0x0 load address 0x000000000800a51c
 .igot.plt      0x000000002000008c        0x0 c:/st/stm32cubeide_1.9.0/stm32cubeide/plugins/com.st.stm32cube.ide.mcu.externaltools.gnu-tools-for-stm32.10.3-2021.10.win32_1.0.0.202111181127/tools/bin/../lib/gcc/arm-none-eabi/10.3.1/thumb/v7e-m+fp/hard/crtbegin.o

.ccmram         0x0000000010000000        0x0 load address 0x000000000800a51c
                0x0000000010000000                . = ALIGN (0x4)
                0x0000000010000000                _sccmram = .
 *(.ccmram)
 *(.ccmram*)
                0x0000000010000000                . = ALIGN (0x4)
                0x0000000010000000                _eccmram = .
                0x0000000010000000                . = ALIGN (0x4)

.bss            0x000000002000008c     0x994c
                0x000000002000008c                _sbss = .
                0x000000002000008c                __bss_start__ = _sbss
 *(.bss)
 .bss           0x000000002000008c       0x1c c:/st/stm32cubeide_1.9.0/stm32cubeide/plugins/com.st.stm32cube.ide.mcu.externaltools.gnu-tools-for-stm32.10.3-2021.10.win32_1.0.0.202111181127/tools/bin/../lib/gcc/arm-none-eabi/10.3.1/thumb/v7e-m+fp/hard/crtbegin.o
 *(.bss*)
 .bss.apps      0x00000000200000a8        0x4 ./Core/Src/apps/app_sensorboard.o
 .bss.gv        0x00000000200000ac        0x6 ./Core/Src/apps/app_sensorboard.o
                0x00000000200000ac                gv
 .bss.process_index.3
                0x00000000200000b2        0x1 ./Core/Src/apps/app_sensorboard.o
 .bss.msg.2     0x00000000200000b3        0x1 ./Core/Src/apps/app_sensorboard.o
 .bss.param1.1  0x00000000200000b4        0x4 ./Core/Src/apps/app_sensorboard.o
 .bss.param2.0  0x00000000200000b8        0x4 ./Core/Src/apps/app_sensorboard.o
 .bss.g_msgs_queue
                0x00000000200000bc      0x300 ./Core/Src/apps/msgs.o
 .bss.g_msgs_queue_head
                0x00000000200003bc        0x1 ./Core/Src/apps/msgs.o
 .bss.g_msgs_queue_tail
                0x00000000200003bd        0x1 ./Core/Src/apps/msgs.o
 *fill*         0x00000000200003be        0x2 
 .bss.Belt_LED_rotateData
                0x00000000200003c0      0x1e4 ./Core/Src/before/led_control.o
                0x00000000200003c0                Belt_LED_rotateData
 .bss.Ring1_LED_rotateData
                0x00000000200005a4       0x7c ./Core/Src/before/led_control.o
                0x00000000200005a4                Ring1_LED_rotateData
 .bss.Ring2_LED_rotateData
                0x0000000020000620       0x7c ./Core/Src/before/led_control.o
                0x0000000020000620                Ring2_LED_rotateData
 .bss.beltdatasentflag
                0x000000002000069c        0x1 ./Core/Src/before/led_control.o
                0x000000002000069c                beltdatasentflag
 .bss.ring1datasentflag
                0x000000002000069d        0x1 ./Core/Src/before/led_control.o
                0x000000002000069d                ring1datasentflag
 .bss.ring2datasentflag
                0x000000002000069e        0x1 ./Core/Src/before/led_control.o
                0x000000002000069e                ring2datasentflag
 *fill*         0x000000002000069f        0x1 
 .bss.LED_PWM_low
                0x00000000200006a0        0x2 ./Core/Src/before/led_control.o
                0x00000000200006a0                LED_PWM_low
 .bss.LED_PWM_high
                0x00000000200006a2        0x2 ./Core/Src/before/led_control.o
                0x00000000200006a2                LED_PWM_high
 .bss.hspi1     0x00000000200006a4       0x58 ./Core/Src/main.o
                0x00000000200006a4                hspi1
 .bss.htim1     0x00000000200006fc       0x48 ./Core/Src/main.o
                0x00000000200006fc                htim1
 .bss.htim4     0x0000000020000744       0x48 ./Core/Src/main.o
                0x0000000020000744                htim4
 .bss.htim13    0x000000002000078c       0x48 ./Core/Src/main.o
                0x000000002000078c                htim13
 .bss.hdma_tim1_ch1
                0x00000000200007d4       0x60 ./Core/Src/main.o
                0x00000000200007d4                hdma_tim1_ch1
 .bss.hdma_tim1_ch2
                0x0000000020000834       0x60 ./Core/Src/main.o
                0x0000000020000834                hdma_tim1_ch2
 .bss.hdma_tim1_ch3
                0x0000000020000894       0x60 ./Core/Src/main.o
                0x0000000020000894                hdma_tim1_ch3
 .bss.huart4    0x00000000200008f4       0x44 ./Core/Src/main.o
                0x00000000200008f4                huart4
 .bss.huart2    0x0000000020000938       0x44 ./Core/Src/main.o
                0x0000000020000938                huart2
 .bss.huart3    0x000000002000097c       0x44 ./Core/Src/main.o
                0x000000002000097c                huart3
 .bss.huart6    0x00000000200009c0       0x44 ./Core/Src/main.o
                0x00000000200009c0                huart6
 .bss.apps_processHandle
                0x0000000020000a04        0x4 ./Core/Src/main.o
                0x0000000020000a04                apps_processHandle
 .bss.apps_timerHandle
                0x0000000020000a08        0x4 ./Core/Src/main.o
                0x0000000020000a08                apps_timerHandle
 .bss.p_ultrasonicHandle
                0x0000000020000a0c        0x4 ./Core/Src/main.o
                0x0000000020000a0c                p_ultrasonicHandle
 .bss.p_interfaceBDHandle
                0x0000000020000a10        0x4 ./Core/Src/main.o
                0x0000000020000a10                p_interfaceBDHandle
 .bss.p_uart_testHandle
                0x0000000020000a14        0x4 ./Core/Src/main.o
                0x0000000020000a14                p_uart_testHandle
 .bss.queue_ultrasonic1Handle
                0x0000000020000a18        0x4 ./Core/Src/main.o
                0x0000000020000a18                queue_ultrasonic1Handle
 .bss.queue_ultrasonic2Handle
                0x0000000020000a1c        0x4 ./Core/Src/main.o
                0x0000000020000a1c                queue_ultrasonic2Handle
 .bss.queue_interfaceBDHandle
                0x0000000020000a20        0x4 ./Core/Src/main.o
                0x0000000020000a20                queue_interfaceBDHandle
 .bss.queue_debug_testHandle
                0x0000000020000a24        0x4 ./Core/Src/main.o
                0x0000000020000a24                queue_debug_testHandle
 .bss.htim7     0x0000000020000a28       0x48 ./Core/Src/stm32f4xx_hal_timebase_tim.o
                0x0000000020000a28                htim7
 .bss.data.3    0x0000000020000a70        0x1 ./Core/Src/stm32f4xx_it.o
 .bss.data.2    0x0000000020000a71        0x1 ./Core/Src/stm32f4xx_it.o
 .bss.data.1    0x0000000020000a72        0x1 ./Core/Src/stm32f4xx_it.o
 .bss.data.0    0x0000000020000a73        0x1 ./Core/Src/stm32f4xx_it.o
 .bss.__sbrk_heap_end
                0x0000000020000a74        0x4 ./Core/Src/sysmem.o
 .bss.timers    0x0000000020000a78       0xc0 ./Core/Src/u_timer.o
 .bss.interrupt_timers
                0x0000000020000b38       0x30 ./Core/Src/u_timer.o
 .bss.TX_PACKET_B2B
                0x0000000020000b68      0x100 ./Core/Src/peripheral/interface_board.o
                0x0000000020000b68                TX_PACKET_B2B
 .bss.buffer    0x0000000020000c68      0x200 ./Core/Src/peripheral/uart_test.o
                0x0000000020000c68                buffer
 .bss.buffer_len
                0x0000000020000e68        0x1 ./Core/Src/peripheral/uart_test.o
                0x0000000020000e68                buffer_len
 *fill*         0x0000000020000e69        0x3 
 .bss.TX_PACKET_HGC40U_Trigger
                0x0000000020000e6c       0x14 ./Core/Src/peripheral/ultrasonic_HG_C40U.o
                0x0000000020000e6c                TX_PACKET_HGC40U_Trigger
 .bss.TX_PACKET_HGC40U_SET_UART_Trigger
                0x0000000020000e80       0x14 ./Core/Src/peripheral/ultrasonic_HG_C40U.o
                0x0000000020000e80                TX_PACKET_HGC40U_SET_UART_Trigger
 .bss.sensor1   0x0000000020000e94        0x4 ./Core/Src/peripheral/ultrasonic_HG_C40U.o
 .bss.sensor2   0x0000000020000e98        0x4 ./Core/Src/peripheral/ultrasonic_HG_C40U.o
 .bss.rx_buf1   0x0000000020000e9c        0xa ./Core/Src/peripheral/ultrasonic_HG_C40U.o
                0x0000000020000e9c                rx_buf1
 *fill*         0x0000000020000ea6        0x2 
 .bss.rx_buf2   0x0000000020000ea8        0xa ./Core/Src/peripheral/ultrasonic_HG_C40U.o
                0x0000000020000ea8                rx_buf2
 .bss.rx_buf1_len
                0x0000000020000eb2        0x1 ./Core/Src/peripheral/ultrasonic_HG_C40U.o
                0x0000000020000eb2                rx_buf1_len
 .bss.rx_buf2_len
                0x0000000020000eb3        0x1 ./Core/Src/peripheral/ultrasonic_HG_C40U.o
                0x0000000020000eb3                rx_buf2_len
 .bss.uwTick    0x0000000020000eb4        0x4 ./Drivers/STM32F4xx_HAL_Driver/Src/stm32f4xx_hal.o
                0x0000000020000eb4                uwTick
 .bss.KernelState
                0x0000000020000eb8        0x4 ./Middlewares/Third_Party/FreeRTOS/Source/CMSIS_RTOS_V2/cmsis_os2.o
 .bss.Idle_TCB.3
                0x0000000020000ebc       0xbc ./Middlewares/Third_Party/FreeRTOS/Source/CMSIS_RTOS_V2/cmsis_os2.o
 .bss.Idle_Stack.2
                0x0000000020000f78      0x100 ./Middlewares/Third_Party/FreeRTOS/Source/CMSIS_RTOS_V2/cmsis_os2.o
 .bss.Timer_TCB.1
                0x0000000020001078       0xbc ./Middlewares/Third_Party/FreeRTOS/Source/CMSIS_RTOS_V2/cmsis_os2.o
 .bss.Timer_Stack.0
                0x0000000020001134      0x200 ./Middlewares/Third_Party/FreeRTOS/Source/CMSIS_RTOS_V2/cmsis_os2.o
 .bss.xQueueRegistry
                0x0000000020001334       0x40 ./Middlewares/Third_Party/FreeRTOS/Source/queue.o
                0x0000000020001334                xQueueRegistry
 .bss.pxCurrentTCB
                0x0000000020001374        0x4 ./Middlewares/Third_Party/FreeRTOS/Source/tasks.o
                0x0000000020001374                pxCurrentTCB
 .bss.pxReadyTasksLists
                0x0000000020001378      0x460 ./Middlewares/Third_Party/FreeRTOS/Source/tasks.o
 .bss.xDelayedTaskList1
                0x00000000200017d8       0x14 ./Middlewares/Third_Party/FreeRTOS/Source/tasks.o
 .bss.xDelayedTaskList2
                0x00000000200017ec       0x14 ./Middlewares/Third_Party/FreeRTOS/Source/tasks.o
 .bss.pxDelayedTaskList