Archive member included to satisfy reference by file (symbol)

c:/st/stm32cubeide_1.9.0/stm32cubeide/plugins/com.st.stm32cube.ide.mcu.externaltools.gnu-tools-for-stm32.10.3-2021.10.win32_1.0.0.202111181127/tools/bin/../lib/gcc/arm-none-eabi/10.3.1/../../../../arm-none-eabi/lib/thumb/v7e-m+fp/hard\libc_nano.a(lib_a-atoi.o)
                              ./Core/Src/peripheral/uart_test.o (atoi)
c:/st/stm32cubeide_1.9.0/stm32cubeide/plugins/com.st.stm32cube.ide.mcu.externaltools.gnu-tools-for-stm32.10.3-2021.10.win32_1.0.0.202111181127/tools/bin/../lib/gcc/arm-none-eabi/10.3.1/../../../../arm-none-eabi/lib/thumb/v7e-m+fp/hard\libc_nano.a(lib_a-errno.o)
                              ./Core/Src/syscalls.o (__errno)
c:/st/stm32cubeide_1.9.0/stm32cubeide/plugins/com.st.stm32cube.ide.mcu.externaltools.gnu-tools-for-stm32.10.3-2021.10.win32_1.0.0.202111181127/tools/bin/../lib/gcc/arm-none-eabi/10.3.1/../../../../arm-none-eabi/lib/thumb/v7e-m+fp/hard\libc_nano.a(lib_a-exit.o)
                              c:/st/stm32cubeide_1.9.0/stm32cubeide/plugins/com.st.stm32cube.ide.mcu.externaltools.gnu-tools-for-stm32.10.3-2021.10.win32_1.0.0.202111181127/tools/bin/../lib/gcc/arm-none-eabi/10.3.1/../../../../arm-none-eabi/lib/thumb/v7e-m+fp/hard/crt0.o (exit)
c:/st/stm32cubeide_1.9.0/stm32cubeide/plugins/com.st.stm32cube.ide.mcu.externaltools.gnu-tools-for-stm32.10.3-2021.10.win32_1.0.0.202111181127/tools/bin/../lib/gcc/arm-none-eabi/10.3.1/../../../../arm-none-eabi/lib/thumb/v7e-m+fp/hard\libc_nano.a(lib_a-findfp.o)
                              ./Middlewares/Third_Party/FreeRTOS/Source/tasks.o (__sf_fake_stderr)
c:/st/stm32cubeide_1.9.0/stm32cubeide/plugins/com.st.stm32cube.ide.mcu.externaltools.gnu-tools-for-stm32.10.3-2021.10.win32_1.0.0.202111181127/tools/bin/../lib/gcc/arm-none-eabi/10.3.1/../../../../arm-none-eabi/lib/thumb/v7e-m+fp/hard\libc_nano.a(lib_a-fwalk.o)
                              c:/st/stm32cubeide_1.9.0/stm32cubeide/plugins/com.st.stm32cube.ide.mcu.externaltools.gnu-tools-for-stm32.10.3-2021.10.win32_1.0.0.202111181127/tools/bin/../lib/gcc/arm-none-eabi/10.3.1/../../../../arm-none-eabi/lib/thumb/v7e-m+fp/hard\libc_nano.a(lib_a-findfp.o) (_fwalk)
c:/st/stm32cubeide_1.9.0/stm32cubeide/plugins/com.st.stm32cube.ide.mcu.externaltools.gnu-tools-for-stm32.10.3-2021.10.win32_1.0.0.202111181127/tools/bin/../lib/gcc/arm-none-eabi/10.3.1/../../../../arm-none-eabi/lib/thumb/v7e-m+fp/hard\libc_nano.a(lib_a-impure.o)
                              c:/st/stm32cubeide_1.9.0/stm32cubeide/plugins/com.st.stm32cube.ide.mcu.externaltools.gnu-tools-for-stm32.10.3-2021.10.win32_1.0.0.202111181127/tools/bin/../lib/gcc/arm-none-eabi/10.3.1/../../../../arm-none-eabi/lib/thumb/v7e-m+fp/hard\libc_nano.a(lib_a-exit.o) (_global_impure_ptr)
c:/st/stm32cubeide_1.9.0/stm32cubeide/plugins/com.st.stm32cube.ide.mcu.externaltools.gnu-tools-for-stm32.10.3-2021.10.win32_1.0.0.202111181127/tools/bin/../lib/gcc/arm-none-eabi/10.3.1/../../../../arm-none-eabi/lib/thumb/v7e-m+fp/hard\libc_nano.a(lib_a-init.o)
                              c:/st/stm32cubeide_1.9.0/stm32cubeide/plugins/com.st.stm32cube.ide.mcu.externaltools.gnu-tools-for-stm32.10.3-2021.10.win32_1.0.0.202111181127/tools/bin/../lib/gcc/arm-none-eabi/10.3.1/../../../../arm-none-eabi/lib/thumb/v7e-m+fp/hard/crt0.o (__libc_init_array)
c:/st/stm32cubeide_1.9.0/stm32cubeide/plugins/com.st.stm32cube.ide.mcu.externaltools.gnu-tools-for-stm32.10.3-2021.10.win32_1.0.0.202111181127/tools/bin/../lib/gcc/arm-none-eabi/10.3.1/../../../../arm-none-eabi/lib/thumb/v7e-m+fp/hard\libc_nano.a(lib_a-lock.o)
                              c:/st/stm32cubeide_1.9.0/stm32cubeide/plugins/com.st.stm32cube.ide.mcu.externaltools.gnu-tools-for-stm32.10.3-2021.10.win32_1.0.0.202111181127/tools/bin/../lib/gcc/arm-none-eabi/10.3.1/../../../../arm-none-eabi/lib/thumb/v7e-m+fp/hard\libc_nano.a(lib_a-findfp.o) (__retarget_lock_init_recursive)
c:/st/stm32cubeide_1.9.0/stm32cubeide/plugins/com.st.stm32cube.ide.mcu.externaltools.gnu-tools-for-stm32.10.3-2021.10.win32_1.0.0.202111181127/tools/bin/../lib/gcc/arm-none-eabi/10.3.1/../../../../arm-none-eabi/lib/thumb/v7e-m+fp/hard\libc_nano.a(lib_a-malloc.o)
                              ./Core/Src/util/u_strings.o (malloc)
c:/st/stm32cubeide_1.9.0/stm32cubeide/plugins/com.st.stm32cube.ide.mcu.externaltools.gnu-tools-for-stm32.10.3-2021.10.win32_1.0.0.202111181127/tools/bin/../lib/gcc/arm-none-eabi/10.3.1/../../../../arm-none-eabi/lib/thumb/v7e-m+fp/hard\libc_nano.a(lib_a-memcmp.o)
                              ./Core/Src/util/u_strings.o (memcmp)
c:/st/stm32cubeide_1.9.0/stm32cubeide/plugins/com.st.stm32cube.ide.mcu.externaltools.gnu-tools-for-stm32.10.3-2021.10.win32_1.0.0.202111181127/tools/bin/../lib/gcc/arm-none-eabi/10.3.1/../../../../arm-none-eabi/lib/thumb/v7e-m+fp/hard\libc_nano.a(lib_a-memcpy-stub.o)
                              ./Core/Src/apps/app_sensorboard.o (memcpy)
[...]
Memory Configuration

Name             Origin             Length             Attributes
CCMRAM           0x0000000010000000 0x0000000000010000 xrw
RAM              0x0000000020000000 0x0000000000020000 xrw
FLASH            0x0000000008000000 0x0000000000080000 xr
*default*        0x0000000000000000 0xffffffffffffffff

Linker script and memory map

LOAD c:/st/stm32cubeide_1.9.0/stm32cubeide/plugins/com.st.stm32cube.ide.mcu.externaltools.gnu-tools-for-stm32.10.3-2021.10.win32_1.0.0.202111181127/tools/bin/../lib/gcc/arm-none-eabi/10.3.1/thumb/v7e-m+fp/hard/crti.o
LOAD c:/st/stm32cubeide_1.9.0/stm32cubeide/plugins/com.st.stm32cube.ide.mcu.externaltools.gnu-tools-for-stm32.10.3-2021.10.win32_1.0.0.202111181127/tools/bin/../lib/gcc/arm-none-eabi/10.3.1/thumb/v7e-m+fp/hard/crtbegin.o
LOAD c:/st/stm32cubeide_1.9.0/stm32cubeide/plugins/com.st.stm32cube.ide.mcu.externaltools.gnu-tools-for-stm32.10.3-2021.10.win32_1.0.0.202111181127/tools/bin/../lib/gcc/arm-none-eabi/10.3.1/../../../../arm-none-eabi/lib/thumb/v7e-m+fp/hard/crt0.o
LOAD ./Core/Src/apps/app_sensorboard.o
LOAD ./Core/Src/apps/apps_init.o
LOAD ./Core/Src/apps/msgs.o
LOAD ./Core/Src/before/dot_matrix1.o
LOAD ./Core/Src/before/dot_matrix2.o
LOAD ./Core/Src/freertos.o
LOAD ./Core/Src/main.o
LOAD ./Core/Src/stm32f4xx_hal_msp.o
LOAD ./Core/Src/stm32f4xx_hal_timebase_tim.o
LOAD ./Core/Src/stm32f4xx_it.o
LOAD ./Core/Src/syscalls.o
LOAD ./Core/Src/sysmem.o
LOAD ./Core/Src/system_stm32f4xx.o
LOAD ./Core/Src/peripheral/interface_board.o
LOAD ./Core/Src/peripheral/uart_test.o
LOAD ./Core/Src/peripheral/ultrasonic_HG_C40U.o
LOAD ./Core/Src/util/u_bsp_driver.o
LOAD ./Core/Src/util/u_strings.o
LOAD ./Core/Src/util/u_timer.o
LOAD ./Core/Startup/startup_stm32f407vetx.o
LOAD ./Drivers/STM32F4xx_HAL_Driver/Src/stm32f4xx_hal.o
LOAD ./Drivers/STM32F4xx_HAL_Driver/Src/stm32f4xx_hal_cortex.o
LOAD ./Drivers/STM32F4xx_HAL_Driver/Src/stm32f4xx_hal_dma.o
LOAD ./Drivers/STM32F4xx_HAL_Driver/Src/stm32f4xx_hal_dma_ex.o
LOAD ./Drivers/STM32F4xx_HAL_Driver/Src/stm32f4xx_hal_exti.o
LOAD ./Drivers/STM32F4xx_HAL_Driver/Src/stm32f4xx_hal_flash.o
LOAD ./Drivers/STM32F4xx_HAL_Driver/Src/stm32f4xx_hal_flash_ex.o
LOAD ./Drivers/STM32F4xx_HAL_Driver/Src/stm32f4xx_hal_flash_ramfunc.o
LOAD ./Drivers/STM32F4xx_HAL_Driver/Src/stm32f4xx_hal_gpio.o
LOAD ./Drivers/STM32F4xx_HAL_Driver/Src/stm32f4xx_hal_pwr.o
LOAD ./Drivers/STM32F4xx_HAL_Driver/Src/stm32f4xx_hal_pwr_ex.o
LOAD ./Drivers/STM32F4xx_HAL_Driver/Src/stm32f4xx_hal_rcc.o
LOAD ./Drivers/STM32F4xx_HAL_Driver/Src/stm32f4xx_hal_rcc_ex.o
LOAD ./Drivers/STM32F4xx_HAL_Driver/Src/stm32f4xx_hal_spi.o
LOAD ./Drivers/STM32F4xx_HAL_Driver/Src/stm32f4xx_hal_tim.o
LOAD ./Drivers/STM32F4xx_HAL_Driver/Src/stm32f4xx_hal_tim_ex.o
LOAD ./Drivers/STM32F4xx_HAL_Driver/Src/stm32f4xx_hal_uart.o
LOAD ./Middlewares/Third_Party/FreeRTOS/Source/CMSIS_RTOS_V2/cmsis_os2.o
LOAD ./Middlewares/Third_Party/FreeRTOS/Source/croutine.o
LOAD ./Middlewares/Third_Party/FreeRTOS/Source/event_groups.o
LOAD ./Middlewares/Third_Party/FreeRTOS/Source/list.o
LOAD ./Middlewares/Third_Party/FreeRTOS/Source/queue.o
LOAD ./Middlewares/Third_Party/FreeRTOS/Source/stream_buffer.o
LOAD ./Middlewares/Third_Party/FreeRTOS/Source/tasks.o
LOAD ./Middlewares/Third_Party/FreeRTOS/Source/timers.o
LOAD ./Middlewares/Third_Party/FreeRTOS/Source/portable/GCC/ARM_CM4F/port.o
LOAD ./Middlewares/Third_Party/FreeRTOS/Source/portable/MemMang/heap_4.o
START GROUP
LOAD c:/st/stm32cubeide_1.9.0/stm32cubeide/plugins/com.st.stm32cube.ide.mcu.externaltools.gnu-tools-for-stm32.10.3-2021.10.win32_1.0.0.202111181127/tools/bin/../lib/gcc/arm-none-eabi/10.3.1/../../../../arm-none-eabi/lib/thumb/v7e-m+fp/hard\libc_nano.a
LOAD c:/st/stm32cubeide_1.9.0/stm32cubeide/plugins/com.st.stm32cube.ide.mcu.externaltools.gnu-tools-for-stm32.10.3-2021.10.win32_1.0.0.202111181127/tools/bin/../lib/gcc/arm-none-eabi/10.3.1/../../../../arm-none-eabi/lib/thumb/v7e-m+fp/hard\libm.a
END GROUP
START GROUP
LOAD c:/st/stm32cubeide_1.9.0/stm32cubeide/plugins/com.st.stm32cube.ide.mcu.externaltools.gnu-tools-for-stm32.10.3-2021.10.win32_1.0.0.202111181127/tools/bin/../lib/gcc/arm-none-eabi/10.3.1/thumb/v7e-m+fp/hard\libgcc.a
LOAD c:/st/stm32cubeide_1.9.0/stm32cubeide/plugins/com.st.stm32cube.ide.mcu.externaltools.gnu-tools-for-stm32.10.3-2021.10.win32_1.0.0.202111181127/tools/bin/../lib/gcc/arm-none-eabi/10.3.1/../../../../arm-none-eabi/lib/thumb/v7e-m+fp/hard\libc_nano.a
END GROUP
START GROUP
LOAD c:/st/stm32cubeide_1.9.0/stm32cubeide/plugins/com.st.stm32cube.ide.mcu.externaltools.gnu-tools-for-stm32.10.3-2021.10.win32_1.0.0.202111181127/tools/bin/../lib/gcc/arm-none-eabi/10.3.1/thumb/v7e-m+fp/hard\libgcc.a
LOAD c:/st/stm32cubeide_1.9.0/stm32cubeide/plugins/com.st.stm32cube.ide.mcu.externaltools.gnu-tools-for-stm32.10.3-2021.10.win32_1.0.0.202111181127/tools/bin/../lib/gcc/arm-none-eabi/10.3.1/../../../../arm-none-eabi/lib/thumb/v7e-m+fp/hard\libc_nano.a
LOAD c:/st/stm32cubeide_1.9.0/stm32cubeide/plugins/com.st.stm32cube.ide.mcu.externaltools.gnu-tools-for-stm32.10.3-2021.10.win32_1.0.0.202111181127/tools/bin/../lib/gcc/arm-none-eabi/10.3.1/../../../../arm-none-eabi/lib/thumb/v7e-m+fp/hard\libnosys.a
END GROUP
START GROUP
LOAD c:/st/stm32cubeide_1.9.0/stm32cubeide/plugins/com.st.stm32cube.ide.mcu.externaltools.gnu-tools-for-stm32.10.3-2021.10.win32_1.0.0.202111181127/tools/bin/../lib/gcc/arm-none-eabi/10.3.1/thumb/v7e-m+fp/hard\libgcc.a
LOAD c:/st/stm32cubeide_1.9.0/stm32cubeide/plugins/com.st.stm32cube.ide.mcu.externaltools.gnu-tools-for-stm32.10.3-2021.10.win32_1.0.0.202111181127/tools/bin/../lib/gcc/arm-none-eabi/10.3.1/../../../../arm-none-eabi/lib/thumb/v7e-m+fp/hard\libc_nano.a
LOAD c:/st/stm32cubeide_1.9.0/stm32cubeide/plugins/com.st.stm32cube.ide.mcu.externaltools.gnu-tools-for-stm32.10.3-2021.10.win32_1.0.0.202111181127/tools/bin/../lib/gcc/arm-none-eabi/10.3.1/../../../../arm-none-eabi/lib/thumb/v7e-m+fp/hard\libnosys.a
END GROUP
LOAD c:/st/stm32cubeide_1.9.0/stm32cubeide/plugins/com.st.stm32cube.ide.mcu.externaltools.gnu-tools-for-stm32.10.3-2021.10.win32_1.0.0.202111181127/tools/bin/../lib/gcc/arm-none-eabi/10.3.1/thumb/v7e-m+fp/hard/crtend.o
LOAD c:/st/stm32cubeide_1.9.0/stm32cubeide/plugins/com.st.stm32cube.ide.mcu.externaltools.gnu-tools-for-stm32.10.3-2021.10.win32_1.0.0.202111181127/tools/bin/../lib/gcc/arm-none-eabi/10.3.1/thumb/v7e-m+fp/hard/crtn.o
                0x0000000020020000                _estack = (ORIGIN (RAM) + LENGTH (RAM))
                0x0000000000000200                _Min_Heap_Size = 0x200
                0x0000000000000400                _Min_Stack_Size = 0x400

.isr_vector     0x0000000008000000      0x188
                0x0000000008000000                . = ALIGN (0x4)
 *(.isr_vector)
 .isr_vector    0x0000000008000000      0x188 ./Core/Startup/startup_stm32f407vetx.o
                0x0000000008000000                g_pfnVectors
                0x0000000008000188                . = ALIGN (0x4)

.text           0x0000000008000190     0xcb7c
                0x0000000008000190                . = ALIGN (0x4)
 *(.text)
 .text          0x0000000008000190       0x40 c:/st/stm32cubeide_1.9.0/stm32cubeide/plugins/com.st.stm32cube.ide.mcu.externaltools.gnu-tools-for-stm32.10.3-2021.10.win32_1.0.0.202111181127/tools/bin/../lib/gcc/arm-none-eabi/10.3.1/thumb/v7e-m+fp/hard/crtbegin.o
 .text          0x00000000080001d0       0xa0 c:/st/stm32cubeide_1.9.0/stm32cubeide/plugins/com.st.stm32cube.ide.mcu.externaltools.gnu-tools-for-stm32.10.3-2021.10.win32_1.0.0.202111181127/tools/bin/../lib/gcc/arm-none-eabi/10.3.1/../../../../arm-none-eabi/lib/thumb/v7e-m+fp/hard\libc_nano.a(lib_a-memchr.o)
                0x00000000080001d0                memchr
 .text          0x0000000008000270      0x254 c:/st/stm32cubeide_1.9.0/stm32cubeide/plugins/com.st.stm32cube.ide.mcu.externaltools.gnu-tools-for-stm32.10.3-2021.10.win32_1.0.0.202111181127/tools/bin/../lib/gcc/arm-none-eabi/10.3.1/thumb/v7e-m+fp/hard\libgcc.a(_arm_muldf3.o)
                0x0000000008000270                __muldf3
                0x0000000008000270                __aeabi_dmul
 .text          0x00000000080004c4      0x378 c:/st/stm32cubeide_1.9.0/stm32cubeide/plugins/com.st.stm32cube.ide.mcu.externaltools.gnu-tools-for-stm32.10.3-2021.10.win32_1.0.0.202111181127/tools/bin/../lib/gcc/arm-none-eabi/10.3.1/thumb/v7e-m+fp/hard\libgcc.a(_arm_addsubdf3.o)
                0x00000000080004c4                __aeabi_drsub
                0x00000000080004cc                __aeabi_dsub
                0x00000000080004cc                __subdf3
                0x00000000080004d0                __aeabi_dadd
                0x00000000080004d0                __adddf3
                0x0000000008000748                __floatunsidf
                0x0000000008000748                __aeabi_ui2d
                0x0000000008000768                __floatsidf
                0x0000000008000768                __aeabi_i2d
                0x000000000800078c                __aeabi_f2d
                0x000000000800078c                __extendsfdf2
                0x00000000080007d0                __floatundidf
                0x00000000080007d0                __aeabi_ul2d
                0x00000000080007e0                __floatdidf
                0x00000000080007e0                __aeabi_l2d
 .text          0x000000000800083c       0x40 c:/st/stm32cubeide_1.9.0/stm32cubeide/plugins/com.st.stm32cube.ide.mcu.externaltools.gnu-tools-for-stm32.10.3-2021.10.win32_1.0.0.202111181127/tools/bin/../lib/gcc/arm-none-eabi/10.3.1/thumb/v7e-m+fp/hard\libgcc.a(_arm_fixunsdfsi.o)
                0x000000000800083c                __aeabi_d2uiz
                0x000000000800083c                __fixunsdfsi
 .text          0x000000000800087c       0x30 c:/st/stm32cubeide_1.9.0/stm32cubeide/plugins/com.st.stm32cube.ide.mcu.externaltools.gnu-tools-for-stm32.10.3-2021.10.win32_1.0.0.202111181127/tools/bin/../lib/gcc/arm-none-eabi/10.3.1/thumb/v7e-m+fp/hard\libgcc.a(_aeabi_uldivmod.o)
                0x000000000800087c                __aeabi_uldivmod
 .text          0x00000000080008ac      0x2d0 c:/st/stm32cubeide_1.9.0/stm32cubeide/plugins/com.st.stm32cube.ide.mcu.externaltools.gnu-tools-for-stm32.10.3-2021.10.win32_1.0.0.202111181127/tools/bin/../lib/gcc/arm-none-eabi/10.3.1/thumb/v7e-m+fp/hard\libgcc.a(_udivmoddi4.o)
                0x00000000080008ac                __udivmoddi4
 .text          0x0000000008000b7c        0x4 c:/st/stm32cubeide_1.9.0/stm32cubeide/plugins/com.st.stm32cube.ide.mcu.externaltools.gnu-tools-for-stm32.10.3-2021.10.win32_1.0.0.202111181127/tools/bin/../lib/gcc/arm-none-eabi/10.3.1/thumb/v7e-m+fp/hard\libgcc.a(_dvmd_tls.o)
                0x0000000008000b7c                __aeabi_idiv0
                0x0000000008000b7c                __aeabi_ldiv0
 *(.text*)
 .text.LED_PWM_init
                0x0000000008000b80       0x58 ./Core/Src/apps/app_sensorboard.o
 .text.Set_LED  0x0000000008000bd8       0xf4 ./Core/Src/apps/app_sensorboard.o
 .text.WS2812_Send
                0x0000000008000ccc      0x3e0 ./Core/Src/apps/app_sensorboard.o
 .text.Belt_Reset_LED
                0x00000000080010ac       0x60 ./Core/Src/apps/app_sensorboard.o
                0x00000000080010ac                Belt_Reset_LED
 .text.Belt_Allset_LED
                0x000000000800110c       0x2e ./Core/Src/apps/app_sensorboard.o
                0x000000000800110c                Belt_Allset_LED
 *fill*         0x000000000800113a        0x2 
 .text.Ring1_Reset_LED
                0x000000000800113c       0x60 ./Core/Src/apps/app_sensorboard.o
                0x000000000800113c                Ring1_Reset_LED
 .text.Ring2_Reset_LED
                0x000000000800119c       0x60 ./Core/Src/apps/app_sensorboard.o
                0x000000000800119c                Ring2_Reset_LED
 .text.Belt_Rotate_Init
                0x00000000080011fc       0xa0 ./Core/Src/apps/app_sensorboard.o
                0x00000000080011fc                Belt_Rotate_Init
 .text.Ring_Rotate_Init
                0x000000000800129c       0xa4 ./Core/Src/apps/app_sensorboard.o
                0x000000000800129c                Ring_Rotate_Init
 .text.Belt_Toggle_LED
                0x0000000008001340       0x34 ./Core/Src/apps/app_sensorboard.o
                0x0000000008001340                Belt_Toggle_LED
 .text.Set_LED_violet
                0x0000000008001374       0x32 ./Core/Src/apps/app_sensorboard.o
                0x0000000008001374                Set_LED_violet
 *fill*         0x00000000080013a6        0x2 
 .text.Set_LED_red
                0x00000000080013a8       0x60 ./Core/Src/apps/app_sensorboard.o
                0x00000000080013a8                Set_LED_red
 .text.Set_LED_yellow
                0x0000000008001408       0x58 ./Core/Src/apps/app_sensorboard.o
                0x0000000008001408                Set_LED_yellow
 .text.Set_LED_white
                0x0000000008001460       0x88 ./Core/Src/apps/app_sensorboard.o
                0x0000000008001460                Set_LED_white
 .text.GetColorCode
                0x00000000080014e8       0xd4 ./Core/Src/apps/app_sensorboard.o
                0x00000000080014e8                GetColorCode
 .text.Belt_MODE_breathing
                0x00000000080015bc       0xc0 ./Core/Src/apps/app_sensorboard.o
                0x00000000080015bc                Belt_MODE_breathing
 .text.reverse  0x000000000800167c       0x62 ./Core/Src/apps/app_sensorboard.o
                0x000000000800167c                reverse
 .text.shiftRight
                0x00000000080016de       0x3e ./Core/Src/apps/app_sensorboard.o
                0x00000000080016de                shiftRight
 .text.shiftLeft
                0x000000000800171c       0x32 ./Core/Src/apps/app_sensorboard.o
                0x000000000800171c                shiftLeft
 *fill*         0x000000000800174e        0x2 
 .text.Belt_MODE_rotation
                0x0000000008001750       0x78 ./Core/Src/apps/app_sensorboard.o
                0x0000000008001750                Belt_MODE_rotation
 .text.Ring1_MODE_breathing
                0x00000000080017c8       0x94 ./Core/Src/apps/app_sensorboard.o
                0x00000000080017c8                Ring1_MODE_breathing
 .text.Ring1_MODE_rotation
                0x000000000800185c       0x90 ./Core/Src/apps/app_sensorboard.o
                0x000000000800185c                Ring1_MODE_rotation
 .text.Ring2_MODE_breathing
                0x00000000080018ec       0x94 ./Core/Src/apps/app_sensorboard.o
                0x00000000080018ec                Ring2_MODE_breathing
 .text.Ring2_MODE_rotation
                0x0000000008001980       0x90 ./Core/Src/apps/app_sensorboard.o
                0x0000000008001980                Ring2_MODE_rotation
 .text.ShowBatteryStatus
                0x0000000008001a10      0x3c2 ./Core/Src/apps/app_sensorboard.o
                0x0000000008001a10                ShowBatteryStatus
 *fill*         0x0000000008001dd2        0x2 
 .text.FrontLight_SetPWM
                0x0000000008001dd4       0x24 ./Core/Src/apps/app_sensorboard.o
                0x0000000008001dd4                FrontLight_SetPWM
 .text.FrontLight_Enable
                0x0000000008001df8       0x30 ./Core/Src/apps/app_sensorboard.o
                0x0000000008001df8                FrontLight_Enable
 .text.Set_Belt_Color
                0x0000000008001e28      0x134 ./Core/Src/apps/app_sensorboard.o
                0x0000000008001e28                Set_Belt_Color
 .text.Set_Belt_Action
                0x0000000008001f5c       0xc8 ./Core/Src/apps/app_sensorboard.o
                0x0000000008001f5c                Set_Belt_Action
 .text.EyeControl
                0x0000000008002024      0x190 ./Core/Src/apps/app_sensorboard.o
                0x0000000008002024                EyeControl
 .text.LED_Control_Set
                0x00000000080021b4       0xac ./Core/Src/apps/app_sensorboard.o
                0x00000000080021b4                LED_Control_Set
 .text.init_pwm_leds
                0x0000000008002260      0x11c ./Core/Src/apps/app_sensorboard.o
                0x0000000008002260                init_pwm_leds
 .text.apps_process_task
                0x000000000800237c       0xb8 ./Core/Src/apps/app_sensorboard.o
                0x000000000800237c                apps_process_task
 .text.apps_init_app
                0x0000000008002434       0x30 ./Core/Src/apps/app_sensorboard.o
                0x0000000008002434                apps_init_app
 .text.apps_start_app
                0x0000000008002464       0x44 ./Core/Src/apps/app_sensorboard.o
                0x0000000008002464                apps_start_app
 .text.apps_on_msg_app
                0x00000000080024a8       0x48 ./Core/Src/apps/app_sensorboard.o
                0x00000000080024a8                apps_on_msg_app
 .text.apps_timer_1ms
                0x00000000080024f0       0x2c ./Core/Src/apps/app_sensorboard.o
 .text.apps_timer_100ms
                0x000000000800251c       0x3c ./Core/Src/apps/app_sensorboard.o
 .text.apps_timer_1s
                0x0000000008002558       0x18 ./Core/Src/apps/app_sensorboard.o
 .text.apps_timer_5s
                0x0000000008002570       0x54 ./Core/Src/apps/app_sensorboard.o
 .text.apps_timer_1min
                0x00000000080025c4       0x18 ./Core/Src/apps/app_sensorboard.o
 .text.init_apps_init_app
                0x00000000080025dc       0x18 ./Core/Src/apps/apps_init.o
                0x00000000080025dc                init_apps_init_app
 .text.default_global_volatile
                0x00000000080025f4       0x60 ./Core/Src/apps/apps_init.o
 .text.start    0x0000000008002654       0x44 ./Core/Src/apps/apps_init.o
 .text.stop     0x0000000008002698        0xe ./Core/Src/apps/apps_init.o
 .text.on_msg   0x00000000080026a6       0x2c ./Core/Src/apps/apps_init.o
 *fill*         0x00000000080026d2        0x2 
 .text.msgs_get_msg
                0x00000000080026d4       0x9c ./Core/Src/apps/msgs.o
                0x00000000080026d4                msgs_get_msg
 .text.SPI1_TX_Byte
                0x0000000008002770       0x28 ./Core/Src/before/dot_matrix1.o
 .text.SS1_ENABLE
                0x0000000008002798       0x30 ./Core/Src/before/dot_matrix1.o
 .text.SS1_DISABLE
                0x00000000080027c8       0x28 ./Core/Src/before/dot_matrix1.o
 .text.TxByte1  0x00000000080027f0       0x3a ./Core/Src/before/dot_matrix1.o
 *fill*         0x000000000800282a        0x2 
 .text.DOT_MATRIX1_Init
                0x000000000800282c      0x198 ./Core/Src/before/dot_matrix1.o
                0x000000000800282c                DOT_MATRIX1_Init
 .text.MATRIX1_CLEAR
                0x00000000080029c4       0x68 ./Core/Src/before/dot_matrix1.o
                0x00000000080029c4                MATRIX1_CLEAR
 .text.MATRIX1_Write_Char
                0x0000000008002a2c       0x78 ./Core/Src/before/dot_matrix1.o
                0x0000000008002a2c                MATRIX1_Write_Char
 .text.SPI2_TX_Byte
                0x0000000008002aa4       0x28 ./Core/Src/before/dot_matrix2.o
 .text.SS2_ENABLE
                0x0000000008002acc       0x30 ./Core/Src/before/dot_matrix2.o
 .text.SS2_DISABLE
                0x0000000008002afc       0x28 ./Core/Src/before/dot_matrix2.o
 .text.TxByte2  0x0000000008002b24       0x3a ./Core/Src/before/dot_matrix2.o
 *fill*         0x0000000008002b5e        0x2 
 .text.DOT_MATRIX2_Init
                0x0000000008002b60      0x198 ./Core/Src/before/dot_matrix2.o
                0x0000000008002b60                DOT_MATRIX2_Init
 .text.MATRIX2_CLEAR
                0x0000000008002cf8       0x68 ./Core/Src/before/dot_matrix2.o
                0x0000000008002cf8                MATRIX2_CLEAR
 .text.MATRIX2_Write_Char
                0x0000000008002d60       0x78 ./Core/Src/before/dot_matrix2.o
                0x0000000008002d60                MATRIX2_Write_Char
 .text._write   0x0000000008002dd8       0x38 ./Core/Src/main.o
                0x0000000008002dd8                _write
 .text.DWT_Delay_us
                0x0000000008002e10       0x40 ./Core/Src/main.o
                0x0000000008002e10                DWT_Delay_us
 .text.HAL_TIM_PWM_PulseFinishedCallback
                0x0000000008002e50       0x7c ./Core/Src/main.o
                0x0000000008002e50                HAL_TIM_PWM_PulseFinishedCallback
 .text.main     0x0000000008002ecc      0x164 ./Core/Src/main.o
                0x0000000008002ecc                main
 .text.SystemClock_Config
                0x0000000008003030       0xd4 ./Core/Src/main.o
                0x0000000008003030                SystemClock_Config
 .text.MX_SPI1_Init
                0x0000000008003104       0x6c ./Core/Src/main.o
 .text.MX_TIM1_Init
                0x0000000008003170      0x134 ./Core/Src/main.o
 .text.MX_TIM4_Init
                0x00000000080032a4       0xb4 ./Core/Src/main.o
 .text.MX_TIM13_Init
                0x0000000008003358       0x48 ./Core/Src/main.o
 .text.MX_UART4_Init
                0x00000000080033a0       0x54 ./Core/Src/main.o
 .text.MX_USART2_UART_Init
                0x00000000080033f4       0x54 ./Core/Src/main.o
 .text.MX_USART3_UART_Init
                0x0000000008003448       0x54 ./Core/Src/main.o
 .text.MX_USART6_UART_Init
                0x000000000800349c       0x54 ./Core/Src/main.o
 .text.MX_DMA_Init
                0x00000000080034f0       0x60 ./Core/Src/main.o
 .text.MX_GPIO_Init
                0x0000000008003550      0x13c ./Core/Src/main.o
 .text.HAL_TIM_PeriodElapsedCallback
                0x000000000800368c       0x3c ./Core/Src/main.o
                0x000000000800368c                HAL_TIM_PeriodElapsedCallback
 .text.Error_Handler
                0x00000000080036c8        0xa ./Core/Src/main.o
                0x00000000080036c8                Error_Handler
 *fill*         0x00000000080036d2        0x2 
 .text.HAL_MspInit
                0x00000000080036d4       0x58 ./Core/Src/stm32f4xx_hal_msp.o
                0x00000000080036d4                HAL_MspInit
 .text.HAL_SPI_MspInit
                0x000000000800372c       0x90 ./Core/Src/stm32f4xx_hal_msp.o
                0x000000000800372c                HAL_SPI_MspInit
 .text.HAL_TIM_PWM_MspInit
                0x00000000080037bc      0x1a4 ./Core/Src/stm32f4xx_hal_msp.o
                0x00000000080037bc                HAL_TIM_PWM_MspInit
 .text.HAL_TIM_Base_MspInit
                0x0000000008003960       0x50 ./Core/Src/stm32f4xx_hal_msp.o
                0x0000000008003960                HAL_TIM_Base_MspInit
 .text.HAL_TIM_MspPostInit
                0x00000000080039b0       0xc8 ./Core/Src/stm32f4xx_hal_msp.o
                0x00000000080039b0                HAL_TIM_MspPostInit
 .text.HAL_UART_MspInit
                0x0000000008003a78      0x250 ./Core/Src/stm32f4xx_hal_msp.o
                0x0000000008003a78                HAL_UART_MspInit
 .text.HAL_InitTick
                0x0000000008003cc8       0xb4 ./Core/Src/stm32f4xx_hal_timebase_tim.o
                0x0000000008003cc8                HAL_InitTick
 .text.NMI_Handler
                0x0000000008003d7c        0x6 ./Core/Src/stm32f4xx_it.o
                0x0000000008003d7c                NMI_Handler
 .text.HardFault_Handler
                0x0000000008003d82        0x6 ./Core/Src/stm32f4xx_it.o
                0x0000000008003d82                HardFault_Handler
 .text.MemManage_Handler
                0x0000000008003d88        0x6 ./Core/Src/stm32f4xx_it.o
                0x0000000008003d88                MemManage_Handler
 .text.BusFault_Handler
                0x0000000008003d8e        0x6 ./Core/Src/stm32f4xx_it.o
                0x0000000008003d8e                BusFault_Handler
 .text.UsageFault_Handler
                0x0000000008003d94        0x6 ./Core/Src/stm32f4xx_it.o
                0x0000000008003d94                UsageFault_Handler
 .text.DebugMon_Handler
                0x0000000008003d9a        0xe ./Core/Src/stm32f4xx_it.o
                0x0000000008003d9a                DebugMon_Handler
 .text.USART2_IRQHandler
                0x0000000008003da8       0xb4 ./Core/Src/stm32f4xx_it.o
                0x0000000008003da8                USART2_IRQHandler
 .text.USART3_IRQHandler
                0x0000000008003e5c       0xb4 ./Core/Src/stm32f4xx_it.o
                0x0000000008003e5c                USART3_IRQHandler
 .text.TIM8_UP_TIM13_IRQHandler
                0x0000000008003f10       0x14 ./Core/Src/stm32f4xx_it.o
                0x0000000008003f10                TIM8_UP_TIM13_IRQHandler
 .text.UART4_IRQHandler
                0x0000000008003f24       0xb4 ./Core/Src/stm32f4xx_it.o
                0x0000000008003f24                UART4_IRQHandler
 .text.TIM7_IRQHandler
                0x0000000008003fd8       0x14 ./Core/Src/stm32f4xx_it.o
                0x0000000008003fd8                TIM7_IRQHandler
 .text.DMA2_Stream2_IRQHandler
                0x0000000008003fec       0x14 ./Core/Src/stm32f4xx_it.o
                0x0000000008003fec                DMA2_Stream2_IRQHandler
 .text.DMA2_Stream3_IRQHandler
                0x0000000008004000       0x14 ./Core/Src/stm32f4xx_it.o
                0x0000000008004000                DMA2_Stream3_IRQHandler
 .text.DMA2_Stream6_IRQHandler
                0x0000000008004014       0x14 ./Core/Src/stm32f4xx_it.o
                0x0000000008004014                DMA2_Stream6_IRQHandler
 .text.USART6_IRQHandler
                0x0000000008004028       0xc8 ./Core/Src/stm32f4xx_it.o
                0x0000000008004028                USART6_IRQHandler
 .text._read    0x00000000080040f0       0x3a ./Core/Src/syscalls.o
                0x00000000080040f0                _read
 .text._close   0x000000000800412a       0x18 ./Core/Src/syscalls.o
                0x000000000800412a                _close
 .text._fstat   0x0000000008004142       0x20 ./Core/Src/syscalls.o
                0x0000000008004142                _fstat
 .text._isatty  0x0000000008004162       0x16 ./Core/Src/syscalls.o
                0x0000000008004162                _isatty
 .text._lseek   0x0000000008004178       0x1a ./Core/Src/syscalls.o
                0x0000000008004178                _lseek
 *fill*         0x0000000008004192        0x2 
 .text._sbrk    0x0000000008004194       0x6c ./Core/Src/sysmem.o
                0x0000000008004194                _sbrk
 .text.SystemInit
                0x0000000008004200       0x24 ./Core/Src/system_stm32f4xx.o
                0x0000000008004200                SystemInit
 .text.init_p_interfaceboard
                0x0000000008004224       0x3c ./Core/Src/peripheral/interface_board.o
                0x0000000008004224                init_p_interfaceboard
 .text.B2BChksumMake
                0x0000000008004260       0x4c ./Core/Src/peripheral/interface_board.o
                0x0000000008004260                B2BChksumMake
 .text.RosChksumChk
                0x00000000080042ac       0x6a ./Core/Src/peripheral/interface_board.o
                0x00000000080042ac                RosChksumChk
 *fill*         0x0000000008004316        0x2 
 .text.p_interfaceBD_task
                0x0000000008004318      0x26c ./Core/Src/peripheral/interface_board.o
                0x0000000008004318                p_interfaceBD_task
 .text.init_p_uart_test
                0x0000000008004584       0x20 ./Core/Src/peripheral/uart_test.o
                0x0000000008004584                init_p_uart_test
 .text.p_uart_test_task
                0x00000000080045a4      0x114 ./Core/Src/peripheral/uart_test.o
                0x00000000080045a4                p_uart_test_task
 .text.SET_LED  0x00000000080046b8       0x94 ./Core/Src/peripheral/uart_test.o
 .text.init_ultrasonic_hg_c40u
                0x000000000800474c       0xdc ./Core/Src/peripheral/ultrasonic_HG_C40U.o
                0x000000000800474c                init_ultrasonic_hg_c40u
 .text.p_ultrasonic_task
                0x0000000008004828      0x3e4 ./Core/Src/peripheral/ultrasonic_HG_C40U.o
                0x0000000008004828                p_ultrasonic_task
 .text.Uart_Init_Custom
                0x0000000008004c0c       0x24 ./Core/Src/util/u_bsp_driver.o
                0x0000000008004c0c                Uart_Init_Custom
 .text.string_strtok
                0x0000000008004c30       0xf8 ./Core/Src/util/u_strings.o
                0x0000000008004c30                string_strtok
 .text.timers_init
                0x0000000008004d28       0x14 ./Core/Src/util/u_timer.o
                0x0000000008004d28                timers_init
 .text.timers_register_timer
                0x0000000008004d3c       0x80 ./Core/Src/util/u_timer.o
                0x0000000008004d3c                timers_register_timer
 .text.timers_tick_timer
                0x0000000008004dbc       0x68 ./Core/Src/util/u_timer.o
                0x0000000008004dbc                timers_tick_timer
 .text.apps_timer_task
                0x0000000008004e24       0xa0 ./Core/Src/util/u_timer.o
                0x0000000008004e24                apps_timer_task
 .text.timers_process_tick_interrupt_timer
                0x0000000008004ec4       0xcc ./Core/Src/util/u_timer.o
                0x0000000008004ec4                timers_process_tick_interrupt_timer
 .text.Reset_Handler
                0x0000000008004f90       0x50 ./Core/Startup/startup_stm32f407vetx.o
                0x0000000008004f90                Reset_Handler
 .text.Default_Handler
                0x0000000008004fe0        0x2 ./Core/Startup/startup_stm32f407vetx.o
                0x0000000008004fe0                RTC_Alarm_IRQHandler
                0x0000000008004fe0                HASH_RNG_IRQHandler
                0x0000000008004fe0                EXTI2_IRQHandler
                0x0000000008004fe0                TIM8_CC_IRQHandler
                0x0000000008004fe0                TIM1_CC_IRQHandler
                0x0000000008004fe0                DMA2_Stream5_IRQHandler
                0x0000000008004fe0                DMA1_Stream5_IRQHandler
                0x0000000008004fe0                PVD_IRQHandler
                0x0000000008004fe0                SDIO_IRQHandler
                0x0000000008004fe0                TAMP_STAMP_IRQHandler
                0x0000000008004fe0                CAN2_RX1_IRQHandler
                0x0000000008004fe0                EXTI3_IRQHandler
                0x0000000008004fe0                TIM8_TRG_COM_TIM14_IRQHandler
                0x0000000008004fe0                TIM1_UP_TIM10_IRQHandler
                0x0000000008004fe0                I2C3_ER_IRQHandler
                0x0000000008004fe0                EXTI0_IRQHandler
                0x0000000008004fe0                I2C2_EV_IRQHandler
                0x0000000008004fe0                DMA1_Stream2_IRQHandler
                0x0000000008004fe0                CAN1_RX0_IRQHandler
                0x0000000008004fe0                FPU_IRQHandler
                0x0000000008004fe0                OTG_HS_WKUP_IRQHandler
                0x0000000008004fe0                CAN2_SCE_IRQHandler
                0x0000000008004fe0                SPI1_IRQHandler
                0x0000000008004fe0                TIM6_DAC_IRQHandler
                0x0000000008004fe0                TIM1_BRK_TIM9_IRQHandler
                0x0000000008004fe0                DCMI_IRQHandler
                0x0000000008004fe0                CAN2_RX0_IRQHandler
                0x0000000008004fe0                CAN1_RX1_IRQHandler
                0x0000000008004fe0                UART5_IRQHandler
                0x0000000008004fe0                DMA2_Stream0_IRQHandler
                0x0000000008004fe0                TIM4_IRQHandler
                0x0000000008004fe0                I2C1_EV_IRQHandler
                0x0000000008004fe0                DMA1_Stream6_IRQHandler
                0x0000000008004fe0                DMA1_Stream1_IRQHandler
                0x0000000008004fe0                TIM3_IRQHandler
                0x0000000008004fe0                RCC_IRQHandler
                0x0000000008004fe0                TIM8_BRK_TIM12_IRQHandler
                0x0000000008004fe0                Default_Handler
                0x0000000008004fe0                EXTI15_10_IRQHandler
                0x0000000008004fe0                ADC_IRQHandler
                0x0000000008004fe0                DMA1_Stream7_IRQHandler
                0x0000000008004fe0                CAN2_TX_IRQHandler
                0x0000000008004fe0                TIM5_IRQHandler
                0x0000000008004fe0                DMA2_Stream7_IRQHandler
                0x0000000008004fe0                I2C3_EV_IRQHandler
                0x0000000008004fe0                EXTI9_5_IRQHandler
                0x0000000008004fe0                RTC_WKUP_IRQHandler
                0x0000000008004fe0                ETH_WKUP_IRQHandler
                0x0000000008004fe0                SPI2_IRQHandler
                0x0000000008004fe0                OTG_HS_EP1_IN_IRQHandler
                0x0000000008004fe0                DMA1_Stream0_IRQHandler
                0x0000000008004fe0                CAN1_TX_IRQHandler
                0x0000000008004fe0                EXTI4_IRQHandler
                0x0000000008004fe0                FSMC_IRQHandler
                0x0000000008004fe0                ETH_IRQHandler
                0x0000000008004fe0                OTG_HS_EP1_OUT_IRQHandler
                0x0000000008004fe0                WWDG_IRQHandler
                0x0000000008004fe0                TIM2_IRQHandler
                0x0000000008004fe0                OTG_FS_WKUP_IRQHandler
                0x0000000008004fe0                TIM1_TRG_COM_TIM11_IRQHandler
                0x0000000008004fe0                OTG_HS_IRQHandler
                0x0000000008004fe0                EXTI1_IRQHandler
                0x0000000008004fe0                I2C2_ER_IRQHandler
                0x0000000008004fe0                DMA2_Stream1_IRQHandler
                0x0000000008004fe0                CAN1_SCE_IRQHandler
                0x0000000008004fe0                FLASH_IRQHandler
                0x0000000008004fe0                DMA2_Stream4_IRQHandler
                0x0000000008004fe0                USART1_IRQHandler
                0x0000000008004fe0                OTG_FS_IRQHandler
                0x0000000008004fe0                SPI3_IRQHandler
                0x0000000008004fe0                DMA1_Stream4_IRQHandler
                0x0000000008004fe0                I2C1_ER_IRQHandler
                0x0000000008004fe0                DMA1_Stream3_IRQHandler
 *fill*         0x0000000008004fe2        0x2 
 .text.HAL_Init
                0x0000000008004fe4       0x44 ./Drivers/STM32F4xx_HAL_Driver/Src/stm32f4xx_hal.o
                0x0000000008004fe4                HAL_Init
 .text.HAL_IncTick
                0x0000000008005028       0x28 ./Drivers/STM32F4xx_HAL_Driver/Src/stm32f4xx_hal.o
                0x0000000008005028                HAL_IncTick
 .text.HAL_GetTick
                0x0000000008005050       0x18 ./Drivers/STM32F4xx_HAL_Driver/Src/stm32f4xx_hal.o
                0x0000000008005050                HAL_GetTick
 .text.HAL_Delay
                0x0000000008005068       0x48 ./Drivers/STM32F4xx_HAL_Driver/Src/stm32f4xx_hal.o
                0x0000000008005068                HAL_Delay
 .text.__NVIC_SetPriorityGrouping
                0x00000000080050b0       0x48 ./Drivers/STM32F4xx_HAL_Driver/Src/stm32f4xx_hal_cortex.o
 .text.__NVIC_GetPriorityGrouping
                0x00000000080050f8       0x1c ./Drivers/STM32F4xx_HAL_Driver/Src/stm32f4xx_hal_cortex.o
 .text.__NVIC_EnableIRQ
                0x0000000008005114       0x3c ./Drivers/STM32F4xx_HAL_Driver/Src/stm32f4xx_hal_cortex.o
 .text.__NVIC_SetPriority
                0x0000000008005150       0x54 ./Drivers/STM32F4xx_HAL_Driver/Src/stm32f4xx_hal_cortex.o
 .text.NVIC_EncodePriority
                0x00000000080051a4       0x66 ./Drivers/STM32F4xx_HAL_Driver/Src/stm32f4xx_hal_cortex.o
 .text.HAL_NVIC_SetPriorityGrouping
                0x000000000800520a       0x16 ./Drivers/STM32F4xx_HAL_Driver/Src/stm32f4xx_hal_cortex.o
                0x000000000800520a                HAL_NVIC_SetPriorityGrouping
 .text.HAL_NVIC_SetPriority
                0x0000000008005220       0x38 ./Drivers/STM32F4xx_HAL_Driver/Src/stm32f4xx_hal_cortex.o
                0x0000000008005220                HAL_NVIC_SetPriority
 .text.HAL_NVIC_EnableIRQ
                0x0000000008005258       0x1c ./Drivers/STM32F4xx_HAL_Driver/Src/stm32f4xx_hal_cortex.o
                0x0000000008005258                HAL_NVIC_EnableIRQ
 .text.HAL_DMA_Init
                0x0000000008005274      0x15c ./Drivers/STM32F4xx_HAL_Driver/Src/stm32f4xx_hal_dma.o
                0x0000000008005274                HAL_DMA_Init
 .text.HAL_DMA_Start_IT
                0x00000000080053d0       0xb0 ./Drivers/STM32F4xx_HAL_Driver/Src/stm32f4xx_hal_dma.o
                0x00000000080053d0                HAL_DMA_Start_IT
 .text.HAL_DMA_Abort_IT
                0x0000000008005480       0x44 ./Drivers/STM32F4xx_HAL_Driver/Src/stm32f4xx_hal_dma.o
                0x0000000008005480                HAL_DMA_Abort_IT
 .text.HAL_DMA_IRQHandler
                0x00000000080054c4      0x314 ./Drivers/STM32F4xx_HAL_Driver/Src/stm32f4xx_hal_dma.o
                0x00000000080054c4                HAL_DMA_IRQHandler
 .text.DMA_SetConfig
                0x00000000080057d8       0x5c ./Drivers/STM32F4xx_HAL_Driver/Src/stm32f4xx_hal_dma.o
 .text.DMA_CalcBaseAndBitshift
                0x0000000008005834       0x6c ./Drivers/STM32F4xx_HAL_Driver/Src/stm32f4xx_hal_dma.o
 .text.DMA_CheckFifoParam
                0x00000000080058a0       0xf8 ./Drivers/STM32F4xx_HAL_Driver/Src/stm32f4xx_hal_dma.o
 .text.HAL_GPIO_Init
                0x0000000008005998      0x338 ./Drivers/STM32F4xx_HAL_Driver/Src/stm32f4xx_hal_gpio.o
                0x0000000008005998                HAL_GPIO_Init
 .text.HAL_GPIO_WritePin
                0x0000000008005cd0       0x32 ./Drivers/STM32F4xx_HAL_Driver/Src/stm32f4xx_hal_gpio.o
                0x0000000008005cd0                HAL_GPIO_WritePin
 *fill*         0x0000000008005d02        0x2 
 .text.HAL_RCC_OscConfig
                0x0000000008005d04      0x4f0 ./Drivers/STM32F4xx_HAL_Driver/Src/stm32f4xx_hal_rcc.o
                0x0000000008005d04                HAL_RCC_OscConfig
 .text.HAL_RCC_ClockConfig
                0x00000000080061f4      0x1cc ./Drivers/STM32F4xx_HAL_Driver/Src/stm32f4xx_hal_rcc.o
                0x00000000080061f4                HAL_RCC_ClockConfig
 .text.HAL_RCC_GetSysClockFreq
                0x00000000080063c0      0x20c ./Drivers/STM32F4xx_HAL_Driver/Src/stm32f4xx_hal_rcc.o
                0x00000000080063c0                HAL_RCC_GetSysClockFreq
 .text.HAL_RCC_GetHCLKFreq
                0x00000000080065cc       0x18 ./Drivers/STM32F4xx_HAL_Driver/Src/stm32f4xx_hal_rcc.o
                0x00000000080065cc                HAL_RCC_GetHCLKFreq
 .text.HAL_RCC_GetPCLK1Freq
                0x00000000080065e4       0x28 ./Drivers/STM32F4xx_HAL_Driver/Src/stm32f4xx_hal_rcc.o
                0x00000000080065e4                HAL_RCC_GetPCLK1Freq
 .text.HAL_RCC_GetPCLK2Freq
                0x000000000800660c       0x28 ./Drivers/STM32F4xx_HAL_Driver/Src/stm32f4xx_hal_rcc.o
                0x000000000800660c                HAL_RCC_GetPCLK2Freq
 .text.HAL_RCC_GetClockConfig
                0x0000000008006634       0x64 ./Drivers/STM32F4xx_HAL_Driver/Src/stm32f4xx_hal_rcc.o
                0x0000000008006634                HAL_RCC_GetClockConfig
 .text.HAL_SPI_Init
                0x0000000008006698      0x112 ./Drivers/STM32F4xx_HAL_Driver/Src/stm32f4xx_hal_spi.o
                0x0000000008006698                HAL_SPI_Init
 .text.HAL_SPI_Transmit
                0x00000000080067aa      0x278 ./Drivers/STM32F4xx_HAL_Driver/Src/stm32f4xx_hal_spi.o
                0x00000000080067aa                HAL_SPI_Transmit
 *fill*         0x0000000008006a22        0x2 
 .text.SPI_WaitFlagStateUntilTimeout
                0x0000000008006a24      0x110 ./Drivers/STM32F4xx_HAL_Driver/Src/stm32f4xx_hal_spi.o
 .text.SPI_EndRxTxTransaction
                0x0000000008006b34       0x84 ./Drivers/STM32F4xx_HAL_Driver/Src/stm32f4xx_hal_spi.o
 .text.HAL_TIM_Base_Init
                0x0000000008006bb8       0x9e ./Drivers/STM32F4xx_HAL_Driver/Src/stm32f4xx_hal_tim.o
                0x0000000008006bb8                HAL_TIM_Base_Init
 *fill*         0x0000000008006c56        0x2 
 .text.HAL_TIM_Base_Start_IT
                0x0000000008006c58       0xe0 ./Drivers/STM32F4xx_HAL_Driver/Src/stm32f4xx_hal_tim.o
                0x0000000008006c58                HAL_TIM_Base_Start_IT
 .text.HAL_TIM_PWM_Init
                0x0000000008006d38       0x9e ./Drivers/STM32F4xx_HAL_Driver/Src/stm32f4xx_hal_tim.o
                0x0000000008006d38                HAL_TIM_PWM_Init
 *fill*         0x0000000008006dd6        0x2 
 .text.HAL_TIM_PWM_Start
                0x0000000008006dd8      0x190 ./Drivers/STM32F4xx_HAL_Driver/Src/stm32f4xx_hal_tim.o
                0x0000000008006dd8                HAL_TIM_PWM_Start
 .text.HAL_TIM_PWM_Stop
                0x0000000008006f68       0xe0 ./Drivers/STM32F4xx_HAL_Driver/Src/stm32f4xx_hal_tim.o
                0x0000000008006f68                HAL_TIM_PWM_Stop
 .text.HAL_TIM_PWM_Start_DMA
                0x0000000008007048      0x390 ./Drivers/STM32F4xx_HAL_Driver/Src/stm32f4xx_hal_tim.o
                0x0000000008007048                HAL_TIM_PWM_Start_DMA
 .text.HAL_TIM_PWM_Stop_DMA
                0x00000000080073d8      0x1a4 ./Drivers/STM32F4xx_HAL_Driver/Src/stm32f4xx_hal_tim.o
                0x00000000080073d8                HAL_TIM_PWM_Stop_DMA
 .text.HAL_TIM_IRQHandler
                0x000000000800757c      0x210 ./Drivers/STM32F4xx_HAL_Driver/Src/stm32f4xx_hal_tim.o
                0x000000000800757c                HAL_TIM_IRQHandler
 .text.HAL_TIM_PWM_ConfigChannel
                0x000000000800778c      0x184 ./Drivers/STM32F4xx_HAL_Driver/Src/stm32f4xx_hal_tim.o
                0x000000000800778c                HAL_TIM_PWM_ConfigChannel
 .text.HAL_TIM_OC_DelayElapsedCallback
                0x0000000008007910       0x14 ./Drivers/STM32F4xx_HAL_Driver/Src/stm32f4xx_hal_tim.o
                0x0000000008007910                HAL_TIM_OC_DelayElapsedCallback
 .text.HAL_TIM_IC_CaptureCallback
                0x0000000008007924       0x14 ./Drivers/STM32F4xx_HAL_Driver/Src/stm32f4xx_hal_tim.o
                0x0000000008007924                HAL_TIM_IC_CaptureCallback
 .text.HAL_TIM_PWM_PulseFinishedHalfCpltCallback
                0x0000000008007938       0x14 ./Drivers/STM32F4xx_HAL_Driver/Src/stm32f4xx_hal_tim.o
                0x0000000008007938                HAL_TIM_PWM_PulseFinishedHalfCpltCallback
 .text.HAL_TIM_TriggerCallback
                0x000000000800794c       0x14 ./Drivers/STM32F4xx_HAL_Driver/Src/stm32f4xx_hal_tim.o
                0x000000000800794c                HAL_TIM_TriggerCallback
 .text.HAL_TIM_ErrorCallback
                0x0000000008007960       0x14 ./Drivers/STM32F4xx_HAL_Driver/Src/stm32f4xx_hal_tim.o
                0x0000000008007960                HAL_TIM_ErrorCallback
 .text.TIM_DMAError
                0x0000000008007974       0x92 ./Drivers/STM32F4xx_HAL_Driver/Src/stm32f4xx_hal_tim.o
                0x0000000008007974                TIM_DMAError
 .text.TIM_DMADelayPulseCplt
                0x0000000008007a06       0xa8 ./Drivers/STM32F4xx_HAL_Driver/Src/stm32f4xx_hal_tim.o
 .text.TIM_DMADelayPulseHalfCplt
                0x0000000008007aae       0x68 ./Drivers/STM32F4xx_HAL_Driver/Src/stm32f4xx_hal_tim.o
                0x0000000008007aae                TIM_DMADelayPulseHalfCplt
 *fill*         0x0000000008007b16        0x2 
 .text.TIM_Base_SetConfig
                0x0000000008007b18      0x140 ./Drivers/STM32F4xx_HAL_Driver/Src/stm32f4xx_hal_tim.o
                0x0000000008007b18                TIM_Base_SetConfig
 .text.TIM_OC1_SetConfig
                0x0000000008007c58       0xe0 ./Drivers/STM32F4xx_HAL_Driver/Src/stm32f4xx_hal_tim.o
 .text.TIM_OC2_SetConfig
                0x0000000008007d38       0xec ./Drivers/STM32F4xx_HAL_Driver/Src/stm32f4xx_hal_tim.o
                0x0000000008007d38                TIM_OC2_SetConfig
 .text.TIM_OC3_SetConfig
                0x0000000008007e24       0xe8 ./Drivers/STM32F4xx_HAL_Driver/Src/stm32f4xx_hal_tim.o
 .text.TIM_OC4_SetConfig
                0x0000000008007f0c       0xac ./Drivers/STM32F4xx_HAL_Driver/Src/stm32f4xx_hal_tim.o
 .text.TIM_CCxChannelCmd
                0x0000000008007fb8       0x4a ./Drivers/STM32F4xx_HAL_Driver/Src/stm32f4xx_hal_tim.o
                0x0000000008007fb8                TIM_CCxChannelCmd
 *fill*         0x0000000008008002        0x2 
 .text.HAL_TIMEx_MasterConfigSynchronization
                0x0000000008008004       0xf8 ./Drivers/STM32F4xx_HAL_Driver/Src/stm32f4xx_hal_tim_ex.o
                0x0000000008008004                HAL_TIMEx_MasterConfigSynchronization
 .text.HAL_TIMEx_ConfigBreakDeadTime
                0x00000000080080fc       0xa4 ./Drivers/STM32F4xx_HAL_Driver/Src/stm32f4xx_hal_tim_ex.o
                0x00000000080080fc                HAL_TIMEx_ConfigBreakDeadTime
 .text.HAL_TIMEx_CommutCallback
                0x00000000080081a0       0x14 ./Drivers/STM32F4xx_HAL_Driver/Src/stm32f4xx_hal_tim_ex.o
                0x00000000080081a0                HAL_TIMEx_CommutCallback
 .text.HAL_TIMEx_BreakCallback
                0x00000000080081b4       0x14 ./Drivers/STM32F4xx_HAL_Driver/Src/stm32f4xx_hal_tim_ex.o
                0x00000000080081b4                HAL_TIMEx_BreakCallback
 .text.HAL_UART_Init
                0x00000000080081c8       0x9a ./Drivers/STM32F4xx_HAL_Driver/Src/stm32f4xx_hal_uart.o
                0x00000000080081c8                HAL_UART_Init
 .text.HAL_UART_Transmit
                0x0000000008008262      0x124 ./Drivers/STM32F4xx_HAL_Driver/Src/stm32f4xx_hal_uart.o
                0x0000000008008262                HAL_UART_Transmit
 .text.UART_WaitOnFlagUntilTimeout
                0x0000000008008386       0xdc ./Drivers/STM32F4xx_HAL_Driver/Src/stm32f4xx_hal_uart.o
 *fill*         0x0000000008008462        0x2 
 .text.UART_SetConfig
                0x0000000008008464      0x4e8 ./Drivers/STM32F4xx_HAL_Driver/Src/stm32f4xx_hal_uart.o
 .text.__NVIC_SetPriority
                0x000000000800894c       0x54 ./Middlewares/Third_Party/FreeRTOS/Source/CMSIS_RTOS_V2/cmsis_os2.o
 .text.SysTick_Handler
                0x00000000080089a0       0x20 ./Middlewares/Third_Party/FreeRTOS/Source/CMSIS_RTOS_V2/cmsis_os2.o
                0x00000000080089a0                SysTick_Handler
 .text.SVC_Setup
                0x00000000080089c0       0x12 ./Middlewares/Third_Party/FreeRTOS/Source/CMSIS_RTOS_V2/cmsis_os2.o
 *fill*         0x00000000080089d2        0x2 
 .text.osKernelInitialize
                0x00000000080089d4       0x48 ./Middlewares/Third_Party/FreeRTOS/Source/CMSIS_RTOS_V2/cmsis_os2.o
                0x00000000080089d4                osKernelInitialize
 .text.osKernelStart
                0x0000000008008a1c       0x4c ./Middlewares/Third_Party/FreeRTOS/Source/CMSIS_RTOS_V2/cmsis_os2.o
                0x0000000008008a1c                osKernelStart
 .text.osThreadNew
                0x0000000008008a68      0x124 ./Middlewares/Third_Party/FreeRTOS/Source/CMSIS_RTOS_V2/cmsis_os2.o
                0x0000000008008a68                osThreadNew
 .text.osThreadResume
                0x0000000008008b8c       0x42 ./Middlewares/Third_Party/FreeRTOS/Source/CMSIS_RTOS_V2/cmsis_os2.o
                0x0000000008008b8c                osThreadResume
 .text.osDelay  0x0000000008008bce       0x36 ./Middlewares/Third_Party/FreeRTOS/Source/CMSIS_RTOS_V2/cmsis_os2.o
                0x0000000008008bce                osDelay
 .text.osMessageQueueNew
                0x0000000008008c04       0xe6 ./Middlewares/Third_Party/FreeRTOS/Source/CMSIS_RTOS_V2/cmsis_os2.o
                0x0000000008008c04                osMessageQueueNew
 *fill*         0x0000000008008cea        0x2 
 .text.osMessageQueuePut
                0x0000000008008cec       0xc0 ./Middlewares/Third_Party/FreeRTOS/Source/CMSIS_RTOS_V2/cmsis_os2.o
                0x0000000008008cec                osMessageQueuePut
 .text.osMessageQueueGet
                0x0000000008008dac       0xbc ./Middlewares/Third_Party/FreeRTOS/Source/CMSIS_RTOS_V2/cmsis_os2.o
                0x0000000008008dac                osMessageQueueGet
 .text.osMessageQueueReset
                0x0000000008008e68       0x44 ./Middlewares/Third_Party/FreeRTOS/Source/CMSIS_RTOS_V2/cmsis_os2.o
                0x0000000008008e68                osMessageQueueReset
 .text.vApplicationGetIdleTaskMemory
                0x0000000008008eac       0x34 ./Middlewares/Third_Party/FreeRTOS/Source/CMSIS_RTOS_V2/cmsis_os2.o
                0x0000000008008eac                vApplicationGetIdleTaskMemory
 .text.vApplicationGetTimerTaskMemory
                0x0000000008008ee0       0x34 ./Middlewares/Third_Party/FreeRTOS/Source/CMSIS_RTOS_V2/cmsis_os2.o
                0x0000000008008ee0                vApplicationGetTimerTaskMemory
 .text.vListInitialise
                0x0000000008008f14       0x40 ./Middlewares/Third_Party/FreeRTOS/Source/list.o
                0x0000000008008f14                vListInitialise
 .text.vListInitialiseItem
                0x0000000008008f54       0x1a ./Middlewares/Third_Party/FreeRTOS/Source/list.o
                0x0000000008008f54                vListInitialiseItem
 .text.vListInsertEnd
                0x0000000008008f6e       0x48 ./Middlewares/Third_Party/FreeRTOS/Source/list.o
                0x0000000008008f6e                vListInsertEnd
 .text.vListInsert
                0x0000000008008fb6       0x72 ./Middlewares/Third_Party/FreeRTOS/Source/list.o
                0x0000000008008fb6                vListInsert
 .text.uxListRemove
                0x0000000008009028       0x54 ./Middlewares/Third_Party/FreeRTOS/Source/list.o
                0x0000000008009028                uxListRemove
 .text.xQueueGenericReset
                0x000000000800907c       0xd0 ./Middlewares/Third_Party/FreeRTOS/Source/queue.o
                0x000000000800907c                xQueueGenericReset
 .text.xQueueGenericCreateStatic
                0x000000000800914c       0xf0 ./Middlewares/Third_Party/FreeRTOS/Source/queue.o
                0x000000000800914c                xQueueGenericCreateStatic
 .text.xQueueGenericCreate
                0x000000000800923c       0x74 ./Middlewares/Third_Party/FreeRTOS/Source/queue.o
                0x000000000800923c                xQueueGenericCreate
 .text.prvInitialiseNewQueue
                0x00000000080092b0       0x46 ./Middlewares/Third_Party/FreeRTOS/Source/queue.o
 *fill*         0x00000000080092f6        0x2 
 .text.xQueueGenericSend
                0x00000000080092f8      0x1fc ./Middlewares/Third_Party/FreeRTOS/Source/queue.o
                0x00000000080092f8                xQueueGenericSend
 .text.xQueueGenericSendFromISR
                0x00000000080094f4      0x136 ./Middlewares/Third_Party/FreeRTOS/Source/queue.o
                0x00000000080094f4                xQueueGenericSendFromISR
 *fill*         0x000000000800962a        0x2 
 .text.xQueueReceive
                0x000000000800962c      0x1c0 ./Middlewares/Third_Party/FreeRTOS/Source/queue.o
                0x000000000800962c                xQueueReceive
 .text.xQueueReceiveFromISR
                0x00000000080097ec      0x100 ./Middlewares/Third_Party/FreeRTOS/Source/queue.o
                0x00000000080097ec                xQueueReceiveFromISR
 .text.prvCopyDataToQueue
                0x00000000080098ec       0xd4 ./Middlewares/Third_Party/FreeRTOS/Source/queue.o
 .text.prvCopyDataFromQueue
                0x00000000080099c0       0x4c ./Middlewares/Third_Party/FreeRTOS/Source/queue.o
 .text.prvUnlockQueue
                0x0000000008009a0c       0xa4 ./Middlewares/Third_Party/FreeRTOS/Source/queue.o
 .text.prvIsQueueEmpty
                0x0000000008009ab0       0x2c ./Middlewares/Third_Party/FreeRTOS/Source/queue.o
 .text.prvIsQueueFull
                0x0000000008009adc       0x30 ./Middlewares/Third_Party/FreeRTOS/Source/queue.o
 .text.vQueueAddToRegistry
                0x0000000008009b0c       0x54 ./Middlewares/Third_Party/FreeRTOS/Source/queue.o
                0x0000000008009b0c                vQueueAddToRegistry
 .text.vQueueWaitForMessageRestricted
                0x0000000008009b60       0x68 ./Middlewares/Third_Party/FreeRTOS/Source/queue.o
                0x0000000008009b60                vQueueWaitForMessageRestricted
 .text.xTaskCreateStatic
                0x0000000008009bc8       0xba ./Middlewares/Third_Party/FreeRTOS/Source/tasks.o
                0x0000000008009bc8                xTaskCreateStatic
 .text.xTaskCreate
                0x0000000008009c82       0x8a ./Middlewares/Third_Party/FreeRTOS/Source/tasks.o
                0x0000000008009c82                xTaskCreate
 .text.prvInitialiseNewTask
                0x0000000008009d0c      0x14c ./Middlewares/Third_Party/FreeRTOS/Source/tasks.o
 .text.prvAddNewTaskToReadyList
                0x0000000008009e58       0xe0 ./Middlewares/Third_Party/FreeRTOS/Source/tasks.o
 .text.vTaskDelay
                0x0000000008009f38       0x68 ./Middlewares/Third_Party/FreeRTOS/Source/tasks.o
                0x0000000008009f38                vTaskDelay
 .text.prvTaskIsTaskSuspended
                0x0000000008009fa0       0x64 ./Middlewares/Third_Party/FreeRTOS/Source/tasks.o
 .text.vTaskResume
                0x000000000800a004       0xbc ./Middlewares/Third_Party/FreeRTOS/Source/tasks.o
                0x000000000800a004                vTaskResume
 .text.vTaskStartScheduler
                0x000000000800a0c0       0xe0 ./Middlewares/Third_Party/FreeRTOS/Source/tasks.o
                0x000000000800a0c0                vTaskStartScheduler
 .text.vTaskSuspendAll
                0x000000000800a1a0       0x1c ./Middlewares/Third_Party/FreeRTOS/Source/tasks.o
                0x000000000800a1a0                vTaskSuspendAll
 .text.xTaskResumeAll
                0x000000000800a1bc      0x13c ./Middlewares/Third_Party/FreeRTOS/Source/tasks.o
                0x000000000800a1bc                xTaskResumeAll
 .text.xTaskGetTickCount
                0x000000000800a2f8       0x20 ./Middlewares/Third_Party/FreeRTOS/Source/tasks.o
                0x000000000800a2f8                xTaskGetTickCount
 .text.xTaskIncrementTick
                0x000000000800a318      0x174 ./Middlewares/Third_Party/FreeRTOS/Source/tasks.o
                0x000000000800a318                xTaskIncrementTick
 .text.vTaskSwitchContext
                0x000000000800a48c       0xc8 ./Middlewares/Third_Party/FreeRTOS/Source/tasks.o
                0x000000000800a48c                vTaskSwitchContext
 .text.vTaskPlaceOnEventList
                0x000000000800a554       0x48 ./Middlewares/Third_Party/FreeRTOS/Source/tasks.o
                0x000000000800a554                vTaskPlaceOnEventList
 .text.vTaskPlaceOnEventListRestricted
                0x000000000800a59c       0x58 ./Middlewares/Third_Party/FreeRTOS/Source/tasks.o
                0x000000000800a59c                vTaskPlaceOnEventListRestricted
 .text.xTaskRemoveFromEventList
                0x000000000800a5f4       0xc8 ./Middlewares/Third_Party/FreeRTOS/Source/tasks.o
                0x000000000800a5f4                xTaskRemoveFromEventList
 .text.vTaskInternalSetTimeOutState
                0x000000000800a6bc       0x2c ./Middlewares/Third_Party/FreeRTOS/Source/tasks.o
                0x000000000800a6bc                vTaskInternalSetTimeOutState
 .text.xTaskCheckForTimeOut
                0x000000000800a6e8       0xc4 ./Middlewares/Third_Party/FreeRTOS/Source/tasks.o
                0x000000000800a6e8                xTaskCheckForTimeOut
 .text.vTaskMissedYield
                0x000000000800a7ac       0x18 ./Middlewares/Third_Party/FreeRTOS/Source/tasks.o
                0x000000000800a7ac                vTaskMissedYield
 .text.prvIdleTask
                0x000000000800a7c4       0x30 ./Middlewares/Third_Party/FreeRTOS/Source/tasks.o
 .text.prvInitialiseTaskLists
                0x000000000800a7f4       0x80 ./Middlewares/Third_Party/FreeRTOS/Source/tasks.o
 .text.prvCheckTasksWaitingTermination
                0x000000000800a874       0x5c ./Middlewares/Third_Party/FreeRTOS/Source/tasks.o
 .text.prvDeleteTCB
                0x000000000800a8d0       0x68 ./Middlewares/Third_Party/FreeRTOS/Source/tasks.o
 .text.prvResetNextTaskUnblockTime
                0x000000000800a938       0x40 ./Middlewares/Third_Party/FreeRTOS/Source/tasks.o
 .text.xTaskGetSchedulerState
                0x000000000800a978       0x3c ./Middlewares/Third_Party/FreeRTOS/Source/tasks.o
                0x000000000800a978                xTaskGetSchedulerState
 .text.xTaskPriorityDisinherit
                0x000000000800a9b4       0xdc ./Middlewares/Third_Party/FreeRTOS/Source/tasks.o
                0x000000000800a9b4                xTaskPriorityDisinherit
 .text.prvAddCurrentTaskToDelayedList
                0x000000000800aa90       0xa8 ./Middlewares/Third_Party/FreeRTOS/Source/tasks.o
 .text.xTimerCreateTimerTask
                0x000000000800ab38       0x90 ./Middlewares/Third_Party/FreeRTOS/Source/timers.o
                0x000000000800ab38                xTimerCreateTimerTask
 .text.xTimerGenericCommand
                0x000000000800abc8       0x9c ./Middlewares/Third_Party/FreeRTOS/Source/timers.o
                0x000000000800abc8                xTimerGenericCommand
 .text.prvProcessExpiredTimer
                0x000000000800ac64       0x98 ./Middlewares/Third_Party/FreeRTOS/Source/timers.o
 .text.prvTimerTask
                0x000000000800acfc       0x24 ./Middlewares/Third_Party/FreeRTOS/Source/timers.o
 .text.prvProcessTimerOrBlockTask
                0x000000000800ad20       0x9c ./Middlewares/Third_Party/FreeRTOS/Source/timers.o
 .text.prvGetNextExpireTime
                0x000000000800adbc       0x48 ./Middlewares/Third_Party/FreeRTOS/Source/timers.o
 .text.prvSampleTimeNow
                0x000000000800ae04       0x40 ./Middlewares/Third_Party/FreeRTOS/Source/timers.o
 .text.prvInsertTimerInActiveList
                0x000000000800ae44       0x84 ./Middlewares/Third_Party/FreeRTOS/Source/timers.o
 .text.prvProcessReceivedCommands
                0x000000000800aec8      0x1c4 ./Middlewares/Third_Party/FreeRTOS/Source/timers.o
 .text.prvSwitchTimerLists
                0x000000000800b08c       0xc8 ./Middlewares/Third_Party/FreeRTOS/Source/timers.o
 .text.prvCheckForValidListAndQueue
                0x000000000800b154       0x80 ./Middlewares/Third_Party/FreeRTOS/Source/timers.o
 .text.pxPortInitialiseStack
                0x000000000800b1d4       0x68 ./Middlewares/Third_Party/FreeRTOS/Source/portable/GCC/ARM_CM4F/port.o
                0x000000000800b1d4                pxPortInitialiseStack
 .text.prvTaskExitError
                0x000000000800b23c       0x58 ./Middlewares/Third_Party/FreeRTOS/Source/portable/GCC/ARM_CM4F/port.o
 *fill*         0x000000000800b294        0xc 
 .text.SVC_Handler
                0x000000000800b2a0       0x28 ./Middlewares/Third_Party/FreeRTOS/Source/portable/GCC/ARM_CM4F/port.o
                0x000000000800b2a0                SVC_Handler
 .text.prvPortStartFirstTask
                0x000000000800b2c8       0x28 ./Middlewares/Third_Party/FreeRTOS/Source/portable/GCC/ARM_CM4F/port.o
 .text.xPortStartScheduler
                0x000000000800b2f0      0x144 ./Middlewares/Third_Party/FreeRTOS/Source/portable/GCC/ARM_CM4F/port.o
                0x000000000800b2f0                xPortStartScheduler
 .text.vPortEnterCritical
                0x000000000800b434       0x60 ./Middlewares/Third_Party/FreeRTOS/Source/portable/GCC/ARM_CM4F/port.o
                0x000000000800b434                vPortEnterCritical
 .text.vPortExitCritical
                0x000000000800b494       0x54 ./Middlewares/Third_Party/FreeRTOS/Source/portable/GCC/ARM_CM4F/port.o
                0x000000000800b494                vPortExitCritical
 *fill*         0x000000000800b4e8        0x8 
 .text.PendSV_Handler
                0x000000000800b4f0       0x68 ./Middlewares/Third_Party/FreeRTOS/Source/portable/GCC/ARM_CM4F/port.o
                0x000000000800b4f0                PendSV_Handler
 .text.xPortSysTickHandler
                0x000000000800b558       0x44 ./Middlewares/Third_Party/FreeRTOS/Source/portable/GCC/ARM_CM4F/port.o
                0x000000000800b558                xPortSysTickHandler
 .text.vPortSetupTimerInterrupt
                0x000000000800b59c       0x48 ./Middlewares/Third_Party/FreeRTOS/Source/portable/GCC/ARM_CM4F/port.o
                0x000000000800b59c                vPortSetupTimerInterrupt
 .text.vPortEnableVFP
                0x000000000800b5e4       0x14 ./Middlewares/Third_Party/FreeRTOS/Source/portable/GCC/ARM_CM4F/port.o
 .text.vPortValidateInterruptPriority
                0x000000000800b5f8       0x80 ./Middlewares/Third_Party/FreeRTOS/Source/portable/GCC/ARM_CM4F/port.o
                0x000000000800b5f8                vPortValidateInterruptPriority
 .text.pvPortMalloc
                0x000000000800b678      0x198 ./Middlewares/Third_Party/FreeRTOS/Source/portable/MemMang/heap_4.o
                0x000000000800b678                pvPortMalloc
 .text.vPortFree
                0x000000000800b810       0xc4 ./Middlewares/Third_Party/FreeRTOS/Source/portable/MemMang/heap_4.o
                0x000000000800b810                vPortFree
 .text.prvHeapInit
                0x000000000800b8d4       0xc4 ./Middlewares/Third_Party/FreeRTOS/Source/portable/MemMang/heap_4.o
 .text.prvInsertBlockIntoFreeList
                0x000000000800b998       0xb4 ./Middlewares/Third_Party/FreeRTOS/Source/portable/MemMang/heap_4.o
 .text.atoi     0x000000000800ba4c        0x8 c:/st/stm32cubeide_1.9.0/stm32cubeide/plugins/com.st.stm32cube.ide.mcu.externaltools.gnu-tools-for-stm32.10.3-2021.10.win32_1.0.0.202111181127/tools/bin/../lib/gcc/arm-none-eabi/10.3.1/../../../../arm-none-eabi/lib/thumb/v7e-m+fp/hard\libc_nano.a(lib_a-atoi.o)
                0x000000000800ba4c                atoi
 .text.__errno  0x000000000800ba54        0xc c:/st/stm32cubeide_1.9.0/stm32cubeide/plugins/com.st.stm32cube.ide.mcu.externaltools.gnu-tools-for-stm32.10.3-2021.10.win32_1.0.0.202111181127/tools/bin/../lib/gcc/arm-none-eabi/10.3.1/../../../../arm-none-eabi/lib/thumb/v7e-m+fp/hard\libc_nano.a(lib_a-errno.o)
                0x000000000800ba54                __errno
 .text.std      0x000000000800ba60       0x48 c:/st/stm32cubeide_1.9.0/stm32cubeide/plugins/com.st.stm32cube.ide.mcu.externaltools.gnu-tools-for-stm32.10.3-2021.10.win32_1.0.0.202111181127/tools/bin/../lib/gcc/arm-none-eabi/10.3.1/../../../../arm-none-eabi/lib/thumb/v7e-m+fp/hard\libc_nano.a(lib_a-findfp.o)
 .text._cleanup_r
                0x000000000800baa8        0xc c:/st/stm32cubeide_1.9.0/stm32cubeide/plugins/com.st.stm32cube.ide.mcu.externaltools.gnu-tools-for-stm32.10.3-2021.10.win32_1.0.0.202111181127/tools/bin/../lib/gcc/arm-none-eabi/10.3.1/../../../../arm-none-eabi/lib/thumb/v7e-m+fp/hard\libc_nano.a(lib_a-findfp.o)
                0x000000000800baa8                _cleanup_r
 .text.__sfmoreglue
                0x000000000800bab4       0x2c c:/st/stm32cubeide_1.9.0/stm32cubeide/plugins/com.st.stm32cube.ide.mcu.externaltools.gnu-tools-for-stm32.10.3-2021.10.win32_1.0.0.202111181127/tools/bin/../lib/gcc/arm-none-eabi/10.3.1/../../../../arm-none-eabi/lib/thumb/v7e-m+fp/hard\libc_nano.a(lib_a-findfp.o)
                0x000000000800bab4                __sfmoreglue
 .text.__sfp_lock_acquire
                0x000000000800bae0        0xc c:/st/stm32cubeide_1.9.0/stm32cubeide/plugins/com.st.stm32cube.ide.mcu.externaltools.gnu-tools-for-stm32.10.3-2021.10.win32_1.0.0.202111181127/tools/bin/../lib/gcc/arm-none-eabi/10.3.1/../../../../arm-none-eabi/lib/thumb/v7e-m+fp/hard\libc_nano.a(lib_a-findfp.o)
                0x000000000800bae0                __sfp_lock_acquire
 .text.__sfp_lock_release
                0x000000000800baec        0xc c:/st/stm32cubeide_1.9.0/stm32cubeide/plugins/com.st.stm32cube.ide.mcu.externaltools.gnu-tools-for-stm32.10.3-2021.10.win32_1.0.0.202111181127/tools/bin/../lib/gcc/arm-none-eabi/10.3.1/../../../../arm-none-eabi/lib/thumb/v7e-m+fp/hard\libc_nano.a(lib_a-findfp.o)
                0x000000000800baec                __sfp_lock_release
 .text.__sinit_lock_acquire
                0x000000000800baf8        0xc c:/st/stm32cubeide_1.9.0/stm32cubeide/plugins/com.st.stm32cube.ide.mcu.externaltools.gnu-tools-for-stm32.10.3-2021.10.win32_1.0.0.202111181127/tools/bin/../lib/gcc/arm-none-eabi/10.3.1/../../../../arm-none-eabi/lib/thumb/v7e-m+fp/hard\libc_nano.a(lib_a-findfp.o)
                0x000000000800baf8                __sinit_lock_acquire
 .text.__sinit_lock_release
                0x000000000800bb04        0xc c:/st/stm32cubeide_1.9.0/stm32cubeide/plugins/com.st.stm32cube.ide.mcu.externaltools.gnu-tools-for-stm32.10.3-2021.10.win32_1.0.0.202111181127/tools/bin/../lib/gcc/arm-none-eabi/10.3.1/../../../../arm-none-eabi/lib/thumb/v7e-m+fp/hard\libc_nano.a(lib_a-findfp.o)
                0x000000000800bb04                __sinit_lock_release
 .text.__sinit  0x000000000800bb10       0x70 c:/st/stm32cubeide_1.9.0/stm32cubeide/plugins/com.st.stm32cube.ide.mcu.externaltools.gnu-tools-for-stm32.10.3-2021.10.win32_1.0.0.202111181127/tools/bin/../lib/gcc/arm-none-eabi/10.3.1/../../../../arm-none-eabi/lib/thumb/v7e-m+fp/hard\libc_nano.a(lib_a-findfp.o)
                0x000000000800bb10                __sinit
 .text.__sfp    0x000000000800bb80       0x8c c:/st/stm32cubeide_1.9.0/stm32cubeide/plugins/com.st.stm32cube.ide.mcu.externaltools.gnu-tools-for-stm32.10.3-2021.10.win32_1.0.0.202111181127/tools/bin/../lib/gcc/arm-none-eabi/10.3.1/../../../../arm-none-eabi/lib/thumb/v7e-m+fp/hard\libc_nano.a(lib_a-findfp.o)
                0x000000000800bb80                __sfp
 .text._fwalk_reent
                0x000000000800bc0c       0x3e c:/st/stm32cubeide_1.9.0/stm32cubeide/plugins/com.st.stm32cube.ide.mcu.externaltools.gnu-tools-for-stm32.10.3-2021.10.win32_1.0.0.202111181127/tools/bin/../lib/gcc/arm-none-eabi/10.3.1/../../../../arm-none-eabi/lib/thumb/v7e-m+fp/hard\libc_nano.a(lib_a-fwalk.o)
                0x000000000800bc0c                _fwalk_reent
 *fill*         0x000000000800bc4a        0x2 
 .text.__libc_init_array
                0x000000000800bc4c       0x48 c:/st/stm32cubeide_1.9.0/stm32cubeide/plugins/com.st.stm32cube.ide.mcu.externaltools.gnu-tools-for-stm32.10.3-2021.10.win32_1.0.0.202111181127/tools/bin/../lib/gcc/arm-none-eabi/10.3.1/../../../../arm-none-eabi/lib/thumb/v7e-m+fp/hard\libc_nano.a(lib_a-init.o)
                0x000000000800bc4c                __libc_init_array
 .text.__retarget_lock_init_recursive
                0x000000000800bc94        0x2 c:/st/stm32cubeide_1.9.0/stm32cubeide/plugins/com.st.stm32cube.ide.mcu.externaltools.gnu-tools-for-stm32.10.3-2021.10.win32_1.0.0.202111181127/tools/bin/../lib/gcc/arm-none-eabi/10.3.1/../../../../arm-none-eabi/lib/thumb/v7e-m+fp/hard\libc_nano.a(lib_a-lock.o)
                0x000000000800bc94                __retarget_lock_init_recursive
 .text.__retarget_lock_acquire_recursive
                0x000000000800bc96        0x2 c:/st/stm32cubeide_1.9.0/stm32cubeide/plugins/com.st.stm32cube.ide.mcu.externaltools.gnu-tools-for-stm32.10.3-2021.10.win32_1.0.0.202111181127/tools/bin/../lib/gcc/arm-none-eabi/10.3.1/../../../../arm-none-eabi/lib/thumb/v7e-m+fp/hard\libc_nano.a(lib_a-lock.o)
                0x000000000800bc96                __retarget_lock_acquire_recursive
 .text.__retarget_lock_release_recursive
                0x000000000800bc98        0x2 c:/st/stm32cubeide_1.9.0/stm32cubeide/plugins/com.st.stm32cube.ide.mcu.externaltools.gnu-tools-for-stm32.10.3-2021.10.win32_1.0.0.202111181127/tools/bin/../lib/gcc/arm-none-eabi/10.3.1/../../../../arm-none-eabi/lib/thumb/v7e-m+fp/hard\libc_nano.a(lib_a-lock.o)
                0x000000000800bc98                __retarget_lock_release_recursive
 .text.memcpy   0x000000000800bc9a       0x1c c:/st/stm32cubeide_1.9.0/stm32cubeide/plugins/com.st.stm32cube.ide.mcu.externaltools.gnu-tools-for-stm32.10.3-2021.10.win32_1.0.0.202111181127/tools/bin/../lib/gcc/arm-none-eabi/10.3.1/../../../../arm-none-eabi/lib/thumb/v7e-m+fp/hard\libc_nano.a(lib_a-memcpy-stub.o)
                0x000000000800bc9a                memcpy
 .text.memset   0x000000000800bcb6       0x10 c:/st/stm32cubeide_1.9.0/stm32cubeide/plugins/com.st.stm32cube.ide.mcu.externaltools.gnu-tools-for-stm32.10.3-2021.10.win32_1.0.0.202111181127/tools/bin/../lib/gcc/arm-none-eabi/10.3.1/../../../../arm-none-eabi/lib/thumb/v7e-m+fp/hard\libc_nano.a(lib_a-memset.o)
                0x000000000800bcb6                memset
 *fill*         0x000000000800bcc6        0x2 
 .text._free_r  0x000000000800bcc8       0x98 c:/st/stm32cubeide_1.9.0/stm32cubeide/plugins/com.st.stm32cube.ide.mcu.externaltools.gnu-tools-for-stm32.10.3-2021.10.win32_1.0.0.202111181127/tools/bin/../lib/gcc/arm-none-eabi/10.3.1/../../../../arm-none-eabi/lib/thumb/v7e-m+fp/hard\libc_nano.a(lib_a-nano-freer.o)
                0x000000000800bcc8                _free_r
 .text.sbrk_aligned
                0x000000000800bd60       0x40 c:/st/stm32cubeide_1.9.0/stm32cubeide/plugins/com.st.stm32cube.ide.mcu.externaltools.gnu-tools-for-stm32.10.3-2021.10.win32_1.0.0.202111181127/tools/bin/../lib/gcc/arm-none-eabi/10.3.1/../../../../arm-none-eabi/lib/thumb/v7e-m+fp/hard\libc_nano.a(lib_a-nano-mallocr.o)
 .text._malloc_r
                0x000000000800bda0       0xe8 c:/st/stm32cubeide_1.9.0/stm32cubeide/plugins/com.st.stm32cube.ide.mcu.externaltools.gnu-tools-for-stm32.10.3-2021.10.win32_1.0.0.202111181127/tools/bin/../lib/gcc/arm-none-eabi/10.3.1/../../../../arm-none-eabi/lib/thumb/v7e-m+fp/hard\libc_nano.a(lib_a-nano-mallocr.o)
                0x000000000800bda0                _malloc_r
 .text.printf   0x000000000800be88       0x30 c:/st/stm32cubeide_1.9.0/stm32cubeide/plugins/com.st.stm32cube.ide.mcu.externaltools.gnu-tools-for-stm32.10.3-2021.10.win32_1.0.0.202111181127/tools/bin/../lib/gcc/arm-none-eabi/10.3.1/../../../../arm-none-eabi/lib/thumb/v7e-m+fp/hard\libc_nano.a(lib_a-printf.o)
                0x000000000800be88                iprintf
                0x000000000800be88                printf
 .text._puts_r  0x000000000800beb8       0xdc c:/st/stm32cubeide_1.9.0/stm32cubeide/plugins/com.st.stm32cube.ide.mcu.externaltools.gnu-tools-for-stm32.10.3-2021.10.win32_1.0.0.202111181127/tools/bin/../lib/gcc/arm-none-eabi/10.3.1/../../../../arm-none-eabi/lib/thumb/v7e-m+fp/hard\libc_nano.a(lib_a-puts.o)
                0x000000000800beb8                _puts_r
 .text.puts     0x000000000800bf94       0x10 c:/st/stm32cubeide_1.9.0/stm32cubeide/plugins/com.st.stm32cube.ide.mcu.externaltools.gnu-tools-for-stm32.10.3-2021.10.win32_1.0.0.202111181127/tools/bin/../lib/gcc/arm-none-eabi/10.3.1/../../../../arm-none-eabi/lib/thumb/v7e-m+fp/hard\libc_nano.a(lib_a-puts.o)
                0x000000000800bf94                puts
 .text.cleanup_glue
                0x000000000800bfa4       0x1a c:/st/stm32cubeide_1.9.0/stm32cubeide/plugins/com.st.stm32cube.ide.mcu.externaltools.gnu-tools-for-stm32.10.3-2021.10.win32_1.0.0.202111181127/tools/bin/../lib/gcc/arm-none-eabi/10.3.1/../../../../arm-none-eabi/lib/thumb/v7e-m+fp/hard\libc_nano.a(lib_a-reent.o)
                0x000000000800bfa4                cleanup_glue
 *fill*         0x000000000800bfbe        0x2 
 .text._reclaim_reent
                0x000000000800bfc0       0xb8 c:/st/stm32cubeide_1.9.0/stm32cubeide/plugins/com.st.stm32cube.ide.mcu.externaltools.gnu-tools-for-stm32.10.3-2021.10.win32_1.0.0.202111181127/tools/bin/../lib/gcc/arm-none-eabi/10.3.1/../../../../arm-none-eabi/lib/thumb/v7e-m+fp/hard\libc_nano.a(lib_a-reent.o)
                0x000000000800bfc0                _reclaim_reent
 .text._sbrk_r  0x000000000800c078       0x20 c:/st/stm32cubeide_1.9.0/stm32cubeide/plugins/com.st.stm32cube.ide.mcu.externaltools.gnu-tools-for-stm32.10.3-2021.10.win32_1.0.0.202111181127/tools/bin/../lib/gcc/arm-none-eabi/10.3.1/../../../../arm-none-eabi/lib/thumb/v7e-m+fp/hard\libc_nano.a(lib_a-sbrkr.o)
                0x000000000800c078                _sbrk_r
 .text.__sread  0x000000000800c098       0x22 c:/st/stm32cubeide_1.9.0/stm32cubeide/plugins/com.st.stm32cube.ide.mcu.externaltools.gnu-tools-for-stm32.10.3-2021.10.win32_1.0.0.202111181127/tools/bin/../lib/gcc/arm-none-eabi/10.3.1/../../../../arm-none-eabi/lib/thumb/v7e-m+fp/hard\libc_nano.a(lib_a-stdio.o)
                0x000000000800c098                __sread
 .text.__swrite
                0x000000000800c0ba       0x38 c:/st/stm32cubeide_1.9.0/stm32cubeide/plugins/com.st.stm32cube.ide.mcu.externaltools.gnu-tools-for-stm32.10.3-2021.10.win32_1.0.0.202111181127/tools/bin/../lib/gcc/arm-none-eabi/10.3.1/../../../../arm-none-eabi/lib/thumb/v7e-m+fp/hard\libc_nano.a(lib_a-stdio.o)
                0x000000000800c0ba                __swrite
 .text.__sseek  0x000000000800c0f2       0x24 c:/st/stm32cubeide_1.9.0/stm32cubeide/plugins/com.st.stm32cube.ide.mcu.externaltools.gnu-tools-for-stm32.10.3-2021.10.win32_1.0.0.202111181127/tools/bin/../lib/gcc/arm-none-eabi/10.3.1/../../../../arm-none-eabi/lib/thumb/v7e-m+fp/hard\libc_nano.a(lib_a-stdio.o)
                0x000000000800c0f2                __sseek
 .text.__sclose
                0x000000000800c116        0x8 c:/st/stm32cubeide_1.9.0/stm32cubeide/plugins/com.st.stm32cube.ide.mcu.externaltools.gnu-tools-for-stm32.10.3-2021.10.win32_1.0.0.202111181127/tools/bin/../lib/gcc/arm-none-eabi/10.3.1/../../../../arm-none-eabi/lib/thumb/v7e-m+fp/hard\libc_nano.a(lib_a-stdio.o)
                0x000000000800c116                __sclose
 .text.strncmp  0x000000000800c11e       0x28 c:/st/stm32cubeide_1.9.0/stm32cubeide/plugins/com.st.stm32cube.ide.mcu.externaltools.gnu-tools-for-stm32.10.3-2021.10.win32_1.0.0.202111181127/tools/bin/../lib/gcc/arm-none-eabi/10.3.1/../../../../arm-none-eabi/lib/thumb/v7e-m+fp/hard\libc_nano.a(lib_a-strncmp.o)
                0x000000000800c11e                strncmp
 *fill*         0x000000000800c146        0x2 
 .text._strtol_l.constprop.0
                0x000000000800c148      0x104 c:/st/stm32cubeide_1.9.0/stm32cubeide/plugins/com.st.stm32cube.ide.mcu.externaltools.gnu-tools-for-stm32.10.3-2021.10.win32_1.0.0.202111181127/tools/bin/../lib/gcc/arm-none-eabi/10.3.1/../../../../arm-none-eabi/lib/thumb/v7e-m+fp/hard\libc_nano.a(lib_a-strtol.o)
 .text.strtol   0x000000000800c24c       0x14 c:/st/stm32cubeide_1.9.0/stm32cubeide/plugins/com.st.stm32cube.ide.mcu.externaltools.gnu-tools-for-stm32.10.3-2021.10.win32_1.0.0.202111181127/tools/bin/../lib/gcc/arm-none-eabi/10.3.1/../../../../arm-none-eabi/lib/thumb/v7e-m+fp/hard\libc_nano.a(lib_a-strtol.o)
                0x000000000800c24c                strtol
 .text.__swbuf_r
                0x000000000800c260       0xa4 c:/st/stm32cubeide_1.9.0/stm32cubeide/plugins/com.st.stm32cube.ide.mcu.externaltools.gnu-tools-for-stm32.10.3-2021.10.win32_1.0.0.202111181127/tools/bin/../lib/gcc/arm-none-eabi/10.3.1/../../../../arm-none-eabi/lib/thumb/v7e-m+fp/hard\libc_nano.a(lib_a-wbuf.o)
                0x000000000800c260                __swbuf_r
 .text._write_r
                0x000000000800c304       0x24 c:/st/stm32cubeide_1.9.0/stm32cubeide/plugins/com.st.stm32cube.ide.mcu.externaltools.gnu-tools-for-stm32.10.3-2021.10.win32_1.0.0.202111181127/tools/bin/../lib/gcc/arm-none-eabi/10.3.1/../../../../arm-none-eabi/lib/thumb/v7e-m+fp/hard\libc_nano.a(lib_a-writer.o)
                0x000000000800c304                _write_r
 .text.__swsetup_r
                0x000000000800c328       0xdc c:/st/stm32cubeide_1.9.0/stm32cubeide/plugins/com.st.stm32cube.ide.mcu.externaltools.gnu-tools-for-stm32.10.3-2021.10.win32_1.0.0.202111181127/tools/bin/../lib/gcc/arm-none-eabi/10.3.1/../../../../arm-none-eabi/lib/thumb/v7e-m+fp/hard\libc_nano.a(lib_a-wsetup.o)
                0x000000000800c328                __swsetup_r
 .text._close_r
                0x000000000800c404       0x20 c:/st/stm32cubeide_1.9.0/stm32cubeide/plugins/com.st.stm32cube.ide.mcu.externaltools.gnu-tools-for-stm32.10.3-2021.10.win32_1.0.0.202111181127/tools/bin/../lib/gcc/arm-none-eabi/10.3.1/../../../../arm-none-eabi/lib/thumb/v7e-m+fp/hard\libc_nano.a(lib_a-closer.o)
                0x000000000800c404                _close_r
 .text.__sflush_r
                0x000000000800c424      0x10c c:/st/stm32cubeide_1.9.0/stm32cubeide/plugins/com.st.stm32cube.ide.mcu.externaltools.gnu-tools-for-stm32.10.3-2021.10.win32_1.0.0.202111181127/tools/bin/../lib/gcc/arm-none-eabi/10.3.1/../../../../arm-none-eabi/lib/thumb/v7e-m+fp/hard\libc_nano.a(lib_a-fflush.o)
                0x000000000800c424                __sflush_r
 .text._fflush_r
                0x000000000800c530       0x78 c:/st/stm32cubeide_1.9.0/stm32cubeide/plugins/com.st.stm32cube.ide.mcu.externaltools.gnu-tools-for-stm32.10.3-2021.10.win32_1.0.0.202111181127/tools/bin/../lib/gcc/arm-none-eabi/10.3.1/../../../../arm-none-eabi/lib/thumb/v7e-m+fp/hard\libc_nano.a(lib_a-fflush.o)
                0x000000000800c530                _fflush_r
 .text._lseek_r
                0x000000000800c5a8       0x24 c:/st/stm32cubeide_1.9.0/stm32cubeide/plugins/com.st.stm32cube.ide.mcu.externaltools.gnu-tools-for-stm32.10.3-2021.10.win32_1.0.0.202111181127/tools/bin/../lib/gcc/arm-none-eabi/10.3.1/../../../../arm-none-eabi/lib/thumb/v7e-m+fp/hard\libc_nano.a(lib_a-lseekr.o)
                0x000000000800c5a8                _lseek_r
 .text.__swhatbuf_r
                0x000000000800c5cc       0x4a c:/st/stm32cubeide_1.9.0/stm32cubeide/plugins/com.st.stm32cube.ide.mcu.externaltools.gnu-tools-for-stm32.10.3-2021.10.win32_1.0.0.202111181127/tools/bin/../lib/gcc/arm-none-eabi/10.3.1/../../../../arm-none-eabi/lib/thumb/v7e-m+fp/hard\libc_nano.a(lib_a-makebuf.o)
                0x000000000800c5cc                __swhatbuf_r
 *fill*         0x000000000800c616        0x2 
 .text.__smakebuf_r
                0x000000000800c618       0x80 c:/st/stm32cubeide_1.9.0/stm32cubeide/plugins/com.st.stm32cube.ide.mcu.externaltools.gnu-tools-for-stm32.10.3-2021.10.win32_1.0.0.202111181127/tools/bin/../lib/gcc/arm-none-eabi/10.3.1/../../../../arm-none-eabi/lib/thumb/v7e-m+fp/hard\libc_nano.a(lib_a-makebuf.o)
                0x000000000800c618                __smakebuf_r
 .text.__malloc_lock
                0x000000000800c698        0xc c:/st/stm32cubeide_1.9.0/stm32cubeide/plugins/com.st.stm32cube.ide.mcu.externaltools.gnu-tools-for-stm32.10.3-2021.10.win32_1.0.0.202111181127/tools/bin/../lib/gcc/arm-none-eabi/10.3.1/../../../../arm-none-eabi/lib/thumb/v7e-m+fp/hard\libc_nano.a(lib_a-mlock.o)
                0x000000000800c698                __malloc_lock
 .text.__malloc_unlock
                0x000000000800c6a4        0xc c:/st/stm32cubeide_1.9.0/stm32cubeide/plugins/com.st.stm32cube.ide.mcu.externaltools.gnu-tools-for-stm32.10.3-2021.10.win32_1.0.0.202111181127/tools/bin/../lib/gcc/arm-none-eabi/10.3.1/../../../../arm-none-eabi/lib/thumb/v7e-m+fp/hard\libc_nano.a(lib_a-mlock.o)
                0x000000000800c6a4                __malloc_unlock
 .text.__sfputc_r
                0x000000000800c6b0       0x2e c:/st/stm32cubeide_1.9.0/stm32cubeide/plugins/com.st.stm32cube.ide.mcu.externaltools.gnu-tools-for-stm32.10.3-2021.10.win32_1.0.0.202111181127/tools/bin/../lib/gcc/arm-none-eabi/10.3.1/../../../../arm-none-eabi/lib/thumb/v7e-m+fp/hard\libc_nano.a(lib_a-nano-vfprintf.o)
 .text.__sfputs_r
                0x000000000800c6de       0x24 c:/st/stm32cubeide_1.9.0/stm32cubeide/plugins/com.st.stm32cube.ide.mcu.externaltools.gnu-tools-for-stm32.10.3-2021.10.win32_1.0.0.202111181127/tools/bin/../lib/gcc/arm-none-eabi/10.3.1/../../../../arm-none-eabi/lib/thumb/v7e-m+fp/hard\libc_nano.a(lib_a-nano-vfprintf.o)
                0x000000000800c6de                __sfputs_r
 *fill*         0x000000000800c702        0x2 
 .text._vfprintf_r
                0x000000000800c704      0x260 c:/st/stm32cubeide_1.9.0/stm32cubeide/plugins/com.st.stm32cube.ide.mcu.externaltools.gnu-tools-for-stm32.10.3-2021.10.win32_1.0.0.202111181127/tools/bin/../lib/gcc/arm-none-eabi/10.3.1/../../../../arm-none-eabi/lib/thumb/v7e-m+fp/hard\libc_nano.a(lib_a-nano-vfprintf.o)
                0x000000000800c704                _vfprintf_r
                0x000000000800c704                _vfiprintf_r
 .text._printf_common
                0x000000000800c964       0xda c:/st/stm32cubeide_1.9.0/stm32cubeide/plugins/com.st.stm32cube.ide.mcu.externaltools.gnu-tools-for-stm32.10.3-2021.10.win32_1.0.0.202111181127/tools/bin/../lib/gcc/arm-none-eabi/10.3.1/../../../../arm-none-eabi/lib/thumb/v7e-m+fp/hard\libc_nano.a(lib_a-nano-vfprintf_i.o)
                0x000000000800c964                _printf_common
 *fill*         0x000000000800ca3e        0x2 
 .text._printf_i
                0x000000000800ca40      0x24c c:/st/stm32cubeide_1.9.0/stm32cubeide/plugins/com.st.stm32cube.ide.mcu.externaltools.gnu-tools-for-stm32.10.3-2021.10.win32_1.0.0.202111181127/tools/bin/../lib/gcc/arm-none-eabi/10.3.1/../../../../arm-none-eabi/lib/thumb/v7e-m+fp/hard\libc_nano.a(lib_a-nano-vfprintf_i.o)
                0x000000000800ca40                _printf_i
 .text._read_r  0x000000000800cc8c       0x24 c:/st/stm32cubeide_1.9.0/stm32cubeide/plugins/com.st.stm32cube.ide.mcu.externaltools.gnu-tools-for-stm32.10.3-2021.10.win32_1.0.0.202111181127/tools/bin/../lib/gcc/arm-none-eabi/10.3.1/../../../../arm-none-eabi/lib/thumb/v7e-m+fp/hard\libc_nano.a(lib_a-readr.o)
                0x000000000800cc8c                _read_r
 .text._fstat_r
                0x000000000800ccb0       0x24 c:/st/stm32cubeide_1.9.0/stm32cubeide/plugins/com.st.stm32cube.ide.mcu.externaltools.gnu-tools-for-stm32.10.3-2021.10.win32_1.0.0.202111181127/tools/bin/../lib/gcc/arm-none-eabi/10.3.1/../../../../arm-none-eabi/lib/thumb/v7e-m+fp/hard\libc_nano.a(lib_a-fstatr.o)
                0x000000000800ccb0                _fstat_r
 .text._isatty_r
                0x000000000800ccd4       0x20 c:/st/stm32cubeide_1.9.0/stm32cubeide/plugins/com.st.stm32cube.ide.mcu.externaltools.gnu-tools-for-stm32.10.3-2021.10.win32_1.0.0.202111181127/tools/bin/../lib/gcc/arm-none-eabi/10.3.1/../../../../arm-none-eabi/lib/thumb/v7e-m+fp/hard\libc_nano.a(lib_a-isattyr.o)
                0x000000000800ccd4                _isatty_r
 *(.glue_7)
 .glue_7        0x000000000800ccf4        0x0 linker stubs
 *(.glue_7t)
 .glue_7t       0x000000000800ccf4        0x0 linker stubs
 *(.eh_frame)
 .eh_frame      0x000000000800ccf4        0x0 c:/st/stm32cubeide_1.9.0/stm32cubeide/plugins/com.st.stm32cube.ide.mcu.externaltools.gnu-tools-for-stm32.10.3-2021.10.win32_1.0.0.202111181127/tools/bin/../lib/gcc/arm-none-eabi/10.3.1/thumb/v7e-m+fp/hard/crtbegin.o
 *(.init)
 .init          0x000000000800ccf4        0x4 c:/st/stm32cubeide_1.9.0/stm32cubeide/plugins/com.st.stm32cube.ide.mcu.externaltools.gnu-tools-for-stm32.10.3-2021.10.win32_1.0.0.202111181127/tools/bin/../lib/gcc/arm-none-eabi/10.3.1/thumb/v7e-m+fp/hard/crti.o
                0x000000000800ccf4                _init
 .init          0x000000000800ccf8        0x8 c:/st/stm32cubeide_1.9.0/stm32cubeide/plugins/com.st.stm32cube.ide.mcu.externaltools.gnu-tools-for-stm32.10.3-2021.10.win32_1.0.0.202111181127/tools/bin/../lib/gcc/arm-none-eabi/10.3.1/thumb/v7e-m+fp/hard/crtn.o
 *(.fini)
 .fini          0x000000000800cd00        0x4 c:/st/stm32cubeide_1.9.0/stm32cubeide/plugins/com.st.stm32cube.ide.mcu.externaltools.gnu-tools-for-stm32.10.3-2021.10.win32_1.0.0.202111181127/tools/bin/../lib/gcc/arm-none-eabi/10.3.1/thumb/v7e-m+fp/hard/crti.o
                0x000000000800cd00                _fini
 .fini          0x000000000800cd04        0x8 c:/st/stm32cubeide_1.9.0/stm32cubeide/plugins/com.st.stm32cube.ide.mcu.externaltools.gnu-tools-for-stm32.10.3-2021.10.win32_1.0.0.202111181127/tools/bin/../lib/gcc/arm-none-eabi/10.3.1/thumb/v7e-m+fp/hard/crtn.o
                0x000000000800cd0c                . = ALIGN (0x4)
                0x000000000800cd0c                _etext = .

.vfp11_veneer   0x000000000800cd0c        0x0
 .vfp11_veneer  0x000000000800cd0c        0x0 linker stubs

.v4_bx          0x000000000800cd0c        0x0
 .v4_bx         0x000000000800cd0c        0x0 linker stubs

.iplt           0x000000000800cd0c        0x0
 .iplt          0x000000000800cd0c        0x0 c:/st/stm32cubeide_1.9.0/stm32cubeide/plugins/com.st.stm32cube.ide.mcu.externaltools.gnu-tools-for-stm32.10.3-2021.10.win32_1.0.0.202111181127/tools/bin/../lib/gcc/arm-none-eabi/10.3.1/thumb/v7e-m+fp/hard/crtbegin.o

.rodata         0x000000000800cd0c      0x4a8
                0x000000000800cd0c                . = ALIGN (0x4)
 *(.rodata)
 .rodata        0x000000000800cd0c       0x14 ./Core/Src/apps/app_sensorboard.o
 .rodata        0x000000000800cd20      0x130 ./Core/Src/main.o
 .rodata        0x000000000800ce50        0x5 ./Core/Src/peripheral/interface_board.o
 *fill*         0x000000000800ce55        0x3 
 .rodata        0x000000000800ce58       0x4f ./Core/Src/peripheral/uart_test.o
 *fill*         0x000000000800cea7        0x1 
 .rodata        0x000000000800cea8       0x17 ./Middlewares/Third_Party/FreeRTOS/Source/tasks.o
 *fill*         0x000000000800cebf        0x1 
 .rodata        0x000000000800cec0        0xd ./Middlewares/Third_Party/FreeRTOS/Source/timers.o
 *(.rodata*)
 *fill*         0x000000000800cecd        0x3 
 .rodata.DOT_MATRIX_CfgParam1
                0x000000000800ced0        0xc ./Core/Src/before/dot_matrix1.o
                0x000000000800ced0                DOT_MATRIX_CfgParam1
 .rodata.DOT_MATRIX_CfgParam2
                0x000000000800cedc        0xc ./Core/Src/before/dot_matrix2.o
                0x000000000800cedc                DOT_MATRIX_CfgParam2
 .rodata.apps_process_attributes
                0x000000000800cee8       0x24 ./Core/Src/main.o
                0x000000000800cee8                apps_process_attributes
 .rodata.apps_timer_attributes
                0x000000000800cf0c       0x24 ./Core/Src/main.o
                0x000000000800cf0c                apps_timer_attributes
 .rodata.p_ultrasonic_attributes
                0x000000000800cf30       0x24 ./Core/Src/main.o
                0x000000000800cf30                p_ultrasonic_attributes
 .rodata.p_interfaceBD_attributes
                0x000000000800cf54       0x24 ./Core/Src/main.o
                0x000000000800cf54                p_interfaceBD_attributes
 .rodata.p_uart_test_attributes
                0x000000000800cf78       0x24 ./Core/Src/main.o
                0x000000000800cf78                p_uart_test_attributes
 .rodata.queue_ultrasonic1_attributes
                0x000000000800cf9c       0x18 ./Core/Src/main.o
                0x000000000800cf9c                queue_ultrasonic1_attributes
 .rodata.queue_ultrasonic2_attributes
                0x000000000800cfb4       0x18 ./Core/Src/main.o
                0x000000000800cfb4                queue_ultrasonic2_attributes
 .rodata.queue_interfaceBD_attributes
                0x000000000800cfcc       0x18 ./Core/Src/main.o
                0x000000000800cfcc                queue_interfaceBD_attributes
 .rodata.queue_debug_test_attributes
                0x000000000800cfe4       0x18 ./Core/Src/main.o
                0x000000000800cfe4                queue_debug_test_attributes
 .rodata.AHBPrescTable
                0x000000000800cffc       0x10 ./Core/Src/system_stm32f4xx.o
                0x000000000800cffc                AHBPrescTable
 .rodata.APBPrescTable
                0x000000000800d00c        0x8 ./Core/Src/system_stm32f4xx.o
                0x000000000800d00c                APBPrescTable
 .rodata.flagBitshiftOffset.0
                0x000000000800d014        0x8 ./Drivers/STM32F4xx_HAL_Driver/Src/stm32f4xx_hal_dma.o
 .rodata.__sf_fake_stderr
                0x000000000800d01c       0x20 c:/st/stm32cubeide_1.9.0/stm32cubeide/plugins/com.st.stm32cube.ide.mcu.externaltools.gnu-tools-for-stm32.10.3-2021.10.win32_1.0.0.202111181127/tools/bin/../lib/gcc/arm-none-eabi/10.3.1/../../../../arm-none-eabi/lib/thumb/v7e-m+fp/hard\libc_nano.a(lib_a-findfp.o)
                0x000000000800d01c                __sf_fake_stderr
 .rodata.__sf_fake_stdin
                0x000000000800d03c       0x20 c:/st/stm32cubeide_1.9.0/stm32cubeide/plugins/com.st.stm32cube.ide.mcu.externaltools.gnu-tools-for-stm32.10.3-2021.10.win32_1.0.0.202111181127/tools/bin/../lib/gcc/arm-none-eabi/10.3.1/../../../../arm-none-eabi/lib/thumb/v7e-m+fp/hard\libc_nano.a(lib_a-findfp.o)
                0x000000000800d03c                __sf_fake_stdin
 .rodata.__sf_fake_stdout
                0x000000000800d05c       0x20 c:/st/stm32cubeide_1.9.0/stm32cubeide/plugins/com.st.stm32cube.ide.mcu.externaltools.gnu-tools-for-stm32.10.3-2021.10.win32_1.0.0.202111181127/tools/bin/../lib/gcc/arm-none-eabi/10.3.1/../../../../arm-none-eabi/lib/thumb/v7e-m+fp/hard\libc_nano.a(lib_a-findfp.o)
                0x000000000800d05c                __sf_fake_stdout
 .rodata._global_impure_ptr
                0x000000000800d07c        0x4 c:/st/stm32cubeide_1.9.0/stm32cubeide/plugins/com.st.stm32cube.ide.mcu.externaltools.gnu-tools-for-stm32.10.3-2021.10.win32_1.0.0.202111181127/tools/bin/../lib/gcc/arm-none-eabi/10.3.1/../../../../arm-none-eabi/lib/thumb/v7e-m+fp/hard\libc_nano.a(lib_a-impure.o)
                0x000000000800d07c                _global_impure_ptr
 .rodata._ctype_
                0x000000000800d080      0x101 c:/st/stm32cubeide_1.9.0/stm32cubeide/plugins/com.st.stm32cube.ide.mcu.externaltools.gnu-tools-for-stm32.10.3-2021.10.win32_1.0.0.202111181127/tools/bin/../lib/gcc/arm-none-eabi/10.3.1/../../../../arm-none-eabi/lib/thumb/v7e-m+fp/hard\libc_nano.a(lib_a-ctype_.o)
                0x000000000800d080                _ctype_
 .rodata._vfprintf_r.str1.1
                0x000000000800d181       0x11 c:/st/stm32cubeide_1.9.0/stm32cubeide/plugins/com.st.stm32cube.ide.mcu.externaltools.gnu-tools-for-stm32.10.3-2021.10.win32_1.0.0.202111181127/tools/bin/../lib/gcc/arm-none-eabi/10.3.1/../../../../arm-none-eabi/lib/thumb/v7e-m+fp/hard\libc_nano.a(lib_a-nano-vfprintf.o)
 .rodata._printf_i.str1.1
                0x000000000800d192       0x22 c:/st/stm32cubeide_1.9.0/stm32cubeide/plugins/com.st.stm32cube.ide.mcu.externaltools.gnu-tools-for-stm32.10.3-2021.10.win32_1.0.0.202111181127/tools/bin/../lib/gcc/arm-none-eabi/10.3.1/../../../../arm-none-eabi/lib/thumb/v7e-m+fp/hard\libc_nano.a(lib_a-nano-vfprintf_i.o)
                0x000000000800d1b4                . = ALIGN (0x4)

.ARM.extab      0x000000000800d1b4        0x0
                0x000000000800d1b4                . = ALIGN (0x4)
 *(.ARM.extab* .gnu.linkonce.armextab.*)
                0x000000000800d1b4                . = ALIGN (0x4)

.ARM            0x000000000800d1b4        0x8
                0x000000000800d1b4                . = ALIGN (0x4)
                0x000000000800d1b4                __exidx_start = .
 *(.ARM.exidx*)
 .ARM.exidx     0x000000000800d1b4        0x8 c:/st/stm32cubeide_1.9.0/stm32cubeide/plugins/com.st.stm32cube.ide.mcu.externaltools.gnu-tools-for-stm32.10.3-2021.10.win32_1.0.0.202111181127/tools/bin/../lib/gcc/arm-none-eabi/10.3.1/thumb/v7e-m+fp/hard\libgcc.a(_udivmoddi4.o)
                0x000000000800d1bc                __exidx_end = .
                0x000000000800d1bc                . = ALIGN (0x4)

.rel.dyn        0x000000000800d1bc        0x0
 .rel.iplt      0x000000000800d1bc        0x0 c:/st/stm32cubeide_1.9.0/stm32cubeide/plugins/com.st.stm32cube.ide.mcu.externaltools.gnu-tools-for-stm32.10.3-2021.10.win32_1.0.0.202111181127/tools/bin/../lib/gcc/arm-none-eabi/10.3.1/thumb/v7e-m+fp/hard/crtbegin.o

.preinit_array  0x000000000800d1bc        0x0
                0x000000000800d1bc                . = ALIGN (0x4)
                0x000000000800d1bc                PROVIDE (__preinit_array_start = .)
 *(.preinit_array*)
                0x000000000800d1bc                PROVIDE (__preinit_array_end = .)
                0x000000000800d1bc                . = ALIGN (0x4)

.init_array     0x000000000800d1bc        0x4
                0x000000000800d1bc                . = ALIGN (0x4)
                0x000000000800d1bc                PROVIDE (__init_array_start = .)
 *(SORT_BY_NAME(.init_array.*))
 *(.init_array*)
 .init_array    0x000000000800d1bc        0x4 c:/st/stm32cubeide_1.9.0/stm32cubeide/plugins/com.st.stm32cube.ide.mcu.externaltools.gnu-tools-for-stm32.10.3-2021.10.win32_1.0.0.202111181127/tools/bin/../lib/gcc/arm-none-eabi/10.3.1/thumb/v7e-m+fp/hard/crtbegin.o
                0x000000000800d1c0                PROVIDE (__init_array_end = .)
                0x000000000800d1c0                . = ALIGN (0x4)

.fini_array     0x000000000800d1c0        0x4
                0x000000000800d1c0                . = ALIGN (0x4)
                [!provide]                        PROVIDE (__fini_array_start = .)
 *(SORT_BY_NAME(.fini_array.*))
 *(.fini_array*)
 .fini_array    0x000000000800d1c0        0x4 c:/st/stm32cubeide_1.9.0/stm32cubeide/plugins/com.st.stm32cube.ide.mcu.externaltools.gnu-tools-for-stm32.10.3-2021.10.win32_1.0.0.202111181127/tools/bin/../lib/gcc/arm-none-eabi/10.3.1/thumb/v7e-m+fp/hard/crtbegin.o
                [!provide]                        PROVIDE (__fini_array_end = .)
                0x000000000800d1c4                . = ALIGN (0x4)
                0x000000000800d1c4                _sidata = LOADADDR (.data)

.data           0x0000000020000000      0x1d0 load address 0x000000000800d1c4
                0x0000000020000000                . = ALIGN (0x4)
                0x0000000020000000                _sdata = .
 *(.data)
 *(.data*)
 .data.current_app_id
                0x0000000020000000        0x1 ./Core/Src/apps/app_sensorboard.o
 .data.eyeAction
                0x0000000020000001        0x1 ./Core/Src/apps/app_sensorboard.o
                0x0000000020000001                eyeAction
 .data.prev_belt_action
                0x0000000020000002        0x1 ./Core/Src/apps/app_sensorboard.o
 *fill*         0x0000000020000003        0x1 
 .data.this     0x0000000020000004       0x14 ./Core/Src/apps/apps_init.o
 .data.IMAGES1  0x0000000020000018       0xa0 ./Core/Src/before/dot_matrix1.o
                0x0000000020000018                IMAGES1
 .data.IMAGES2  0x00000000200000b8       0xa0 ./Core/Src/before/dot_matrix2.o
                0x00000000200000b8                IMAGES2
 .data.SystemCoreClock
                0x0000000020000158        0x4 ./Core/Src/system_stm32f4xx.o
                0x0000000020000158                SystemCoreClock
 .data.start_parsing