Archive member included to satisfy reference by file (symbol)

c:/st/stm32cubeide_1.9.0/stm32cubeide/plugins/com.st.stm32cube.ide.mcu.externaltools.gnu-tools-for-stm32.10.3-2021.10.win32_1.0.0.202111181127/tools/bin/../lib/gcc/arm-none-eabi/10.3.1/../../../../arm-none-eabi/lib/thumb/v7e-m+fp/hard\libc_nano.a(lib_a-atoi.o)
                              ./Core/Src/peripheral/uart_test.o (atoi)
c:/st/stm32cubeide_1.9.0/stm32cubeide/plugins/com.st.stm32cube.ide.mcu.externaltools.gnu-tools-for-stm32.10.3-2021.10.win32_1.0.0.202111181127/tools/bin/../lib/gcc/arm-none-eabi/10.3.1/../../../../arm-none-eabi/lib/thumb/v7e-m+fp/hard\libc_nano.a(lib_a-errno.o)
                              ./Core/Src/syscalls.o (__errno)
c:/st/stm32cubeide_1.9.0/stm32cubeide/plugins/com.st.stm32cube.ide.mcu.externaltools.gnu-tools-for-stm32.10.3-2021.10.win32_1.0.0.202111181127/tools/bin/../lib/gcc/arm-none-eabi/10.3.1/../../../../arm-none-eabi/lib/thumb/v7e-m+fp/hard\libc_nano.a(lib_a-exit.o)
                              c:/st/stm32cubeide_1.9.0/stm32cubeide/plugins/com.st.stm32cube.ide.mcu.externaltools.gnu-tools-for-stm32.10.3-2021.10.win32_1.0.0.202111181127/tools/bin/../lib/gcc/arm-none-eabi/10.3.1/../../../../arm-none-eabi/lib/thumb/v7e-m+fp/hard/crt0.o (exit)
c:/st/stm32cubeide_1.9.0/stm32cubeide/plugins/com.st.stm32cube.ide.mcu.externaltools.gnu-tools-for-stm32.10.3-2021.10.win32_1.0.0.202111181127/tools/bin/../lib/gcc/arm-none-eabi/10.3.1/../../../../arm-none-eabi/lib/thumb/v7e-m+fp/hard\libc_nano.a(lib_a-findfp.o)
                              ./Middlewares/Third_Party/FreeRTOS/Source/tasks.o (__sf_fake_stderr)
c:/st/stm32cubeide_1.9.0/stm32cubeide/plugins/com.st.stm32cube.ide.mcu.externaltools.gnu-tools-for-stm32.10.3-2021.10.win32_1.0.0.202111181127/tools/bin/../lib/gcc/arm-none-eabi/10.3.1/../../../../arm-none-eabi/lib/thumb/v7e-m+fp/hard\libc_nano.a(lib_a-fwalk.o)
                              c:/st/stm32cubeide_1.9.0/stm32cubeide/plugins/com.st.stm32cube.ide.mcu.externaltools.gnu-tools-for-stm32.10.3-2021.10.win32_1.0.0.202111181127/tools/bin/../lib/gcc/arm-none-eabi/10.3.1/../../../../arm-none-eabi/lib/thumb/v7e-m+fp/hard\libc_nano.a(lib_a-findfp.o) (_fwalk)
c:/st/stm32cubeide_1.9.0/stm32cubeide/plugins/com.st.stm32cube.ide.mcu.externaltools.gnu-tools-for-stm32.10.3-2021.10.win32_1.0.0.202111181127/tools/bin/../lib/gcc/arm-none-eabi/10.3.1/../../../../arm-none-eabi/lib/thumb/v7e-m+fp/hard\libc_nano.a(lib_a-impure.o)
                              c:/st/stm32cubeide_1.9.0/stm32cubeide/plugins/com.st.stm32cube.ide.mcu.externaltools.gnu-tools-for-stm32.10.3-2021.10.win32_1.0.0.202111181127/tools/bin/../lib/gcc/arm-none-eabi/10.3.1/../../../../arm-none-eabi/lib/thumb/v7e-m+fp/hard\libc_nano.a(lib_a-exit.o) (_global_impure_ptr)
c:/st/stm32cubeide_1.9.0/stm32cubeide/plugins/com.st.stm32cube.ide.mcu.externaltools.gnu-tools-for-stm32.10.3-2021.10.win32_1.0.0.202111181127/tools/bin/../lib/gcc/arm-none-eabi/10.3.1/../../../../arm-none-eabi/lib/thumb/v7e-m+fp/hard\libc_nano.a(lib_a-init.o)
                              c:/st/stm32cubeide_1.9.0/stm32cubeide/plugins/com.st.stm32cube.ide.mcu.externaltools.gnu-tools-for-stm32.10.3-2021.10.win32_1.0.0.202111181127/tools/bin/../lib/gcc/arm-none-eabi/10.3.1/../../../../arm-none-eabi/lib/thumb/v7e-m+fp/hard/crt0.o (__libc_init_array)
c:/st/stm32cubeide_1.9.0/stm32cubeide/plugins/com.st.stm32cube.ide.mcu.externaltools.gnu-tools-for-stm32.10.3-2021.10.win32_1.0.0.202111181127/tools/bin/../lib/gcc/arm-none-eabi/10.3.1/../../../../arm-none-eabi/lib/thumb/v7e-m+fp/hard\libc_nano.a(lib_a-lock.o)
                              c:/st/stm32cubeide_1.9.0/stm32cubeide/plugins/com.st.stm32cube.ide.mcu.externaltools.gnu-tools-for-stm32.10.3-2021.10.win32_1.0.0.202111181127/tools/bin/../lib/gcc/arm-none-eabi/10.3.1/../../../../arm-none-eabi/lib/thumb/v7e-m+fp/hard\libc_nano.a(lib_a-findfp.o) (__retarget_lock_init_recursive)
c:/st/stm32cubeide_1.9.0/stm32cubeide/plugins/com.st.stm32cube.ide.mcu.externaltools.gnu-tools-for-stm32.10.3-2021.10.win32_1.0.0.202111181127/tools/bin/../lib/gcc/arm-none-eabi/10.3.1/../../../../arm-none-eabi/lib/thumb/v7e-m+fp/hard\libc_nano.a(lib_a-malloc.o)
                              ./Core/Src/util/u_strings.o (malloc)
c:/st/stm32cubeide_1.9.0/stm32cubeide/plugins/com.st.stm32cube.ide.mcu.externaltools.gnu-tools-for-stm32.10.3-2021.10.win32_1.0.0.202111181127/tools/bin/../lib/gcc/arm-none-eabi/10.3.1/../../../../arm-none-eabi/lib/thumb/v7e-m+fp/hard\libc_nano.a(lib_a-memcmp.o)
                              ./Core/Src/util/u_strings.o (memcmp)
c:/st/stm32cubeide_1.9.0/stm32cubeide/plugins/com.st.stm32cube.ide.mcu.externaltools.gnu-tools-for-stm32.10.3-2021.10.win32_1.0.0.202111181127/tools/bin/../lib/gcc/arm-none-eabi/10.3.1/../../../../arm-none-eabi/lib/thumb/v7e-m+fp/hard\libc_nano.a(lib_a-memcpy-stub.o)
                              ./Core/Src/apps/app_sensorboard.o (memcpy)
[...]
Memory Configuration

Name             Origin             Length             Attributes
CCMRAM           0x0000000010000000 0x0000000000010000 xrw
RAM              0x0000000020000000 0x0000000000020000 xrw
FLASH            0x0000000008000000 0x0000000000080000 xr
*default*        0x0000000000000000 0xffffffffffffffff

Linker script and memory map

LOAD c:/st/stm32cubeide_1.9.0/stm32cubeide/plugins/com.st.stm32cube.ide.mcu.externaltools.gnu-tools-for-stm32.10.3-2021.10.win32_1.0.0.202111181127/tools/bin/../lib/gcc/arm-none-eabi/10.3.1/thumb/v7e-m+fp/hard/crti.o
LOAD c:/st/stm32cubeide_1.9.0/stm32cubeide/plugins/com.st.stm32cube.ide.mcu.externaltools.gnu-tools-for-stm32.10.3-2021.10.win32_1.0.0.202111181127/tools/bin/../lib/gcc/arm-none-eabi/10.3.1/thumb/v7e-m+fp/hard/crtbegin.o
LOAD c:/st/stm32cubeide_1.9.0/stm32cubeide/plugins/com.st.stm32cube.ide.mcu.externaltools.gnu-tools-for-stm32.10.3-2021.10.win32_1.0.0.202111181127/tools/bin/../lib/gcc/arm-none-eabi/10.3.1/../../../../arm-none-eabi/lib/thumb/v7e-m+fp/hard/crt0.o
LOAD ./Core/Src/apps/app_sensorboard.o
LOAD ./Core/Src/apps/apps_init.o
LOAD ./Core/Src/apps/msgs.o
LOAD ./Core/Src/before/dot_matrix1.o
LOAD ./Core/Src/before/dot_matrix2.o
LOAD ./Core/Src/freertos.o
LOAD ./Core/Src/main.o
LOAD ./Core/Src/stm32f4xx_hal_msp.o
LOAD ./Core/Src/stm32f4xx_hal_timebase_tim.o
LOAD ./Core/Src/stm32f4xx_it.o
LOAD ./Core/Src/syscalls.o
LOAD ./Core/Src/sysmem.o
LOAD ./Core/Src/system_stm32f4xx.o
LOAD ./Core/Src/peripheral/interface_board.o
LOAD ./Core/Src/peripheral/uart_test.o
LOAD ./Core/Src/peripheral/ultrasonic_HG_C40U.o
LOAD ./Core/Src/util/u_bsp_driver.o
LOAD ./Core/Src/util/u_strings.o
LOAD ./Core/Src/util/u_timer.o
LOAD ./Core/Startup/startup_stm32f407vetx.o
LOAD ./Drivers/STM32F4xx_HAL_Driver/Src/stm32f4xx_hal.o
LOAD ./Drivers/STM32F4xx_HAL_Driver/Src/stm32f4xx_hal_cortex.o
LOAD ./Drivers/STM32F4xx_HAL_Driver/Src/stm32f4xx_hal_dma.o
LOAD ./Drivers/STM32F4xx_HAL_Driver/Src/stm32f4xx_hal_dma_ex.o
LOAD ./Drivers/STM32F4xx_HAL_Driver/Src/stm32f4xx_hal_exti.o
LOAD ./Drivers/STM32F4xx_HAL_Driver/Src/stm32f4xx_hal_flash.o
LOAD ./Drivers/STM32F4xx_HAL_Driver/Src/stm32f4xx_hal_flash_ex.o
LOAD ./Drivers/STM32F4xx_HAL_Driver/Src/stm32f4xx_hal_flash_ramfunc.o
LOAD ./Drivers/STM32F4xx_HAL_Driver/Src/stm32f4xx_hal_gpio.o
LOAD ./Drivers/STM32F4xx_HAL_Driver/Src/stm32f4xx_hal_pwr.o
LOAD ./Drivers/STM32F4xx_HAL_Driver/Src/stm32f4xx_hal_pwr_ex.o
LOAD ./Drivers/STM32F4xx_HAL_Driver/Src/stm32f4xx_hal_rcc.o
LOAD ./Drivers/STM32F4xx_HAL_Driver/Src/stm32f4xx_hal_rcc_ex.o
LOAD ./Drivers/STM32F4xx_HAL_Driver/Src/stm32f4xx_hal_spi.o
LOAD ./Drivers/STM32F4xx_HAL_Driver/Src/stm32f4xx_hal_tim.o
LOAD ./Drivers/STM32F4xx_HAL_Driver/Src/stm32f4xx_hal_tim_ex.o
LOAD ./Drivers/STM32F4xx_HAL_Driver/Src/stm32f4xx_hal_uart.o
LOAD ./Middlewares/Third_Party/FreeRTOS/Source/CMSIS_RTOS_V2/cmsis_os2.o
LOAD ./Middlewares/Third_Party/FreeRTOS/Source/croutine.o
LOAD ./Middlewares/Third_Party/FreeRTOS/Source/event_groups.o
LOAD ./Middlewares/Third_Party/FreeRTOS/Source/list.o
LOAD ./Middlewares/Third_Party/FreeRTOS/Source/queue.o
LOAD ./Middlewares/Third_Party/FreeRTOS/Source/stream_buffer.o
LOAD ./Middlewares/Third_Party/FreeRTOS/Source/tasks.o
LOAD ./Middlewares/Third_Party/FreeRTOS/Source/timers.o
LOAD ./Middlewares/Third_Party/FreeRTOS/Source/portable/GCC/ARM_CM4F/port.o
LOAD ./Middlewares/Third_Party/FreeRTOS/Source/portable/MemMang/heap_4.o
START GROUP
LOAD c:/st/stm32cubeide_1.9.0/stm32cubeide/plugins/com.st.stm32cube.ide.mcu.externaltools.gnu-tools-for-stm32.10.3-2021.10.win32_1.0.0.202111181127/tools/bin/../lib/gcc/arm-none-eabi/10.3.1/../../../../arm-none-eabi/lib/thumb/v7e-m+fp/hard\libc_nano.a
LOAD c:/st/stm32cubeide_1.9.0/stm32cubeide/plugins/com.st.stm32cube.ide.mcu.externaltools.gnu-tools-for-stm32.10.3-2021.10.win32_1.0.0.202111181127/tools/bin/../lib/gcc/arm-none-eabi/10.3.1/../../../../arm-none-eabi/lib/thumb/v7e-m+fp/hard\libm.a
END GROUP
START GROUP
LOAD c:/st/stm32cubeide_1.9.0/stm32cubeide/plugins/com.st.stm32cube.ide.mcu.externaltools.gnu-tools-for-stm32.10.3-2021.10.win32_1.0.0.202111181127/tools/bin/../lib/gcc/arm-none-eabi/10.3.1/thumb/v7e-m+fp/hard\libgcc.a
LOAD c:/st/stm32cubeide_1.9.0/stm32cubeide/plugins/com.st.stm32cube.ide.mcu.externaltools.gnu-tools-for-stm32.10.3-2021.10.win32_1.0.0.202111181127/tools/bin/../lib/gcc/arm-none-eabi/10.3.1/../../../../arm-none-eabi/lib/thumb/v7e-m+fp/hard\libc_nano.a
END GROUP
START GROUP
LOAD c:/st/stm32cubeide_1.9.0/stm32cubeide/plugins/com.st.stm32cube.ide.mcu.externaltools.gnu-tools-for-stm32.10.3-2021.10.win32_1.0.0.202111181127/tools/bin/../lib/gcc/arm-none-eabi/10.3.1/thumb/v7e-m+fp/hard\libgcc.a
LOAD c:/st/stm32cubeide_1.9.0/stm32cubeide/plugins/com.st.stm32cube.ide.mcu.externaltools.gnu-tools-for-stm32.10.3-2021.10.win32_1.0.0.202111181127/tools/bin/../lib/gcc/arm-none-eabi/10.3.1/../../../../arm-none-eabi/lib/thumb/v7e-m+fp/hard\libc_nano.a
LOAD c:/st/stm32cubeide_1.9.0/stm32cubeide/plugins/com.st.stm32cube.ide.mcu.externaltools.gnu-tools-for-stm32.10.3-2021.10.win32_1.0.0.202111181127/tools/bin/../lib/gcc/arm-none-eabi/10.3.1/../../../../arm-none-eabi/lib/thumb/v7e-m+fp/hard\libnosys.a
END GROUP
START GROUP
LOAD c:/st/stm32cubeide_1.9.0/stm32cubeide/plugins/com.st.stm32cube.ide.mcu.externaltools.gnu-tools-for-stm32.10.3-2021.10.win32_1.0.0.202111181127/tools/bin/../lib/gcc/arm-none-eabi/10.3.1/thumb/v7e-m+fp/hard\libgcc.a
LOAD c:/st/stm32cubeide_1.9.0/stm32cubeide/plugins/com.st.stm32cube.ide.mcu.externaltools.gnu-tools-for-stm32.10.3-2021.10.win32_1.0.0.202111181127/tools/bin/../lib/gcc/arm-none-eabi/10.3.1/../../../../arm-none-eabi/lib/thumb/v7e-m+fp/hard\libc_nano.a
LOAD c:/st/stm32cubeide_1.9.0/stm32cubeide/plugins/com.st.stm32cube.ide.mcu.externaltools.gnu-tools-for-stm32.10.3-2021.10.win32_1.0.0.202111181127/tools/bin/../lib/gcc/arm-none-eabi/10.3.1/../../../../arm-none-eabi/lib/thumb/v7e-m+fp/hard\libnosys.a
END GROUP
LOAD c:/st/stm32cubeide_1.9.0/stm32cubeide/plugins/com.st.stm32cube.ide.mcu.externaltools.gnu-tools-for-stm32.10.3-2021.10.win32_1.0.0.202111181127/tools/bin/../lib/gcc/arm-none-eabi/10.3.1/thumb/v7e-m+fp/hard/crtend.o
LOAD c:/st/stm32cubeide_1.9.0/stm32cubeide/plugins/com.st.stm32cube.ide.mcu.externaltools.gnu-tools-for-stm32.10.3-2021.10.win32_1.0.0.202111181127/tools/bin/../lib/gcc/arm-none-eabi/10.3.1/thumb/v7e-m+fp/hard/crtn.o
                0x0000000020020000                _estack = (ORIGIN (RAM) + LENGTH (RAM))
                0x0000000000000200                _Min_Heap_Size = 0x200
                0x0000000000000400                _Min_Stack_Size = 0x400

.isr_vector     0x0000000008000000      0x188
                0x0000000008000000                . = ALIGN (0x4)
 *(.isr_vector)
 .isr_vector    0x0000000008000000      0x188 ./Core/Startup/startup_stm32f407vetx.o
                0x0000000008000000                g_pfnVectors
                0x0000000008000188                . = ALIGN (0x4)

.text           0x0000000008000190     0xcbbc
                0x0000000008000190                . = ALIGN (0x4)
 *(.text)
 .text          0x0000000008000190       0x40 c:/st/stm32cubeide_1.9.0/stm32cubeide/plugins/com.st.stm32cube.ide.mcu.externaltools.gnu-tools-for-stm32.10.3-2021.10.win32_1.0.0.202111181127/tools/bin/../lib/gcc/arm-none-eabi/10.3.1/thumb/v7e-m+fp/hard/crtbegin.o
 .text          0x00000000080001d0       0xa0 c:/st/stm32cubeide_1.9.0/stm32cubeide/plugins/com.st.stm32cube.ide.mcu.externaltools.gnu-tools-for-stm32.10.3-2021.10.win32_1.0.0.202111181127/tools/bin/../lib/gcc/arm-none-eabi/10.3.1/../../../../arm-none-eabi/lib/thumb/v7e-m+fp/hard\libc_nano.a(lib_a-memchr.o)
                0x00000000080001d0                memchr
 .text          0x0000000008000270      0x254 c:/st/stm32cubeide_1.9.0/stm32cubeide/plugins/com.st.stm32cube.ide.mcu.externaltools.gnu-tools-for-stm32.10.3-2021.10.win32_1.0.0.202111181127/tools/bin/../lib/gcc/arm-none-eabi/10.3.1/thumb/v7e-m+fp/hard\libgcc.a(_arm_muldf3.o)
                0x0000000008000270                __muldf3
                0x0000000008000270                __aeabi_dmul
 .text          0x00000000080004c4      0x378 c:/st/stm32cubeide_1.9.0/stm32cubeide/plugins/com.st.stm32cube.ide.mcu.externaltools.gnu-tools-for-stm32.10.3-2021.10.win32_1.0.0.202111181127/tools/bin/../lib/gcc/arm-none-eabi/10.3.1/thumb/v7e-m+fp/hard\libgcc.a(_arm_addsubdf3.o)
                0x00000000080004c4                __aeabi_drsub
                0x00000000080004cc                __aeabi_dsub
                0x00000000080004cc                __subdf3
                0x00000000080004d0                __aeabi_dadd
                0x00000000080004d0                __adddf3
                0x0000000008000748                __floatunsidf
                0x0000000008000748                __aeabi_ui2d
                0x0000000008000768                __floatsidf
                0x0000000008000768                __aeabi_i2d
                0x000000000800078c                __aeabi_f2d
                0x000000000800078c                __extendsfdf2
                0x00000000080007d0                __floatundidf
                0x00000000080007d0                __aeabi_ul2d
                0x00000000080007e0                __floatdidf
                0x00000000080007e0                __aeabi_l2d
 .text          0x000000000800083c       0x40 c:/st/stm32cubeide_1.9.0/stm32cubeide/plugins/com.st.stm32cube.ide.mcu.externaltools.gnu-tools-for-stm32.10.3-2021.10.win32_1.0.0.202111181127/tools/bin/../lib/gcc/arm-none-eabi/10.3.1/thumb/v7e-m+fp/hard\libgcc.a(_arm_fixunsdfsi.o)
                0x000000000800083c                __aeabi_d2uiz
                0x000000000800083c                __fixunsdfsi
 .text          0x000000000800087c       0x30 c:/st/stm32cubeide_1.9.0/stm32cubeide/plugins/com.st.stm32cube.ide.mcu.externaltools.gnu-tools-for-stm32.10.3-2021.10.win32_1.0.0.202111181127/tools/bin/../lib/gcc/arm-none-eabi/10.3.1/thumb/v7e-m+fp/hard\libgcc.a(_aeabi_uldivmod.o)
                0x000000000800087c                __aeabi_uldivmod
 .text          0x00000000080008ac      0x2d0 c:/st/stm32cubeide_1.9.0/stm32cubeide/plugins/com.st.stm32cube.ide.mcu.externaltools.gnu-tools-for-stm32.10.3-2021.10.win32_1.0.0.202111181127/tools/bin/../lib/gcc/arm-none-eabi/10.3.1/thumb/v7e-m+fp/hard\libgcc.a(_udivmoddi4.o)
                0x00000000080008ac                __udivmoddi4
 .text          0x0000000008000b7c        0x4 c:/st/stm32cubeide_1.9.0/stm32cubeide/plugins/com.st.stm32cube.ide.mcu.externaltools.gnu-tools-for-stm32.10.3-2021.10.win32_1.0.0.202111181127/tools/bin/../lib/gcc/arm-none-eabi/10.3.1/thumb/v7e-m+fp/hard\libgcc.a(_dvmd_tls.o)
                0x0000000008000b7c                __aeabi_idiv0
                0x0000000008000b7c                __aeabi_ldiv0
 *(.text*)
 .text.LED_PWM_init
                0x0000000008000b80       0x58 ./Core/Src/apps/app_sensorboard.o
 .text.Set_LED  0x0000000008000bd8       0xf4 ./Core/Src/apps/app_sensorboard.o
 .text.WS2812_Send
                0x0000000008000ccc      0x3e0 ./Core/Src/apps/app_sensorboard.o
 .text.Belt_Reset_LED
                0x00000000080010ac       0x60 ./Core/Src/apps/app_sensorboard.o
                0x00000000080010ac                Belt_Reset_LED
 .text.Belt_Allset_LED
                0x000000000800110c       0x2e ./Core/Src/apps/app_sensorboard.o
                0x000000000800110c                Belt_Allset_LED
 *fill*         0x000000000800113a        0x2 
 .text.Ring1_Reset_LED
                0x000000000800113c       0x60 ./Core/Src/apps/app_sensorboard.o
                0x000000000800113c                Ring1_Reset_LED
 .text.Ring2_Reset_LED
                0x000000000800119c       0x60 ./Core/Src/apps/app_sensorboard.o
                0x000000000800119c                Ring2_Reset_LED
 .text.Belt_Rotate_Init
                0x00000000080011fc       0xa0 ./Core/Src/apps/app_sensorboard.o
                0x00000000080011fc                Belt_Rotate_Init
 .text.Ring_Rotate_Init
                0x000000000800129c       0xa4 ./Core/Src/apps/app_sensorboard.o
                0x000000000800129c                Ring_Rotate_Init
 .text.Belt_Toggle_LED
                0x0000000008001340       0x34 ./Core/Src/apps/app_sensorboard.o
                0x0000000008001340                Belt_Toggle_LED
 .text.Set_LED_violet
                0x0000000008001374       0x32 ./Core/Src/apps/app_sensorboard.o
                0x0000000008001374                Set_LED_violet
 *fill*         0x00000000080013a6        0x2 
 .text.Set_LED_red
                0x00000000080013a8       0x60 ./Core/Src/apps/app_sensorboard.o
                0x00000000080013a8                Set_LED_red
 .text.Set_LED_yellow
                0x0000000008001408       0x58 ./Core/Src/apps/app_sensorboard.o
                0x0000000008001408                Set_LED_yellow
 .text.Set_LED_white
                0x0000000008001460       0x88 ./Core/Src/apps/app_sensorboard.o
                0x0000000008001460                Set_LED_white
 .text.GetColorCode
                0x00000000080014e8       0xd4 ./Core/Src/apps/app_sensorboard.o
                0x00000000080014e8                GetColorCode
 .text.Belt_MODE_breathing
                0x00000000080015bc       0xc0 ./Core/Src/apps/app_sensorboard.o
                0x00000000080015bc                Belt_MODE_breathing
 .text.reverse  0x000000000800167c       0x62 ./Core/Src/apps/app_sensorboard.o
                0x000000000800167c                reverse
 .text.shiftRight
                0x00000000080016de       0x3e ./Core/Src/apps/app_sensorboard.o
                0x00000000080016de                shiftRight
 .text.shiftLeft
                0x000000000800171c       0x32 ./Core/Src/apps/app_sensorboard.o
                0x000000000800171c                shiftLeft
 *fill*         0x000000000800174e        0x2 
 .text.Belt_MODE_rotation
                0x0000000008001750       0x78 ./Core/Src/apps/app_sensorboard.o
                0x0000000008001750                Belt_MODE_rotation
 .text.Ring1_MODE_breathing
                0x00000000080017c8       0x94 ./Core/Src/apps/app_sensorboard.o
                0x00000000080017c8                Ring1_MODE_breathing
 .text.Ring1_MODE_rotation
                0x000000000800185c       0x90 ./Core/Src/apps/app_sensorboard.o
                0x000000000800185c                Ring1_MODE_rotation
 .text.Ring2_MODE_breathing
                0x00000000080018ec       0x94 ./Core/Src/apps/app_sensorboard.o
                0x00000000080018ec                Ring2_MODE_breathing
 .text.Ring2_MODE_rotation
                0x0000000008001980       0x90 ./Core/Src/apps/app_sensorboard.o
                0x0000000008001980                Ring2_MODE_rotation
 .text.ShowBatteryStatus
                0x0000000008001a10      0x3c2 ./Core/Src/apps/app_sensorboard.o
                0x0000000008001a10                ShowBatteryStatus
 *fill*         0x0000000008001dd2        0x2 
 .text.FrontLight_SetPWM
                0x0000000008001dd4       0x24 ./Core/Src/apps/app_sensorboard.o
                0x0000000008001dd4                FrontLight_SetPWM
 .text.FrontLight_Enable
                0x0000000008001df8       0x30 ./Core/Src/apps/app_sensorboard.o
                0x0000000008001df8                FrontLight_Enable
 .text.Set_Belt_Color
                0x0000000008001e28      0x134 ./Core/Src/apps/app_sensorboard.o
                0x0000000008001e28                Set_Belt_Color
 .text.Set_Belt_Action
                0x0000000008001f5c       0xfc ./Core/Src/apps/app_sensorboard.o
                0x0000000008001f5c                Set_Belt_Action
 .text.EyeControl
                0x0000000008002058      0x190 ./Core/Src/apps/app_sensorboard.o
                0x0000000008002058                EyeControl
 .text.LED_Control_Set
                0x00000000080021e8       0xac ./Core/Src/apps/app_sensorboard.o
                0x00000000080021e8                LED_Control_Set
 *fill*         0x0000000008002294        0x4 
 .text.init_pwm_leds
                0x0000000008002298      0x128 ./Core/Src/apps/app_sensorboard.o
                0x0000000008002298                init_pwm_leds
 .text.apps_process_task
                0x00000000080023c0       0xb8 ./Core/Src/apps/app_sensorboard.o
                0x00000000080023c0                apps_process_task
 .text.apps_init_app
                0x0000000008002478       0x30 ./Core/Src/apps/app_sensorboard.o
                0x0000000008002478                apps_init_app
 .text.apps_start_app
                0x00000000080024a8       0x44 ./Core/Src/apps/app_sensorboard.o
                0x00000000080024a8                apps_start_app
 .text.apps_on_msg_app
                0x00000000080024ec       0x48 ./Core/Src/apps/app_sensorboard.o
                0x00000000080024ec                apps_on_msg_app
 .text.apps_timer_1ms
                0x0000000008002534       0x2c ./Core/Src/apps/app_sensorboard.o
 .text.apps_timer_100ms
                0x0000000008002560       0x3c ./Core/Src/apps/app_sensorboard.o
 .text.apps_timer_1s
                0x000000000800259c       0x18 ./Core/Src/apps/app_sensorboard.o
 .text.apps_timer_5s
                0x00000000080025b4       0x54 ./Core/Src/apps/app_sensorboard.o
 .text.apps_timer_1min
                0x0000000008002608       0x18 ./Core/Src/apps/app_sensorboard.o
 .text.init_apps_init_app
                0x0000000008002620       0x18 ./Core/Src/apps/apps_init.o
                0x0000000008002620                init_apps_init_app
 .text.default_global_volatile
                0x0000000008002638       0x60 ./Core/Src/apps/apps_init.o
 .text.start    0x0000000008002698       0x44 ./Core/Src/apps/apps_init.o
 .text.stop     0x00000000080026dc        0xe ./Core/Src/apps/apps_init.o
 .text.on_msg   0x00000000080026ea       0x2c ./Core/Src/apps/apps_init.o
 *fill*         0x0000000008002716        0x2 
 .text.msgs_get_msg
                0x0000000008002718       0x9c ./Core/Src/apps/msgs.o
                0x0000000008002718                msgs_get_msg
 .text.SPI1_TX_Byte
                0x00000000080027b4       0x28 ./Core/Src/before/dot_matrix1.o
 .text.SS1_ENABLE
                0x00000000080027dc       0x30 ./Core/Src/before/dot_matrix1.o
 .text.SS1_DISABLE
                0x000000000800280c       0x28 ./Core/Src/before/dot_matrix1.o
 .text.TxByte1  0x0000000008002834       0x3a ./Core/Src/before/dot_matrix1.o
 *fill*         0x000000000800286e        0x2 
 .text.DOT_MATRIX1_Init
                0x0000000008002870      0x198 ./Core/Src/before/dot_matrix1.o
                0x0000000008002870                DOT_MATRIX1_Init
 .text.MATRIX1_CLEAR
                0x0000000008002a08       0x68 ./Core/Src/before/dot_matrix1.o
                0x0000000008002a08                MATRIX1_CLEAR
 .text.MATRIX1_Write_Char
                0x0000000008002a70       0x78 ./Core/Src/before/dot_matrix1.o
                0x0000000008002a70                MATRIX1_Write_Char
 .text.SPI2_TX_Byte
                0x0000000008002ae8       0x28 ./Core/Src/before/dot_matrix2.o
 .text.SS2_ENABLE
                0x0000000008002b10       0x30 ./Core/Src/before/dot_matrix2.o
 .text.SS2_DISABLE
                0x0000000008002b40       0x28 ./Core/Src/before/dot_matrix2.o
 .text.TxByte2  0x0000000008002b68       0x3a ./Core/Src/before/dot_matrix2.o
 *fill*         0x0000000008002ba2        0x2 
 .text.DOT_MATRIX2_Init
                0x0000000008002ba4      0x198 ./Core/Src/before/dot_matrix2.o
                0x0000000008002ba4                DOT_MATRIX2_Init
 .text.MATRIX2_CLEAR
                0x0000000008002d3c       0x68 ./Core/Src/before/dot_matrix2.o
                0x0000000008002d3c                MATRIX2_CLEAR
 .text.MATRIX2_Write_Char
                0x0000000008002da4       0x78 ./Core/Src/before/dot_matrix2.o
                0x0000000008002da4                MATRIX2_Write_Char
 .text._write   0x0000000008002e1c       0x38 ./Core/Src/main.o
                0x0000000008002e1c                _write
 .text.DWT_Delay_us
                0x0000000008002e54       0x40 ./Core/Src/main.o
                0x0000000008002e54                DWT_Delay_us
 .text.HAL_TIM_PWM_PulseFinishedCallback
                0x0000000008002e94       0x7c ./Core/Src/main.o
                0x0000000008002e94                HAL_TIM_PWM_PulseFinishedCallback
 .text.main     0x0000000008002f10      0x164 ./Core/Src/main.o
                0x0000000008002f10                main
 .text.SystemClock_Config
                0x0000000008003074       0xd4 ./Core/Src/main.o
                0x0000000008003074                SystemClock_Config
 .text.MX_SPI1_Init
                0x0000000008003148       0x6c ./Core/Src/main.o
 .text.MX_TIM1_Init
                0x00000000080031b4      0x134 ./Core/Src/main.o
 .text.MX_TIM4_Init
                0x00000000080032e8       0xb4 ./Core/Src/main.o
 .text.MX_TIM13_Init
                0x000000000800339c       0x48 ./Core/Src/main.o
 .text.MX_UART4_Init
                0x00000000080033e4       0x54 ./Core/Src/main.o
 .text.MX_USART2_UART_Init
                0x0000000008003438       0x54 ./Core/Src/main.o
 .text.MX_USART3_UART_Init
                0x000000000800348c       0x54 ./Core/Src/main.o
 .text.MX_USART6_UART_Init
                0x00000000080034e0       0x54 ./Core/Src/main.o
 .text.MX_DMA_Init
                0x0000000008003534       0x60 ./Core/Src/main.o
 .text.MX_GPIO_Init
                0x0000000008003594      0x13c ./Core/Src/main.o
 .text.HAL_TIM_PeriodElapsedCallback
                0x00000000080036d0       0x3c ./Core/Src/main.o
                0x00000000080036d0                HAL_TIM_PeriodElapsedCallback
 .text.Error_Handler
                0x000000000800370c        0xa ./Core/Src/main.o
                0x000000000800370c                Error_Handler
 *fill*         0x0000000008003716        0x2 
 .text.HAL_MspInit
                0x0000000008003718       0x58 ./Core/Src/stm32f4xx_hal_msp.o
                0x0000000008003718                HAL_MspInit
 .text.HAL_SPI_MspInit
                0x0000000008003770       0x90 ./Core/Src/stm32f4xx_hal_msp.o
                0x0000000008003770                HAL_SPI_MspInit
 .text.HAL_TIM_PWM_MspInit
                0x0000000008003800      0x1a4 ./Core/Src/stm32f4xx_hal_msp.o
                0x0000000008003800                HAL_TIM_PWM_MspInit
 .text.HAL_TIM_Base_MspInit
                0x00000000080039a4       0x50 ./Core/Src/stm32f4xx_hal_msp.o
                0x00000000080039a4                HAL_TIM_Base_MspInit
 .text.HAL_TIM_MspPostInit
                0x00000000080039f4       0xc8 ./Core/Src/stm32f4xx_hal_msp.o
                0x00000000080039f4                HAL_TIM_MspPostInit
 .text.HAL_UART_MspInit
                0x0000000008003abc      0x250 ./Core/Src/stm32f4xx_hal_msp.o
                0x0000000008003abc                HAL_UART_MspInit
 .text.HAL_InitTick
                0x0000000008003d0c       0xb4 ./Core/Src/stm32f4xx_hal_timebase_tim.o
                0x0000000008003d0c                HAL_InitTick
 .text.NMI_Handler
                0x0000000008003dc0        0x6 ./Core/Src/stm32f4xx_it.o
                0x0000000008003dc0                NMI_Handler
 .text.HardFault_Handler
                0x0000000008003dc6        0x6 ./Core/Src/stm32f4xx_it.o
                0x0000000008003dc6                HardFault_Handler
 .text.MemManage_Handler
                0x0000000008003dcc        0x6 ./Core/Src/stm32f4xx_it.o
                0x0000000008003dcc                MemManage_Handler
 .text.BusFault_Handler
                0x0000000008003dd2        0x6 ./Core/Src/stm32f4xx_it.o
                0x0000000008003dd2                BusFault_Handler
 .text.UsageFault_Handler
                0x0000000008003dd8        0x6 ./Core/Src/stm32f4xx_it.o
                0x0000000008003dd8                UsageFault_Handler
 .text.DebugMon_Handler
                0x0000000008003dde        0xe ./Core/Src/stm32f4xx_it.o
                0x0000000008003dde                DebugMon_Handler
 .text.USART2_IRQHandler
                0x0000000008003dec       0xb4 ./Core/Src/stm32f4xx_it.o
                0x0000000008003dec                USART2_IRQHandler
 .text.USART3_IRQHandler
                0x0000000008003ea0       0xb4 ./Core/Src/stm32f4xx_it.o
                0x0000000008003ea0                USART3_IRQHandler
 .text.TIM8_UP_TIM13_IRQHandler
                0x0000000008003f54       0x14 ./Core/Src/stm32f4xx_it.o
                0x0000000008003f54                TIM8_UP_TIM13_IRQHandler
 .text.UART4_IRQHandler
                0x0000000008003f68       0xb4 ./Core/Src/stm32f4xx_it.o
                0x0000000008003f68                UART4_IRQHandler
 .text.TIM7_IRQHandler
                0x000000000800401c       0x14 ./Core/Src/stm32f4xx_it.o
                0x000000000800401c                TIM7_IRQHandler
 .text.DMA2_Stream2_IRQHandler
                0x0000000008004030       0x14 ./Core/Src/stm32f4xx_it.o
                0x0000000008004030                DMA2_Stream2_IRQHandler
 .text.DMA2_Stream3_IRQHandler
                0x0000000008004044       0x14 ./Core/Src/stm32f4xx_it.o
                0x0000000008004044                DMA2_Stream3_IRQHandler
 .text.DMA2_Stream6_IRQHandler
                0x0000000008004058       0x14 ./Core/Src/stm32f4xx_it.o
                0x0000000008004058                DMA2_Stream6_IRQHandler
 .text.USART6_IRQHandler
                0x000000000800406c       0xc8 ./Core/Src/stm32f4xx_it.o
                0x000000000800406c                USART6_IRQHandler
 .text._read    0x0000000008004134       0x3a ./Core/Src/syscalls.o
                0x0000000008004134                _read
 .text._close   0x000000000800416e       0x18 ./Core/Src/syscalls.o
                0x000000000800416e                _close
 .text._fstat   0x0000000008004186       0x20 ./Core/Src/syscalls.o
                0x0000000008004186                _fstat
 .text._isatty  0x00000000080041a6       0x16 ./Core/Src/syscalls.o
                0x00000000080041a6                _isatty
 .text._lseek   0x00000000080041bc       0x1a ./Core/Src/syscalls.o
                0x00000000080041bc                _lseek
 *fill*         0x00000000080041d6        0x2 
 .text._sbrk    0x00000000080041d8       0x6c ./Core/Src/sysmem.o
                0x00000000080041d8                _sbrk
 .text.SystemInit
                0x0000000008004244       0x24 ./Core/Src/system_stm32f4xx.o
                0x0000000008004244                SystemInit
 .text.init_p_interfaceboard
                0x0000000008004268       0x3c ./Core/Src/peripheral/interface_board.o
                0x0000000008004268                init_p_interfaceboard
 .text.B2BChksumMake
                0x00000000080042a4       0x4c ./Core/Src/peripheral/interface_board.o
                0x00000000080042a4                B2BChksumMake
 .text.RosChksumChk
                0x00000000080042f0       0x6a ./Core/Src/peripheral/interface_board.o
                0x00000000080042f0                RosChksumChk
 *fill*         0x000000000800435a        0x2 
 .text.p_interfaceBD_task
                0x000000000800435c      0x26c ./Core/Src/peripheral/interface_board.o
                0x000000000800435c                p_interfaceBD_task
 .text.init_p_uart_test
                0x00000000080045c8       0x20 ./Core/Src/peripheral/uart_test.o
                0x00000000080045c8                init_p_uart_test
 .text.p_uart_test_task
                0x00000000080045e8      0x114 ./Core/Src/peripheral/uart_test.o
                0x00000000080045e8                p_uart_test_task
 .text.SET_LED  0x00000000080046fc       0x94 ./Core/Src/peripheral/uart_test.o
 .text.init_ultrasonic_hg_c40u
                0x0000000008004790       0xdc ./Core/Src/peripheral/ultrasonic_HG_C40U.o
                0x0000000008004790                init_ultrasonic_hg_c40u
 .text.p_ultrasonic_task
                0x000000000800486c      0x3e4 ./Core/Src/peripheral/ultrasonic_HG_C40U.o
                0x000000000800486c                p_ultrasonic_task
 .text.Uart_Init_Custom
                0x0000000008004c50       0x24 ./Core/Src/util/u_bsp_driver.o
                0x0000000008004c50                Uart_Init_Custom
 .text.string_strtok
                0x0000000008004c74       0xf8 ./Core/Src/util/u_strings.o
                0x0000000008004c74                string_strtok
 .text.timers_init
                0x0000000008004d6c       0x14 ./Core/Src/util/u_timer.o
                0x0000000008004d6c                timers_init
 .text.timers_register_timer
                0x0000000008004d80       0x80 ./Core/Src/util/u_timer.o
                0x0000000008004d80                timers_register_timer
 .text.timers_tick_timer
                0x0000000008004e00       0x68 ./Core/Src/util/u_timer.o
                0x0000000008004e00                timers_tick_timer
 .text.apps_timer_task
                0x0000000008004e68       0xa0 ./Core/Src/util/u_timer.o
                0x0000000008004e68                apps_timer_task
 .text.timers_process_tick_interrupt_timer
                0x0000000008004f08       0xcc ./Core/Src/util/u_timer.o
                0x0000000008004f08                timers_process_tick_interrupt_timer
 .text.Reset_Handler
                0x0000000008004fd4       0x50 ./Core/Startup/startup_stm32f407vetx.o
                0x0000000008004fd4                Reset_Handler
 .text.Default_Handler
                0x0000000008005024        0x2 ./Core/Startup/startup_stm32f407vetx.o
                0x0000000008005024                RTC_Alarm_IRQHandler
                0x0000000008005024                HASH_RNG_IRQHandler
                0x0000000008005024                EXTI2_IRQHandler
                0x0000000008005024                TIM8_CC_IRQHandler
                0x0000000008005024                TIM1_CC_IRQHandler
                0x0000000008005024                DMA2_Stream5_IRQHandler
                0x0000000008005024                DMA1_Stream5_IRQHandler
                0x0000000008005024                PVD_IRQHandler
                0x0000000008005024                SDIO_IRQHandler
                0x0000000008005024                TAMP_STAMP_IRQHandler
                0x0000000008005024                CAN2_RX1_IRQHandler
                0x0000000008005024                EXTI3_IRQHandler
                0x0000000008005024                TIM8_TRG_COM_TIM14_IRQHandler
                0x0000000008005024                TIM1_UP_TIM10_IRQHandler
                0x0000000008005024                I2C3_ER_IRQHandler
                0x0000000008005024                EXTI0_IRQHandler
                0x0000000008005024                I2C2_EV_IRQHandler
                0x0000000008005024                DMA1_Stream2_IRQHandler
                0x0000000008005024                CAN1_RX0_IRQHandler
                0x0000000008005024                FPU_IRQHandler
                0x0000000008005024                OTG_HS_WKUP_IRQHandler
                0x0000000008005024                CAN2_SCE_IRQHandler
                0x0000000008005024                SPI1_IRQHandler
                0x0000000008005024                TIM6_DAC_IRQHandler
                0x0000000008005024                TIM1_BRK_TIM9_IRQHandler
                0x0000000008005024                DCMI_IRQHandler
                0x0000000008005024                CAN2_RX0_IRQHandler
                0x0000000008005024                CAN1_RX1_IRQHandler
                0x0000000008005024                UART5_IRQHandler
                0x0000000008005024                DMA2_Stream0_IRQHandler
                0x0000000008005024                TIM4_IRQHandler
                0x0000000008005024                I2C1_EV_IRQHandler
                0x0000000008005024                DMA1_Stream6_IRQHandler
                0x0000000008005024                DMA1_Stream1_IRQHandler
                0x0000000008005024                TIM3_IRQHandler
                0x0000000008005024                RCC_IRQHandler
                0x0000000008005024                TIM8_BRK_TIM12_IRQHandler
                0x0000000008005024                Default_Handler
                0x0000000008005024                EXTI15_10_IRQHandler
                0x0000000008005024                ADC_IRQHandler
                0x0000000008005024                DMA1_Stream7_IRQHandler
                0x0000000008005024                CAN2_TX_IRQHandler
                0x0000000008005024                TIM5_IRQHandler
                0x0000000008005024                DMA2_Stream7_IRQHandler
                0x0000000008005024                I2C3_EV_IRQHandler
                0x0000000008005024                EXTI9_5_IRQHandler
                0x0000000008005024                RTC_WKUP_IRQHandler
                0x0000000008005024                ETH_WKUP_IRQHandler
                0x0000000008005024                SPI2_IRQHandler
                0x0000000008005024                OTG_HS_EP1_IN_IRQHandler
                0x0000000008005024                DMA1_Stream0_IRQHandler
                0x0000000008005024                CAN1_TX_IRQHandler
                0x0000000008005024                EXTI4_IRQHandler
                0x0000000008005024                FSMC_IRQHandler
                0x0000000008005024                ETH_IRQHandler
                0x0000000008005024                OTG_HS_EP1_OUT_IRQHandler
                0x0000000008005024                WWDG_IRQHandler
                0x0000000008005024                TIM2_IRQHandler
                0x0000000008005024                OTG_FS_WKUP_IRQHandler
                0x0000000008005024                TIM1_TRG_COM_TIM11_IRQHandler
                0x0000000008005024                OTG_HS_IRQHandler
                0x0000000008005024                EXTI1_IRQHandler
                0x0000000008005024                I2C2_ER_IRQHandler
                0x0000000008005024                DMA2_Stream1_IRQHandler
                0x0000000008005024                CAN1_SCE_IRQHandler
                0x0000000008005024                FLASH_IRQHandler
                0x0000000008005024                DMA2_Stream4_IRQHandler
                0x0000000008005024                USART1_IRQHandler
                0x0000000008005024                OTG_FS_IRQHandler
                0x0000000008005024                SPI3_IRQHandler
                0x0000000008005024                DMA1_Stream4_IRQHandler
                0x0000000008005024                I2C1_ER_IRQHandler
                0x0000000008005024                DMA1_Stream3_IRQHandler
 *fill*         0x0000000008005026        0x2 
 .text.HAL_Init
                0x0000000008005028       0x44 ./Drivers/STM32F4xx_HAL_Driver/Src/stm32f4xx_hal.o
                0x0000000008005028                HAL_Init
 .text.HAL_IncTick
                0x000000000800506c       0x28 ./Drivers/STM32F4xx_HAL_Driver/Src/stm32f4xx_hal.o
                0x000000000800506c                HAL_IncTick
 .text.HAL_GetTick
                0x0000000008005094       0x18 ./Drivers/STM32F4xx_HAL_Driver/Src/stm32f4xx_hal.o
                0x0000000008005094                HAL_GetTick
 .text.HAL_Delay
                0x00000000080050ac       0x48 ./Drivers/STM32F4xx_HAL_Driver/Src/stm32f4xx_hal.o
                0x00000000080050ac                HAL_Delay
 .text.__NVIC_SetPriorityGrouping
                0x00000000080050f4       0x48 ./Drivers/STM32F4xx_HAL_Driver/Src/stm32f4xx_hal_cortex.o
 .text.__NVIC_GetPriorityGrouping
                0x000000000800513c       0x1c ./Drivers/STM32F4xx_HAL_Driver/Src/stm32f4xx_hal_cortex.o
 .text.__NVIC_EnableIRQ
                0x0000000008005158       0x3c ./Drivers/STM32F4xx_HAL_Driver/Src/stm32f4xx_hal_cortex.o
 .text.__NVIC_SetPriority
                0x0000000008005194       0x54 ./Drivers/STM32F4xx_HAL_Driver/Src/stm32f4xx_hal_cortex.o
 .text.NVIC_EncodePriority
                0x00000000080051e8       0x66 ./Drivers/STM32F4xx_HAL_Driver/Src/stm32f4xx_hal_cortex.o
 .text.HAL_NVIC_SetPriorityGrouping
                0x000000000800524e       0x16 ./Drivers/STM32F4xx_HAL_Driver/Src/stm32f4xx_hal_cortex.o
                0x000000000800524e                HAL_NVIC_SetPriorityGrouping
 .text.HAL_NVIC_SetPriority
                0x0000000008005264       0x38 ./Drivers/STM32F4xx_HAL_Driver/Src/stm32f4xx_hal_cortex.o
                0x0000000008005264                HAL_NVIC_SetPriority
 .text.HAL_NVIC_EnableIRQ
                0x000000000800529c       0x1c ./Drivers/STM32F4xx_HAL_Driver/Src/stm32f4xx_hal_cortex.o
                0x000000000800529c                HAL_NVIC_EnableIRQ
 .text.HAL_DMA_Init
                0x00000000080052b8      0x15c ./Drivers/STM32F4xx_HAL_Driver/Src/stm32f4xx_hal_dma.o
                0x00000000080052b8                HAL_DMA_Init
 .text.HAL_DMA_Start_IT
                0x0000000008005414       0xb0 ./Drivers/STM32F4xx_HAL_Driver/Src/stm32f4xx_hal_dma.o
                0x0000000008005414                HAL_DMA_Start_IT
 .text.HAL_DMA_Abort_IT
                0x00000000080054c4       0x44 ./Drivers/STM32F4xx_HAL_Driver/Src/stm32f4xx_hal_dma.o
                0x00000000080054c4                HAL_DMA_Abort_IT
 .text.HAL_DMA_IRQHandler
                0x0000000008005508      0x314 ./Drivers/STM32F4xx_HAL_Driver/Src/stm32f4xx_hal_dma.o
                0x0000000008005508                HAL_DMA_IRQHandler
 .text.DMA_SetConfig
                0x000000000800581c       0x5c ./Drivers/STM32F4xx_HAL_Driver/Src/stm32f4xx_hal_dma.o
 .text.DMA_CalcBaseAndBitshift
                0x0000000008005878       0x6c ./Drivers/STM32F4xx_HAL_Driver/Src/stm32f4xx_hal_dma.o
 .text.DMA_CheckFifoParam
                0x00000000080058e4       0xf8 ./Drivers/STM32F4xx_HAL_Driver/Src/stm32f4xx_hal_dma.o
 .text.HAL_GPIO_Init
                0x00000000080059dc      0x338 ./Drivers/STM32F4xx_HAL_Driver/Src/stm32f4xx_hal_gpio.o
                0x00000000080059dc                HAL_GPIO_Init
 .text.HAL_GPIO_WritePin
                0x0000000008005d14       0x32 ./Drivers/STM32F4xx_HAL_Driver/Src/stm32f4xx_hal_gpio.o
                0x0000000008005d14                HAL_GPIO_WritePin
 *fill*         0x0000000008005d46        0x2 
 .text.HAL_RCC_OscConfig
                0x0000000008005d48      0x4f0 ./Drivers/STM32F4xx_HAL_Driver/Src/stm32f4xx_hal_rcc.o
                0x0000000008005d48                HAL_RCC_OscConfig
 .text.HAL_RCC_ClockConfig
                0x0000000008006238      0x1cc ./Drivers/STM32F4xx_HAL_Driver/Src/stm32f4xx_hal_rcc.o
                0x0000000008006238                HAL_RCC_ClockConfig
 .text.HAL_RCC_GetSysClockFreq
                0x0000000008006404      0x20c ./Drivers/STM32F4xx_HAL_Driver/Src/stm32f4xx_hal_rcc.o
                0x0000000008006404                HAL_RCC_GetSysClockFreq
 .text.HAL_RCC_GetHCLKFreq
                0x0000000008006610       0x18 ./Drivers/STM32F4xx_HAL_Driver/Src/stm32f4xx_hal_rcc.o
                0x0000000008006610                HAL_RCC_GetHCLKFreq
 .text.HAL_RCC_GetPCLK1Freq
                0x0000000008006628       0x28 ./Drivers/STM32F4xx_HAL_Driver/Src/stm32f4xx_hal_rcc.o
                0x0000000008006628                HAL_RCC_GetPCLK1Freq
 .text.HAL_RCC_GetPCLK2Freq
                0x0000000008006650       0x28 ./Drivers/STM32F4xx_HAL_Driver/Src/stm32f4xx_hal_rcc.o
                0x0000000008006650                HAL_RCC_GetPCLK2Freq
 .text.HAL_RCC_GetClockConfig
                0x0000000008006678       0x64 ./Drivers/STM32F4xx_HAL_Driver/Src/stm32f4xx_hal_rcc.o
                0x0000000008006678                HAL_RCC_GetClockConfig
 .text.HAL_SPI_Init
                0x00000000080066dc      0x112 ./Drivers/STM32F4xx_HAL_Driver/Src/stm32f4xx_hal_spi.o
                0x00000000080066dc                HAL_SPI_Init
 .text.HAL_SPI_Transmit
                0x00000000080067ee      0x278 ./Drivers/STM32F4xx_HAL_Driver/Src/stm32f4xx_hal_spi.o
                0x00000000080067ee                HAL_SPI_Transmit
 *fill*         0x0000000008006a66        0x2 
 .text.SPI_WaitFlagStateUntilTimeout
                0x0000000008006a68      0x110 ./Drivers/STM32F4xx_HAL_Driver/Src/stm32f4xx_hal_spi.o
 .text.SPI_EndRxTxTransaction
                0x0000000008006b78       0x84 ./Drivers/STM32F4xx_HAL_Driver/Src/stm32f4xx_hal_spi.o
 .text.HAL_TIM_Base_Init
                0x0000000008006bfc       0x9e ./Drivers/STM32F4xx_HAL_Driver/Src/stm32f4xx_hal_tim.o
                0x0000000008006bfc                HAL_TIM_Base_Init
 *fill*         0x0000000008006c9a        0x2 
 .text.HAL_TIM_Base_Start_IT
                0x0000000008006c9c       0xe0 ./Drivers/STM32F4xx_HAL_Driver/Src/stm32f4xx_hal_tim.o
                0x0000000008006c9c                HAL_TIM_Base_Start_IT
 .text.HAL_TIM_PWM_Init
                0x0000000008006d7c       0x9e ./Drivers/STM32F4xx_HAL_Driver/Src/stm32f4xx_hal_tim.o
                0x0000000008006d7c                HAL_TIM_PWM_Init
 *fill*         0x0000000008006e1a        0x2 
 .text.HAL_TIM_PWM_Start
                0x0000000008006e1c      0x190 ./Drivers/STM32F4xx_HAL_Driver/Src/stm32f4xx_hal_tim.o
                0x0000000008006e1c                HAL_TIM_PWM_Start
 .text.HAL_TIM_PWM_Stop
                0x0000000008006fac       0xe0 ./Drivers/STM32F4xx_HAL_Driver/Src/stm32f4xx_hal_tim.o
                0x0000000008006fac                HAL_TIM_PWM_Stop
 .text.HAL_TIM_PWM_Start_DMA
                0x000000000800708c      0x390 ./Drivers/STM32F4xx_HAL_Driver/Src/stm32f4xx_hal_tim.o
                0x000000000800708c                HAL_TIM_PWM_Start_DMA
 .text.HAL_TIM_PWM_Stop_DMA
                0x000000000800741c      0x1a4 ./Drivers/STM32F4xx_HAL_Driver/Src/stm32f4xx_hal_tim.o
                0x000000000800741c                HAL_TIM_PWM_Stop_DMA
 .text.HAL_TIM_IRQHandler
                0x00000000080075c0      0x210 ./Drivers/STM32F4xx_HAL_Driver/Src/stm32f4xx_hal_tim.o
                0x00000000080075c0                HAL_TIM_IRQHandler
 .text.HAL_TIM_PWM_ConfigChannel
                0x00000000080077d0      0x184 ./Drivers/STM32F4xx_HAL_Driver/Src/stm32f4xx_hal_tim.o
                0x00000000080077d0                HAL_TIM_PWM_ConfigChannel
 .text.HAL_TIM_OC_DelayElapsedCallback
                0x0000000008007954       0x14 ./Drivers/STM32F4xx_HAL_Driver/Src/stm32f4xx_hal_tim.o
                0x0000000008007954                HAL_TIM_OC_DelayElapsedCallback
 .text.HAL_TIM_IC_CaptureCallback
                0x0000000008007968       0x14 ./Drivers/STM32F4xx_HAL_Driver/Src/stm32f4xx_hal_tim.o
                0x0000000008007968                HAL_TIM_IC_CaptureCallback
 .text.HAL_TIM_PWM_PulseFinishedHalfCpltCallback
                0x000000000800797c       0x14 ./Drivers/STM32F4xx_HAL_Driver/Src/stm32f4xx_hal_tim.o
                0x000000000800797c                HAL_TIM_PWM_PulseFinishedHalfCpltCallback
 .text.HAL_TIM_TriggerCallback
                0x0000000008007990       0x14 ./Drivers/STM32F4xx_HAL_Driver/Src/stm32f4xx_hal_tim.o
                0x0000000008007990                HAL_TIM_TriggerCallback
 .text.HAL_TIM_ErrorCallback
                0x00000000080079a4       0x14 ./Drivers/STM32F4xx_HAL_Driver/Src/stm32f4xx_hal_tim.o
                0x00000000080079a4                HAL_TIM_ErrorCallback
 .text.TIM_DMAError
                0x00000000080079b8       0x92 ./Drivers/STM32F4xx_HAL_Driver/Src/stm32f4xx_hal_tim.o
                0x00000000080079b8                TIM_DMAError
 .text.TIM_DMADelayPulseCplt
                0x0000000008007a4a       0xa8 ./Drivers/STM32F4xx_HAL_Driver/Src/stm32f4xx_hal_tim.o
 .text.TIM_DMADelayPulseHalfCplt
                0x0000000008007af2       0x68 ./Drivers/STM32F4xx_HAL_Driver/Src/stm32f4xx_hal_tim.o
                0x0000000008007af2                TIM_DMADelayPulseHalfCplt
 *fill*         0x0000000008007b5a        0x2 
 .text.TIM_Base_SetConfig
                0x0000000008007b5c      0x140 ./Drivers/STM32F4xx_HAL_Driver/Src/stm32f4xx_hal_tim.o
                0x0000000008007b5c                TIM_Base_SetConfig
 .text.TIM_OC1_SetConfig
                0x0000000008007c9c       0xe0 ./Drivers/STM32F4xx_HAL_Driver/Src/stm32f4xx_hal_tim.o
 .text.TIM_OC2_SetConfig
                0x0000000008007d7c       0xec ./Drivers/STM32F4xx_HAL_Driver/Src/stm32f4xx_hal_tim.o
                0x0000000008007d7c                TIM_OC2_SetConfig
 .text.TIM_OC3_SetConfig
                0x0000000008007e68       0xe8 ./Drivers/STM32F4xx_HAL_Driver/Src/stm32f4xx_hal_tim.o
 .text.TIM_OC4_SetConfig
                0x0000000008007f50       0xac ./Drivers/STM32F4xx_HAL_Driver/Src/stm32f4xx_hal_tim.o
 .text.TIM_CCxChannelCmd
                0x0000000008007ffc       0x4a ./Drivers/STM32F4xx_HAL_Driver/Src/stm32f4xx_hal_tim.o
                0x0000000008007ffc                TIM_CCxChannelCmd
 *fill*         0x0000000008008046        0x2 
 .text.HAL_TIMEx_MasterConfigSynchronization
                0x0000000008008048       0xf8 ./Drivers/STM32F4xx_HAL_Driver/Src/stm32f4xx_hal_tim_ex.o
                0x0000000008008048                HAL_TIMEx_MasterConfigSynchronization
 .text.HAL_TIMEx_ConfigBreakDeadTime
                0x0000000008008140       0xa4 ./Drivers/STM32F4xx_HAL_Driver/Src/stm32f4xx_hal_tim_ex.o
                0x0000000008008140                HAL_TIMEx_ConfigBreakDeadTime
 .text.HAL_TIMEx_CommutCallback
                0x00000000080081e4       0x14 ./Drivers/STM32F4xx_HAL_Driver/Src/stm32f4xx_hal_tim_ex.o
                0x00000000080081e4                HAL_TIMEx_CommutCallback
 .text.HAL_TIMEx_BreakCallback
                0x00000000080081f8       0x14 ./Drivers/STM32F4xx_HAL_Driver/Src/stm32f4xx_hal_tim_ex.o
                0x00000000080081f8                HAL_TIMEx_BreakCallback
 .text.HAL_UART_Init
                0x000000000800820c       0x9a ./Drivers/STM32F4xx_HAL_Driver/Src/stm32f4xx_hal_uart.o
                0x000000000800820c                HAL_UART_Init
 .text.HAL_UART_Transmit
                0x00000000080082a6      0x124 ./Drivers/STM32F4xx_HAL_Driver/Src/stm32f4xx_hal_uart.o
                0x00000000080082a6                HAL_UART_Transmit
 .text.UART_WaitOnFlagUntilTimeout
                0x00000000080083ca       0xdc ./Drivers/STM32F4xx_HAL_Driver/Src/stm32f4xx_hal_uart.o
 *fill*         0x00000000080084a6        0x2 
 .text.UART_SetConfig
                0x00000000080084a8      0x4e8 ./Drivers/STM32F4xx_HAL_Driver/Src/stm32f4xx_hal_uart.o
 .text.__NVIC_SetPriority
                0x0000000008008990       0x54 ./Middlewares/Third_Party/FreeRTOS/Source/CMSIS_RTOS_V2/cmsis_os2.o
 .text.SysTick_Handler
                0x00000000080089e4       0x20 ./Middlewares/Third_Party/FreeRTOS/Source/CMSIS_RTOS_V2/cmsis_os2.o
                0x00000000080089e4                SysTick_Handler
 .text.SVC_Setup
                0x0000000008008a04       0x12 ./Middlewares/Third_Party/FreeRTOS/Source/CMSIS_RTOS_V2/cmsis_os2.o
 *fill*         0x0000000008008a16        0x2 
 .text.osKernelInitialize
                0x0000000008008a18       0x48 ./Middlewares/Third_Party/FreeRTOS/Source/CMSIS_RTOS_V2/cmsis_os2.o
                0x0000000008008a18                osKernelInitialize
 .text.osKernelStart
                0x0000000008008a60       0x4c ./Middlewares/Third_Party/FreeRTOS/Source/CMSIS_RTOS_V2/cmsis_os2.o
                0x0000000008008a60                osKernelStart
 .text.osThreadNew
                0x0000000008008aac      0x124 ./Middlewares/Third_Party/FreeRTOS/Source/CMSIS_RTOS_V2/cmsis_os2.o
                0x0000000008008aac                osThreadNew
 .text.osThreadResume
                0x0000000008008bd0       0x42 ./Middlewares/Third_Party/FreeRTOS/Source/CMSIS_RTOS_V2/cmsis_os2.o
                0x0000000008008bd0                osThreadResume
 .text.osDelay  0x0000000008008c12       0x36 ./Middlewares/Third_Party/FreeRTOS/Source/CMSIS_RTOS_V2/cmsis_os2.o
                0x0000000008008c12                osDelay
 .text.osMessageQueueNew
                0x0000000008008c48       0xe6 ./Middlewares/Third_Party/FreeRTOS/Source/CMSIS_RTOS_V2/cmsis_os2.o
                0x0000000008008c48                osMessageQueueNew
 *fill*         0x0000000008008d2e        0x2 
 .text.osMessageQueuePut
                0x0000000008008d30       0xc0 ./Middlewares/Third_Party/FreeRTOS/Source/CMSIS_RTOS_V2/cmsis_os2.o
                0x0000000008008d30                osMessageQueuePut
 .text.osMessageQueueGet
                0x0000000008008df0       0xbc ./Middlewares/Third_Party/FreeRTOS/Source/CMSIS_RTOS_V2/cmsis_os2.o
                0x0000000008008df0                osMessageQueueGet
 .text.osMessageQueueReset
                0x0000000008008eac       0x44 ./Middlewares/Third_Party/FreeRTOS/Source/CMSIS_RTOS_V2/cmsis_os2.o
                0x0000000008008eac                osMessageQueueReset
 .text.vApplicationGetIdleTaskMemory
                0x0000000008008ef0       0x34 ./Middlewares/Third_Party/FreeRTOS/Source/CMSIS_RTOS_V2/cmsis_os2.o
                0x0000000008008ef0                vApplicationGetIdleTaskMemory
 .text.vApplicationGetTimerTaskMemory
                0x0000000008008f24       0x34 ./Middlewares/Third_Party/FreeRTOS/Source/CMSIS_RTOS_V2/cmsis_os2.o
                0x0000000008008f24                vApplicationGetTimerTaskMemory
 .text.vListInitialise
                0x0000000008008f58       0x40 ./Middlewares/Third_Party/FreeRTOS/Source/list.o
                0x0000000008008f58                vListInitialise
 .text.vListInitialiseItem
                0x0000000008008f98       0x1a ./Middlewares/Third_Party/FreeRTOS/Source/list.o
                0x0000000008008f98                vListInitialiseItem
 .text.vListInsertEnd
                0x0000000008008fb2       0x48 ./Middlewares/Third_Party/FreeRTOS/Source/list.o
                0x0000000008008fb2                vListInsertEnd
 .text.vListInsert
                0x0000000008008ffa       0x72 ./Middlewares/Third_Party/FreeRTOS/Source/list.o
                0x0000000008008ffa                vListInsert
 .text.uxListRemove
                0x000000000800906c       0x54 ./Middlewares/Third_Party/FreeRTOS/Source/list.o
                0x000000000800906c                uxListRemove
 .text.xQueueGenericReset
                0x00000000080090c0       0xd0 ./Middlewares/Third_Party/FreeRTOS/Source/queue.o
                0x00000000080090c0                xQueueGenericReset
 .text.xQueueGenericCreateStatic
                0x0000000008009190       0xf0 ./Middlewares/Third_Party/FreeRTOS/Source/queue.o
                0x0000000008009190                xQueueGenericCreateStatic
 .text.xQueueGenericCreate
                0x0000000008009280       0x74 ./Middlewares/Third_Party/FreeRTOS/Source/queue.o
                0x0000000008009280                xQueueGenericCreate
 .text.prvInitialiseNewQueue
                0x00000000080092f4       0x46 ./Middlewares/Third_Party/FreeRTOS/Source/queue.o
 *fill*         0x000000000800933a        0x2 
 .text.xQueueGenericSend
                0x000000000800933c      0x1fc ./Middlewares/Third_Party/FreeRTOS/Source/queue.o
                0x000000000800933c                xQueueGenericSend
 .text.xQueueGenericSendFromISR
                0x0000000008009538      0x136 ./Middlewares/Third_Party/FreeRTOS/Source/queue.o
                0x0000000008009538                xQueueGenericSendFromISR
 *fill*         0x000000000800966e        0x2 
 .text.xQueueReceive
                0x0000000008009670      0x1c0 ./Middlewares/Third_Party/FreeRTOS/Source/queue.o
                0x0000000008009670                xQueueReceive
 .text.xQueueReceiveFromISR
                0x0000000008009830      0x100 ./Middlewares/Third_Party/FreeRTOS/Source/queue.o
                0x0000000008009830                xQueueReceiveFromISR
 .text.prvCopyDataToQueue
                0x0000000008009930       0xd4 ./Middlewares/Third_Party/FreeRTOS/Source/queue.o
 .text.prvCopyDataFromQueue
                0x0000000008009a04       0x4c ./Middlewares/Third_Party/FreeRTOS/Source/queue.o
 .text.prvUnlockQueue
                0x0000000008009a50       0xa4 ./Middlewares/Third_Party/FreeRTOS/Source/queue.o
 .text.prvIsQueueEmpty
                0x0000000008009af4       0x2c ./Middlewares/Third_Party/FreeRTOS/Source/queue.o
 .text.prvIsQueueFull
                0x0000000008009b20       0x30 ./Middlewares/Third_Party/FreeRTOS/Source/queue.o
 .text.vQueueAddToRegistry
                0x0000000008009b50       0x54 ./Middlewares/Third_Party/FreeRTOS/Source/queue.o
                0x0000000008009b50                vQueueAddToRegistry
 .text.vQueueWaitForMessageRestricted
                0x0000000008009ba4       0x68 ./Middlewares/Third_Party/FreeRTOS/Source/queue.o
                0x0000000008009ba4                vQueueWaitForMessageRestricted
 .text.xTaskCreateStatic
                0x0000000008009c0c       0xba ./Middlewares/Third_Party/FreeRTOS/Source/tasks.o
                0x0000000008009c0c                xTaskCreateStatic
 .text.xTaskCreate
                0x0000000008009cc6       0x8a ./Middlewares/Third_Party/FreeRTOS/Source/tasks.o
                0x0000000008009cc6                xTaskCreate
 .text.prvInitialiseNewTask
                0x0000000008009d50      0x14c ./Middlewares/Third_Party/FreeRTOS/Source/tasks.o
 .text.prvAddNewTaskToReadyList
                0x0000000008009e9c       0xe0 ./Middlewares/Third_Party/FreeRTOS/Source/tasks.o
 .text.vTaskDelay
                0x0000000008009f7c       0x68 ./Middlewares/Third_Party/FreeRTOS/Source/tasks.o
                0x0000000008009f7c                vTaskDelay
 .text.prvTaskIsTaskSuspended
                0x0000000008009fe4       0x64 ./Middlewares/Third_Party/FreeRTOS/Source/tasks.o
 .text.vTaskResume
                0x000000000800a048       0xbc ./Middlewares/Third_Party/FreeRTOS/Source/tasks.o
                0x000000000800a048                vTaskResume
 .text.vTaskStartScheduler
                0x000000000800a104       0xe0 ./Middlewares/Third_Party/FreeRTOS/Source/tasks.o
                0x000000000800a104                vTaskStartScheduler
 .text.vTaskSuspendAll
                0x000000000800a1e4       0x1c ./Middlewares/Third_Party/FreeRTOS/Source/tasks.o
                0x000000000800a1e4                vTaskSuspendAll
 .text.xTaskResumeAll
                0x000000000800a200      0x13c ./Middlewares/Third_Party/FreeRTOS/Source/tasks.o
                0x000000000800a200                xTaskResumeAll
 .text.xTaskGetTickCount
                0x000000000800a33c       0x20 ./Middlewares/Third_Party/FreeRTOS/Source/tasks.o
                0x000000000800a33c                xTaskGetTickCount
 .text.xTaskIncrementTick
                0x000000000800a35c      0x174 ./Middlewares/Third_Party/FreeRTOS/Source/tasks.o
                0x000000000800a35c                xTaskIncrementTick
 .text.vTaskSwitchContext
                0x000000000800a4d0       0xc8 ./Middlewares/Third_Party/FreeRTOS/Source/tasks.o
                0x000000000800a4d0                vTaskSwitchContext
 .text.vTaskPlaceOnEventList
                0x000000000800a598       0x48 ./Middlewares/Third_Party/FreeRTOS/Source/tasks.o
                0x000000000800a598                vTaskPlaceOnEventList
 .text.vTaskPlaceOnEventListRestricted
                0x000000000800a5e0       0x58 ./Middlewares/Third_Party/FreeRTOS/Source/tasks.o
                0x000000000800a5e0                vTaskPlaceOnEventListRestricted
 .text.xTaskRemoveFromEventList
                0x000000000800a638       0xc8 ./Middlewares/Third_Party/FreeRTOS/Source/tasks.o
                0x000000000800a638                xTaskRemoveFromEventList
 .text.vTaskInternalSetTimeOutState
                0x000000000800a700       0x2c ./Middlewares/Third_Party/FreeRTOS/Source/tasks.o
                0x000000000800a700                vTaskInternalSetTimeOutState
 .text.xTaskCheckForTimeOut
                0x000000000800a72c       0xc4 ./Middlewares/Third_Party/FreeRTOS/Source/tasks.o
                0x000000000800a72c                xTaskCheckForTimeOut
 .text.vTaskMissedYield
                0x000000000800a7f0       0x18 ./Middlewares/Third_Party/FreeRTOS/Source/tasks.o
                0x000000000800a7f0                vTaskMissedYield
 .text.prvIdleTask
                0x000000000800a808       0x30 ./Middlewares/Third_Party/FreeRTOS/Source/tasks.o
 .text.prvInitialiseTaskLists
                0x000000000800a838       0x80 ./Middlewares/Third_Party/FreeRTOS/Source/tasks.o
 .text.prvCheckTasksWaitingTermination
                0x000000000800a8b8       0x5c ./Middlewares/Third_Party/FreeRTOS/Source/tasks.o
 .text.prvDeleteTCB
                0x000000000800a914       0x68 ./Middlewares/Third_Party/FreeRTOS/Source/tasks.o
 .text.prvResetNextTaskUnblockTime
                0x000000000800a97c       0x40 ./Middlewares/Third_Party/FreeRTOS/Source/tasks.o
 .text.xTaskGetSchedulerState
                0x000000000800a9bc       0x3c ./Middlewares/Third_Party/FreeRTOS/Source/tasks.o
                0x000000000800a9bc                xTaskGetSchedulerState
 .text.xTaskPriorityDisinherit
                0x000000000800a9f8       0xdc ./Middlewares/Third_Party/FreeRTOS/Source/tasks.o
                0x000000000800a9f8                xTaskPriorityDisinherit
 .text.prvAddCurrentTaskToDelayedList
                0x000000000800aad4       0xa8 ./Middlewares/Third_Party/FreeRTOS/Source/tasks.o
 .text.xTimerCreateTimerTask
                0x000000000800ab7c       0x90 ./Middlewares/Third_Party/FreeRTOS/Source/timers.o
                0x000000000800ab7c                xTimerCreateTimerTask
 .text.xTimerGenericCommand
                0x000000000800ac0c       0x9c ./Middlewares/Third_Party/FreeRTOS/Source/timers.o
                0x000000000800ac0c                xTimerGenericCommand
 .text.prvProcessExpiredTimer
                0x000000000800aca8       0x98 ./Middlewares/Third_Party/FreeRTOS/Source/timers.o
 .text.prvTimerTask
                0x000000000800ad40       0x24 ./Middlewares/Third_Party/FreeRTOS/Source/timers.o
 .text.prvProcessTimerOrBlockTask
                0x000000000800ad64       0x9c ./Middlewares/Third_Party/FreeRTOS/Source/timers.o
 .text.prvGetNextExpireTime
                0x000000000800ae00       0x48 ./Middlewares/Third_Party/FreeRTOS/Source/timers.o
 .text.prvSampleTimeNow
                0x000000000800ae48       0x40 ./Middlewares/Third_Party/FreeRTOS/Source/timers.o
 .text.prvInsertTimerInActiveList
                0x000000000800ae88       0x84 ./Middlewares/Third_Party/FreeRTOS/Source/timers.o
 .text.prvProcessReceivedCommands
                0x000000000800af0c      0x1c4 ./Middlewares/Third_Party/FreeRTOS/Source/timers.o
 .text.prvSwitchTimerLists
                0x000000000800b0d0       0xc8 ./Middlewares/Third_Party/FreeRTOS/Source/timers.o
 .text.prvCheckForValidListAndQueue
                0x000000000800b198       0x80 ./Middlewares/Third_Party/FreeRTOS/Source/timers.o
 .text.pxPortInitialiseStack
                0x000000000800b218       0x68 ./Middlewares/Third_Party/FreeRTOS/Source/portable/GCC/ARM_CM4F/port.o
                0x000000000800b218                pxPortInitialiseStack
 .text.prvTaskExitError
                0x000000000800b280       0x58 ./Middlewares/Third_Party/FreeRTOS/Source/portable/GCC/ARM_CM4F/port.o
 *fill*         0x000000000800b2d8        0x8 
 .text.SVC_Handler
                0x000000000800b2e0       0x28 ./Middlewares/Third_Party/FreeRTOS/Source/portable/GCC/ARM_CM4F/port.o
                0x000000000800b2e0                SVC_Handler
 .text.prvPortStartFirstTask
                0x000000000800b308       0x28 ./Middlewares/Third_Party/FreeRTOS/Source/portable/GCC/ARM_CM4F/port.o
 .text.xPortStartScheduler
                0x000000000800b330      0x144 ./Middlewares/Third_Party/FreeRTOS/Source/portable/GCC/ARM_CM4F/port.o
                0x000000000800b330                xPortStartScheduler
 .text.vPortEnterCritical
                0x000000000800b474       0x60 ./Middlewares/Third_Party/FreeRTOS/Source/portable/GCC/ARM_CM4F/port.o
                0x000000000800b474                vPortEnterCritical
 .text.vPortExitCritical
                0x000000000800b4d4       0x54 ./Middlewares/Third_Party/FreeRTOS/Source/portable/GCC/ARM_CM4F/port.o
                0x000000000800b4d4                vPortExitCritical
 *fill*         0x000000000800b528        0x8 
 .text.PendSV_Handler
                0x000000000800b530       0x68 ./Middlewares/Third_Party/FreeRTOS/Source/portable/GCC/ARM_CM4F/port.o
                0x000000000800b530                PendSV_Handler
 .text.xPortSysTickHandler
                0x000000000800b598       0x44 ./Middlewares/Third_Party/FreeRTOS/Source/portable/GCC/ARM_CM4F/port.o
                0x000000000800b598                xPortSysTickHandler
 .text.vPortSetupTimerInterrupt
                0x000000000800b5dc       0x48 ./Middlewares/Third_Party/FreeRTOS/Source/portable/GCC/ARM_CM4F/port.o
                0x000000000800b5dc                vPortSetupTimerInterrupt
 .text.vPortEnableVFP
                0x000000000800b624       0x14 ./Middlewares/Third_Party/FreeRTOS/Source/portable/GCC/ARM_CM4F/port.o
 .text.vPortValidateInterruptPriority
                0x000000000800b638       0x80 ./Middlewares/Third_Party/FreeRTOS/Source/portable/GCC/ARM_CM4F/port.o
                0x000000000800b638                vPortValidateInterruptPriority
 .text.pvPortMalloc
                0x000000000800b6b8      0x198 ./Middlewares/Third_Party/FreeRTOS/Source/portable/MemMang/heap_4.o
                0x000000000800b6b8                pvPortMalloc
 .text.vPortFree
                0x000000000800b850       0xc4 ./Middlewares/Third_Party/FreeRTOS/Source/portable/MemMang/heap_4.o
                0x000000000800b850                vPortFree
 .text.prvHeapInit
                0x000000000800b914       0xc4 ./Middlewares/Third_Party/FreeRTOS/Source/portable/MemMang/heap_4.o
 .text.prvInsertBlockIntoFreeList
                0x000000000800b9d8       0xb4 ./Middlewares/Third_Party/FreeRTOS/Source/portable/MemMang/heap_4.o
 .text.atoi     0x000000000800ba8c        0x8 c:/st/stm32cubeide_1.9.0/stm32cubeide/plugins/com.st.stm32cube.ide.mcu.externaltools.gnu-tools-for-stm32.10.3-2021.10.win32_1.0.0.202111181127/tools/bin/../lib/gcc/arm-none-eabi/10.3.1/../../../../arm-none-eabi/lib/thumb/v7e-m+fp/hard\libc_nano.a(lib_a-atoi.o)
                0x000000000800ba8c                atoi
 .text.__errno  0x000000000800ba94        0xc c:/st/stm32cubeide_1.9.0/stm32cubeide/plugins/com.st.stm32cube.ide.mcu.externaltools.gnu-tools-for-stm32.10.3-2021.10.win32_1.0.0.202111181127/tools/bin/../lib/gcc/arm-none-eabi/10.3.1/../../../../arm-none-eabi/lib/thumb/v7e-m+fp/hard\libc_nano.a(lib_a-errno.o)
                0x000000000800ba94                __errno
 .text.std      0x000000000800baa0       0x48 c:/st/stm32cubeide_1.9.0/stm32cubeide/plugins/com.st.stm32cube.ide.mcu.externaltools.gnu-tools-for-stm32.10.3-2021.10.win32_1.0.0.202111181127/tools/bin/../lib/gcc/arm-none-eabi/10.3.1/../../../../arm-none-eabi/lib/thumb/v7e-m+fp/hard\libc_nano.a(lib_a-findfp.o)
 .text._cleanup_r
                0x000000000800bae8        0xc c:/st/stm32cubeide_1.9.0/stm32cubeide/plugins/com.st.stm32cube.ide.mcu.externaltools.gnu-tools-for-stm32.10.3-2021.10.win32_1.0.0.202111181127/tools/bin/../lib/gcc/arm-none-eabi/10.3.1/../../../../arm-none-eabi/lib/thumb/v7e-m+fp/hard\libc_nano.a(lib_a-findfp.o)
                0x000000000800bae8                _cleanup_r
 .text.__sfmoreglue
                0x000000000800baf4       0x2c c:/st/stm32cubeide_1.9.0/stm32cubeide/plugins/com.st.stm32cube.ide.mcu.externaltools.gnu-tools-for-stm32.10.3-2021.10.win32_1.0.0.202111181127/tools/bin/../lib/gcc/arm-none-eabi/10.3.1/../../../../arm-none-eabi/lib/thumb/v7e-m+fp/hard\libc_nano.a(lib_a-findfp.o)
                0x000000000800baf4                __sfmoreglue
 .text.__sfp_lock_acquire
                0x000000000800bb20        0xc c:/st/stm32cubeide_1.9.0/stm32cubeide/plugins/com.st.stm32cube.ide.mcu.externaltools.gnu-tools-for-stm32.10.3-2021.10.win32_1.0.0.202111181127/tools/bin/../lib/gcc/arm-none-eabi/10.3.1/../../../../arm-none-eabi/lib/thumb/v7e-m+fp/hard\libc_nano.a(lib_a-findfp.o)
                0x000000000800bb20                __sfp_lock_acquire
 .text.__sfp_lock_release
                0x000000000800bb2c        0xc c:/st/stm32cubeide_1.9.0/stm32cubeide/plugins/com.st.stm32cube.ide.mcu.externaltools.gnu-tools-for-stm32.10.3-2021.10.win32_1.0.0.202111181127/tools/bin/../lib/gcc/arm-none-eabi/10.3.1/../../../../arm-none-eabi/lib/thumb/v7e-m+fp/hard\libc_nano.a(lib_a-findfp.o)
                0x000000000800bb2c                __sfp_lock_release
 .text.__sinit_lock_acquire
                0x000000000800bb38        0xc c:/st/stm32cubeide_1.9.0/stm32cubeide/plugins/com.st.stm32cube.ide.mcu.externaltools.gnu-tools-for-stm32.10.3-2021.10.win32_1.0.0.202111181127/tools/bin/../lib/gcc/arm-none-eabi/10.3.1/../../../../arm-none-eabi/lib/thumb/v7e-m+fp/hard\libc_nano.a(lib_a-findfp.o)
                0x000000000800bb38                __sinit_lock_acquire
 .text.__sinit_lock_release
                0x000000000800bb44        0xc c:/st/stm32cubeide_1.9.0/stm32cubeide/plugins/com.st.stm32cube.ide.mcu.externaltools.gnu-tools-for-stm32.10.3-2021.10.win32_1.0.0.202111181127/tools/bin/../lib/gcc/arm-none-eabi/10.3.1/../../../../arm-none-eabi/lib/thumb/v7e-m+fp/hard\libc_nano.a(lib_a-findfp.o)
                0x000000000800bb44                __sinit_lock_release
 .text.__sinit  0x000000000800bb50       0x70 c:/st/stm32cubeide_1.9.0/stm32cubeide/plugins/com.st.stm32cube.ide.mcu.externaltools.gnu-tools-for-stm32.10.3-2021.10.win32_1.0.0.202111181127/tools/bin/../lib/gcc/arm-none-eabi/10.3.1/../../../../arm-none-eabi/lib/thumb/v7e-m+fp/hard\libc_nano.a(lib_a-findfp.o)
                0x000000000800bb50                __sinit
 .text.__sfp    0x000000000800bbc0       0x8c c:/st/stm32cubeide_1.9.0/stm32cubeide/plugins/com.st.stm32cube.ide.mcu.externaltools.gnu-tools-for-stm32.10.3-2021.10.win32_1.0.0.202111181127/tools/bin/../lib/gcc/arm-none-eabi/10.3.1/../../../../arm-none-eabi/lib/thumb/v7e-m+fp/hard\libc_nano.a(lib_a-findfp.o)
                0x000000000800bbc0                __sfp
 .text._fwalk_reent
                0x000000000800bc4c       0x3e c:/st/stm32cubeide_1.9.0/stm32cubeide/plugins/com.st.stm32cube.ide.mcu.externaltools.gnu-tools-for-stm32.10.3-2021.10.win32_1.0.0.202111181127/tools/bin/../lib/gcc/arm-none-eabi/10.3.1/../../../../arm-none-eabi/lib/thumb/v7e-m+fp/hard\libc_nano.a(lib_a-fwalk.o)
                0x000000000800bc4c                _fwalk_reent
 *fill*         0x000000000800bc8a        0x2 
 .text.__libc_init_array
                0x000000000800bc8c       0x48 c:/st/stm32cubeide_1.9.0/stm32cubeide/plugins/com.st.stm32cube.ide.mcu.externaltools.gnu-tools-for-stm32.10.3-2021.10.win32_1.0.0.202111181127/tools/bin/../lib/gcc/arm-none-eabi/10.3.1/../../../../arm-none-eabi/lib/thumb/v7e-m+fp/hard\libc_nano.a(lib_a-init.o)
                0x000000000800bc8c                __libc_init_array
 .text.__retarget_lock_init_recursive
                0x000000000800bcd4        0x2 c:/st/stm32cubeide_1.9.0/stm32cubeide/plugins/com.st.stm32cube.ide.mcu.externaltools.gnu-tools-for-stm32.10.3-2021.10.win32_1.0.0.202111181127/tools/bin/../lib/gcc/arm-none-eabi/10.3.1/../../../../arm-none-eabi/lib/thumb/v7e-m+fp/hard\libc_nano.a(lib_a-lock.o)
                0x000000000800bcd4                __retarget_lock_init_recursive
 .text.__retarget_lock_acquire_recursive
                0x000000000800bcd6        0x2 c:/st/stm32cubeide_1.9.0/stm32cubeide/plugins/com.st.stm32cube.ide.mcu.externaltools.gnu-tools-for-stm32.10.3-2021.10.win32_1.0.0.202111181127/tools/bin/../lib/gcc/arm-none-eabi/10.3.1/../../../../arm-none-eabi/lib/thumb/v7e-m+fp/hard\libc_nano.a(lib_a-lock.o)
                0x000000000800bcd6                __retarget_lock_acquire_recursive
 .text.__retarget_lock_release_recursive
                0x000000000800bcd8        0x2 c:/st/stm32cubeide_1.9.0/stm32cubeide/plugins/com.st.stm32cube.ide.mcu.externaltools.gnu-tools-for-stm32.10.3-2021.10.win32_1.0.0.202111181127/tools/bin/../lib/gcc/arm-none-eabi/10.3.1/../../../../arm-none-eabi/lib/thumb/v7e-m+fp/hard\libc_nano.a(lib_a-lock.o)
                0x000000000800bcd8                __retarget_lock_release_recursive
 .text.memcpy   0x000000000800bcda       0x1c c:/st/stm32cubeide_1.9.0/stm32cubeide/plugins/com.st.stm32cube.ide.mcu.externaltools.gnu-tools-for-stm32.10.3-2021.10.win32_1.0.0.202111181127/tools/bin/../lib/gcc/arm-none-eabi/10.3.1/../../../../arm-none-eabi/lib/thumb/v7e-m+fp/hard\libc_nano.a(lib_a-memcpy-stub.o)
                0x000000000800bcda                memcpy
 .text.memset   0x000000000800bcf6       0x10 c:/st/stm32cubeide_1.9.0/stm32cubeide/plugins/com.st.stm32cube.ide.mcu.externaltools.gnu-tools-for-stm32.10.3-2021.10.win32_1.0.0.202111181127/tools/bin/../lib/gcc/arm-none-eabi/10.3.1/../../../../arm-none-eabi/lib/thumb/v7e-m+fp/hard\libc_nano.a(lib_a-memset.o)
                0x000000000800bcf6                memset
 *fill*         0x000000000800bd06        0x2 
 .text._free_r  0x000000000800bd08       0x98 c:/st/stm32cubeide_1.9.0/stm32cubeide/plugins/com.st.stm32cube.ide.mcu.externaltools.gnu-tools-for-stm32.10.3-2021.10.win32_1.0.0.202111181127/tools/bin/../lib/gcc/arm-none-eabi/10.3.1/../../../../arm-none-eabi/lib/thumb/v7e-m+fp/hard\libc_nano.a(lib_a-nano-freer.o)
                0x000000000800bd08                _free_r
 .text.sbrk_aligned
                0x000000000800bda0       0x40 c:/st/stm32cubeide_1.9.0/stm32cubeide/plugins/com.st.stm32cube.ide.mcu.externaltools.gnu-tools-for-stm32.10.3-2021.10.win32_1.0.0.202111181127/tools/bin/../lib/gcc/arm-none-eabi/10.3.1/../../../../arm-none-eabi/lib/thumb/v7e-m+fp/hard\libc_nano.a(lib_a-nano-mallocr.o)
 .text._malloc_r
                0x000000000800bde0       0xe8 c:/st/stm32cubeide_1.9.0/stm32cubeide/plugins/com.st.stm32cube.ide.mcu.externaltools.gnu-tools-for-stm32.10.3-2021.10.win32_1.0.0.202111181127/tools/bin/../lib/gcc/arm-none-eabi/10.3.1/../../../../arm-none-eabi/lib/thumb/v7e-m+fp/hard\libc_nano.a(lib_a-nano-mallocr.o)
                0x000000000800bde0                _malloc_r
 .text.printf   0x000000000800bec8       0x30 c:/st/stm32cubeide_1.9.0/stm32cubeide/plugins/com.st.stm32cube.ide.mcu.externaltools.gnu-tools-for-stm32.10.3-2021.10.win32_1.0.0.202111181127/tools/bin/../lib/gcc/arm-none-eabi/10.3.1/../../../../arm-none-eabi/lib/thumb/v7e-m+fp/hard\libc_nano.a(lib_a-printf.o)
                0x000000000800bec8                iprintf
                0x000000000800bec8                printf
 .text._puts_r  0x000000000800bef8       0xdc c:/st/stm32cubeide_1.9.0/stm32cubeide/plugins/com.st.stm32cube.ide.mcu.externaltools.gnu-tools-for-stm32.10.3-2021.10.win32_1.0.0.202111181127/tools/bin/../lib/gcc/arm-none-eabi/10.3.1/../../../../arm-none-eabi/lib/thumb/v7e-m+fp/hard\libc_nano.a(lib_a-puts.o)
                0x000000000800bef8                _puts_r
 .text.puts     0x000000000800bfd4       0x10 c:/st/stm32cubeide_1.9.0/stm32cubeide/plugins/com.st.stm32cube.ide.mcu.externaltools.gnu-tools-for-stm32.10.3-2021.10.win32_1.0.0.202111181127/tools/bin/../lib/gcc/arm-none-eabi/10.3.1/../../../../arm-none-eabi/lib/thumb/v7e-m+fp/hard\libc_nano.a(lib_a-puts.o)
                0x000000000800bfd4                puts
 .text.cleanup_glue
                0x000000000800bfe4       0x1a c:/st/stm32cubeide_1.9.0/stm32cubeide/plugins/com.st.stm32cube.ide.mcu.externaltools.gnu-tools-for-stm32.10.3-2021.10.win32_1.0.0.202111181127/tools/bin/../lib/gcc/arm-none-eabi/10.3.1/../../../../arm-none-eabi/lib/thumb/v7e-m+fp/hard\libc_nano.a(lib_a-reent.o)
                0x000000000800bfe4                cleanup_glue
 *fill*         0x000000000800bffe        0x2 
 .text._reclaim_reent
                0x000000000800c000       0xb8 c:/st/stm32cubeide_1.9.0/stm32cubeide/plugins/com.st.stm32cube.ide.mcu.externaltools.gnu-tools-for-stm32.10.3-2021.10.win32_1.0.0.202111181127/tools/bin/../lib/gcc/arm-none-eabi/10.3.1/../../../../arm-none-eabi/lib/thumb/v7e-m+fp/hard\libc_nano.a(lib_a-reent.o)
                0x000000000800c000                _reclaim_reent
 .text._sbrk_r  0x000000000800c0b8       0x20 c:/st/stm32cubeide_1.9.0/stm32cubeide/plugins/com.st.stm32cube.ide.mcu.externaltools.gnu-tools-for-stm32.10.3-2021.10.win32_1.0.0.202111181127/tools/bin/../lib/gcc/arm-none-eabi/10.3.1/../../../../arm-none-eabi/lib/thumb/v7e-m+fp/hard\libc_nano.a(lib_a-sbrkr.o)
                0x000000000800c0b8                _sbrk_r
 .text.__sread  0x000000000800c0d8       0x22 c:/st/stm32cubeide_1.9.0/stm32cubeide/plugins/com.st.stm32cube.ide.mcu.externaltools.gnu-tools-for-stm32.10.3-2021.10.win32_1.0.0.202111181127/tools/bin/../lib/gcc/arm-none-eabi/10.3.1/../../../../arm-none-eabi/lib/thumb/v7e-m+fp/hard\libc_nano.a(lib_a-stdio.o)
                0x000000000800c0d8                __sread
 .text.__swrite
                0x000000000800c0fa       0x38 c:/st/stm32cubeide_1.9.0/stm32cubeide/plugins/com.st.stm32cube.ide.mcu.externaltools.gnu-tools-for-stm32.10.3-2021.10.win32_1.0.0.202111181127/tools/bin/../lib/gcc/arm-none-eabi/10.3.1/../../../../arm-none-eabi/lib/thumb/v7e-m+fp/hard\libc_nano.a(lib_a-stdio.o)
                0x000000000800c0fa                __swrite
 .text.__sseek  0x000000000800c132       0x24 c:/st/stm32cubeide_1.9.0/stm32cubeide/plugins/com.st.stm32cube.ide.mcu.externaltools.gnu-tools-for-stm32.10.3-2021.10.win32_1.0.0.202111181127/tools/bin/../lib/gcc/arm-none-eabi/10.3.1/../../../../arm-none-eabi/lib/thumb/v7e-m+fp/hard\libc_nano.a(lib_a-stdio.o)
                0x000000000800c132                __sseek
 .text.__sclose
                0x000000000800c156        0x8 c:/st/stm32cubeide_1.9.0/stm32cubeide/plugins/com.st.stm32cube.ide.mcu.externaltools.gnu-tools-for-stm32.10.3-2021.10.win32_1.0.0.202111181127/tools/bin/../lib/gcc/arm-none-eabi/10.3.1/../../../../arm-none-eabi/lib/thumb/v7e-m+fp/hard\libc_nano.a(lib_a-stdio.o)
                0x000000000800c156                __sclose
 .text.strncmp  0x000000000800c15e       0x28 c:/st/stm32cubeide_1.9.0/stm32cubeide/plugins/com.st.stm32cube.ide.mcu.externaltools.gnu-tools-for-stm32.10.3-2021.10.win32_1.0.0.202111181127/tools/bin/../lib/gcc/arm-none-eabi/10.3.1/../../../../arm-none-eabi/lib/thumb/v7e-m+fp/hard\libc_nano.a(lib_a-strncmp.o)
                0x000000000800c15e                strncmp
 *fill*         0x000000000800c186        0x2 
 .text._strtol_l.constprop.0
                0x000000000800c188      0x104 c:/st/stm32cubeide_1.9.0/stm32cubeide/plugins/com.st.stm32cube.ide.mcu.externaltools.gnu-tools-for-stm32.10.3-2021.10.win32_1.0.0.202111181127/tools/bin/../lib/gcc/arm-none-eabi/10.3.1/../../../../arm-none-eabi/lib/thumb/v7e-m+fp/hard\libc_nano.a(lib_a-strtol.o)
 .text.strtol   0x000000000800c28c       0x14 c:/st/stm32cubeide_1.9.0/stm32cubeide/plugins/com.st.stm32cube.ide.mcu.externaltools.gnu-tools-for-stm32.10.3-2021.10.win32_1.0.0.202111181127/tools/bin/../lib/gcc/arm-none-eabi/10.3.1/../../../../arm-none-eabi/lib/thumb/v7e-m+fp/hard\libc_nano.a(lib_a-strtol.o)
                0x000000000800c28c                strtol
 .text.__swbuf_r
                0x000000000800c2a0       0xa4 c:/st/stm32cubeide_1.9.0/stm32cubeide/plugins/com.st.stm32cube.ide.mcu.externaltools.gnu-tools-for-stm32.10.3-2021.10.win32_1.0.0.202111181127/tools/bin/../lib/gcc/arm-none-eabi/10.3.1/../../../../arm-none-eabi/lib/thumb/v7e-m+fp/hard\libc_nano.a(lib_a-wbuf.o)
                0x000000000800c2a0                __swbuf_r
 .text._write_r
                0x000000000800c344       0x24 c:/st/stm32cubeide_1.9.0/stm32cubeide/plugins/com.st.stm32cube.ide.mcu.externaltools.gnu-tools-for-stm32.10.3-2021.10.win32_1.0.0.202111181127/tools/bin/../lib/gcc/arm-none-eabi/10.3.1/../../../../arm-none-eabi/lib/thumb/v7e-m+fp/hard\libc_nano.a(lib_a-writer.o)
                0x000000000800c344                _write_r
 .text.__swsetup_r
                0x000000000800c368       0xdc c:/st/stm32cubeide_1.9.0/stm32cubeide/plugins/com.st.stm32cube.ide.mcu.externaltools.gnu-tools-for-stm32.10.3-2021.10.win32_1.0.0.202111181127/tools/bin/../lib/gcc/arm-none-eabi/10.3.1/../../../../arm-none-eabi/lib/thumb/v7e-m+fp/hard\libc_nano.a(lib_a-wsetup.o)
                0x000000000800c368                __swsetup_r
 .text._close_r
                0x000000000800c444       0x20 c:/st/stm32cubeide_1.9.0/stm32cubeide/plugins/com.st.stm32cube.ide.mcu.externaltools.gnu-tools-for-stm32.10.3-2021.10.win32_1.0.0.202111181127/tools/bin/../lib/gcc/arm-none-eabi/10.3.1/../../../../arm-none-eabi/lib/thumb/v7e-m+fp/hard\libc_nano.a(lib_a-closer.o)
                0x000000000800c444                _close_r
 .text.__sflush_r
                0x000000000800c464      0x10c c:/st/stm32cubeide_1.9.0/stm32cubeide/plugins/com.st.stm32cube.ide.mcu.externaltools.gnu-tools-for-stm32.10.3-2021.10.win32_1.0.0.202111181127/tools/bin/../lib/gcc/arm-none-eabi/10.3.1/../../../../arm-none-eabi/lib/thumb/v7e-m+fp/hard\libc_nano.a(lib_a-fflush.o)
                0x000000000800c464                __sflush_r
 .text._fflush_r
                0x000000000800c570       0x78 c:/st/stm32cubeide_1.9.0/stm32cubeide/plugins/com.st.stm32cube.ide.mcu.externaltools.gnu-tools-for-stm32.10.3-2021.10.win32_1.0.0.202111181127/tools/bin/../lib/gcc/arm-none-eabi/10.3.1/../../../../arm-none-eabi/lib/thumb/v7e-m+fp/hard\libc_nano.a(lib_a-fflush.o)
                0x000000000800c570                _fflush_r
 .text._lseek_r
                0x000000000800c5e8       0x24 c:/st/stm32cubeide_1.9.0/stm32cubeide/plugins/com.st.stm32cube.ide.mcu.externaltools.gnu-tools-for-stm32.10.3-2021.10.win32_1.0.0.202111181127/tools/bin/../lib/gcc/arm-none-eabi/10.3.1/../../../../arm-none-eabi/lib/thumb/v7e-m+fp/hard\libc_nano.a(lib_a-lseekr.o)
                0x000000000800c5e8                _lseek_r
 .text.__swhatbuf_r
                0x000000000800c60c       0x4a c:/st/stm32cubeide_1.9.0/stm32cubeide/plugins/com.st.stm32cube.ide.mcu.externaltools.gnu-tools-for-stm32.10.3-2021.10.win32_1.0.0.202111181127/tools/bin/../lib/gcc/arm-none-eabi/10.3.1/../../../../arm-none-eabi/lib/thumb/v7e-m+fp/hard\libc_nano.a(lib_a-makebuf.o)
                0x000000000800c60c                __swhatbuf_r
 *fill*         0x000000000800c656        0x2 
 .text.__smakebuf_r
                0x000000000800c658       0x80 c:/st/stm32cubeide_1.9.0/stm32cubeide/plugins/com.st.stm32cube.ide.mcu.externaltools.gnu-tools-for-stm32.10.3-2021.10.win32_1.0.0.202111181127/tools/bin/../lib/gcc/arm-none-eabi/10.3.1/../../../../arm-none-eabi/lib/thumb/v7e-m+fp/hard\libc_nano.a(lib_a-makebuf.o)
                0x000000000800c658                __smakebuf_r
 .text.__malloc_lock
                0x000000000800c6d8        0xc c:/st/stm32cubeide_1.9.0/stm32cubeide/plugins/com.st.stm32cube.ide.mcu.externaltools.gnu-tools-for-stm32.10.3-2021.10.win32_1.0.0.202111181127/tools/bin/../lib/gcc/arm-none-eabi/10.3.1/../../../../arm-none-eabi/lib/thumb/v7e-m+fp/hard\libc_nano.a(lib_a-mlock.o)
                0x000000000800c6d8                __malloc_lock
 .text.__malloc_unlock
                0x000000000800c6e4        0xc c:/st/stm32cubeide_1.9.0/stm32cubeide/plugins/com.st.stm32cube.ide.mcu.externaltools.gnu-tools-for-stm32.10.3-2021.10.win32_1.0.0.202111181127/tools/bin/../lib/gcc/arm-none-eabi/10.3.1/../../../../arm-none-eabi/lib/thumb/v7e-m+fp/hard\libc_nano.a(lib_a-mlock.o)
                0x000000000800c6e4                __malloc_unlock
 .text.__sfputc_r
                0x000000000800c6f0       0x2e c:/st/stm32cubeide_1.9.0/stm32cubeide/plugins/com.st.stm32cube.ide.mcu.externaltools.gnu-tools-for-stm32.10.3-2021.10.win32_1.0.0.202111181127/tools/bin/../lib/gcc/arm-none-eabi/10.3.1/../../../../arm-none-eabi/lib/thumb/v7e-m+fp/hard\libc_nano.a(lib_a-nano-vfprintf.o)
 .text.__sfputs_r
                0x000000000800c71e       0x24 c:/st/stm32cubeide_1.9.0/stm32cubeide/plugins/com.st.stm32cube.ide.mcu.externaltools.gnu-tools-for-stm32.10.3-2021.10.win32_1.0.0.202111181127/tools/bin/../lib/gcc/arm-none-eabi/10.3.1/../../../../arm-none-eabi/lib/thumb/v7e-m+fp/hard\libc_nano.a(lib_a-nano-vfprintf.o)
                0x000000000800c71e                __sfputs_r
 *fill*         0x000000000800c742        0x2 
 .text._vfprintf_r
                0x000000000800c744      0x260 c:/st/stm32cubeide_1.9.0/stm32cubeide/plugins/com.st.stm32cube.ide.mcu.externaltools.gnu-tools-for-stm32.10.3-2021.10.win32_1.0.0.202111181127/tools/bin/../lib/gcc/arm-none-eabi/10.3.1/../../../../arm-none-eabi/lib/thumb/v7e-m+fp/hard\libc_nano.a(lib_a-nano-vfprintf.o)
                0x000000000800c744                _vfprintf_r
                0x000000000800c744                _vfiprintf_r
 .text._printf_common
                0x000000000800c9a4       0xda c:/st/stm32cubeide_1.9.0/stm32cubeide/plugins/com.st.stm32cube.ide.mcu.externaltools.gnu-tools-for-stm32.10.3-2021.10.win32_1.0.0.202111181127/tools/bin/../lib/gcc/arm-none-eabi/10.3.1/../../../../arm-none-eabi/lib/thumb/v7e-m+fp/hard\libc_nano.a(lib_a-nano-vfprintf_i.o)
                0x000000000800c9a4                _printf_common
 *fill*         0x000000000800ca7e        0x2 
 .text._printf_i
                0x000000000800ca80      0x24c c:/st/stm32cubeide_1.9.0/stm32cubeide/plugins/com.st.stm32cube.ide.mcu.externaltools.gnu-tools-for-stm32.10.3-2021.10.win32_1.0.0.202111181127/tools/bin/../lib/gcc/arm-none-eabi/10.3.1/../../../../arm-none-eabi/lib/thumb/v7e-m+fp/hard\libc_nano.a(lib_a-nano-vfprintf_i.o)
                0x000000000800ca80                _printf_i
 .text._read_r  0x000000000800cccc       0x24 c:/st/stm32cubeide_1.9.0/stm32cubeide/plugins/com.st.stm32cube.ide.mcu.externaltools.gnu-tools-for-stm32.10.3-2021.10.win32_1.0.0.202111181127/tools/bin/../lib/gcc/arm-none-eabi/10.3.1/../../../../arm-none-eabi/lib/thumb/v7e-m+fp/hard\libc_nano.a(lib_a-readr.o)
                0x000000000800cccc                _read_r
 .text._fstat_r
                0x000000000800ccf0       0x24 c:/st/stm32cubeide_1.9.0/stm32cubeide/plugins/com.st.stm32cube.ide.mcu.externaltools.gnu-tools-for-stm32.10.3-2021.10.win32_1.0.0.202111181127/tools/bin/../lib/gcc/arm-none-eabi/10.3.1/../../../../arm-none-eabi/lib/thumb/v7e-m+fp/hard\libc_nano.a(lib_a-fstatr.o)
                0x000000000800ccf0                _fstat_r
 .text._isatty_r
                0x000000000800cd14       0x20 c:/st/stm32cubeide_1.9.0/stm32cubeide/plugins/com.st.stm32cube.ide.mcu.externaltools.gnu-tools-for-stm32.10.3-2021.10.win32_1.0.0.202111181127/tools/bin/../lib/gcc/arm-none-eabi/10.3.1/../../../../arm-none-eabi/lib/thumb/v7e-m+fp/hard\libc_nano.a(lib_a-isattyr.o)
                0x000000000800cd14                _isatty_r
 *(.glue_7)
 .glue_7        0x000000000800cd34        0x0 linker stubs
 *(.glue_7t)
 .glue_7t       0x000000000800cd34        0x0 linker stubs
 *(.eh_frame)
 .eh_frame      0x000000000800cd34        0x0 c:/st/stm32cubeide_1.9.0/stm32cubeide/plugins/com.st.stm32cube.ide.mcu.externaltools.gnu-tools-for-stm32.10.3-2021.10.win32_1.0.0.202111181127/tools/bin/../lib/gcc/arm-none-eabi/10.3.1/thumb/v7e-m+fp/hard/crtbegin.o
 *(.init)
 .init          0x000000000800cd34        0x4 c:/st/stm32cubeide_1.9.0/stm32cubeide/plugins/com.st.stm32cube.ide.mcu.externaltools.gnu-tools-for-stm32.10.3-2021.10.win32_1.0.0.202111181127/tools/bin/../lib/gcc/arm-none-eabi/10.3.1/thumb/v7e-m+fp/hard/crti.o
                0x000000000800cd34                _init
 .init          0x000000000800cd38        0x8 c:/st/stm32cubeide_1.9.0/stm32cubeide/plugins/com.st.stm32cube.ide.mcu.externaltools.gnu-tools-for-stm32.10.3-2021.10.win32_1.0.0.202111181127/tools/bin/../lib/gcc/arm-none-eabi/10.3.1/thumb/v7e-m+fp/hard/crtn.o
 *(.fini)
 .fini          0x000000000800cd40        0x4 c:/st/stm32cubeide_1.9.0/stm32cubeide/plugins/com.st.stm32cube.ide.mcu.externaltools.gnu-tools-for-stm32.10.3-2021.10.win32_1.0.0.202111181127/tools/bin/../lib/gcc/arm-none-eabi/10.3.1/thumb/v7e-m+fp/hard/crti.o
                0x000000000800cd40                _fini
 .fini          0x000000000800cd44        0x8 c:/st/stm32cubeide_1.9.0/stm32cubeide/plugins/com.st.stm32cube.ide.mcu.externaltools.gnu-tools-for-stm32.10.3-2021.10.win32_1.0.0.202111181127/tools/bin/../lib/gcc/arm-none-eabi/10.3.1/thumb/v7e-m+fp/hard/crtn.o
                0x000000000800cd4c                . = ALIGN (0x4)
                0x000000000800cd4c                _etext = .

.vfp11_veneer   0x000000000800cd4c        0x0
 .vfp11_veneer  0x000000000800cd4c        0x0 linker stubs

.v4_bx          0x000000000800cd4c        0x0
 .v4_bx         0x000000000800cd4c        0x0 linker stubs

.iplt           0x000000000800cd4c        0x0
 .iplt          0x000000000800cd4c        0x0 c:/st/stm32cubeide_1.9.0/stm32cubeide/plugins/com.st.stm32cube.ide.mcu.externaltools.gnu-tools-for-stm32.10.3-2021.10.win32_1.0.0.202111181127/tools/bin/../lib/gcc/arm-none-eabi/10.3.1/thumb/v7e-m+fp/hard/crtbegin.o

.rodata         0x000000000800cd4c      0x4a8
                0x000000000800cd4c                . = ALIGN (0x4)
 *(.rodata)
 .rodata        0x000000000800cd4c       0x14 ./Core/Src/apps/app_sensorboard.o
 .rodata        0x000000000800cd60      0x130 ./Core/Src/main.o
 .rodata        0x000000000800ce90        0x5 ./Core/Src/peripheral/interface_board.o
 *fill*         0x000000000800ce95        0x3 
 .rodata        0x000000000800ce98       0x4f ./Core/Src/peripheral/uart_test.o
 *fill*         0x000000000800cee7        0x1 
 .rodata        0x000000000800cee8       0x17 ./Middlewares/Third_Party/FreeRTOS/Source/tasks.o
 *fill*         0x000000000800ceff        0x1 
 .rodata        0x000000000800cf00        0xd ./Middlewares/Third_Party/FreeRTOS/Source/timers.o
 *(.rodata*)
 *fill*         0x000000000800cf0d        0x3 
 .rodata.DOT_MATRIX_CfgParam1
                0x000000000800cf10        0xc ./Core/Src/before/dot_matrix1.o
                0x000000000800cf10                DOT_MATRIX_CfgParam1
 .rodata.DOT_MATRIX_CfgParam2
                0x000000000800cf1c        0xc ./Core/Src/before/dot_matrix2.o
                0x000000000800cf1c                DOT_MATRIX_CfgParam2
 .rodata.apps_process_attributes
                0x000000000800cf28       0x24 ./Core/Src/main.o
                0x000000000800cf28                apps_process_attributes
 .rodata.apps_timer_attributes
                0x000000000800cf4c       0x24 ./Core/Src/main.o
                0x000000000800cf4c                apps_timer_attributes
 .rodata.p_ultrasonic_attributes
                0x000000000800cf70       0x24 ./Core/Src/main.o
                0x000000000800cf70                p_ultrasonic_attributes
 .rodata.p_interfaceBD_attributes
                0x000000000800cf94       0x24 ./Core/Src/main.o
                0x000000000800cf94                p_interfaceBD_attributes
 .rodata.p_uart_test_attributes
                0x000000000800cfb8       0x24 ./Core/Src/main.o
                0x000000000800cfb8                p_uart_test_attributes
 .rodata.queue_ultrasonic1_attributes
                0x000000000800cfdc       0x18 ./Core/Src/main.o
                0x000000000800cfdc                queue_ultrasonic1_attributes
 .rodata.queue_ultrasonic2_attributes
                0x000000000800cff4       0x18 ./Core/Src/main.o
                0x000000000800cff4                queue_ultrasonic2_attributes
 .rodata.queue_interfaceBD_attributes
                0x000000000800d00c       0x18 ./Core/Src/main.o
                0x000000000800d00c                queue_interfaceBD_attributes
 .rodata.queue_debug_test_attributes
                0x000000000800d024       0x18 ./Core/Src/main.o
                0x000000000800d024                queue_debug_test_attributes
 .rodata.AHBPrescTable
                0x000000000800d03c       0x10 ./Core/Src/system_stm32f4xx.o
                0x000000000800d03c                AHBPrescTable
 .rodata.APBPrescTable
                0x000000000800d04c        0x8 ./Core/Src/system_stm32f4xx.o
                0x000000000800d04c                APBPrescTable
 .rodata.flagBitshiftOffset.0
                0x000000000800d054        0x8 ./Drivers/STM32F4xx_HAL_Driver/Src/stm32f4xx_hal_dma.o
 .rodata.__sf_fake_stderr
                0x000000000800d05c       0x20 c:/st/stm32cubeide_1.9.0/stm32cubeide/plugins/com.st.stm32cube.ide.mcu.externaltools.gnu-tools-for-stm32.10.3-2021.10.win32_1.0.0.202111181127/tools/bin/../lib/gcc/arm-none-eabi/10.3.1/../../../../arm-none-eabi/lib/thumb/v7e-m+fp/hard\libc_nano.a(lib_a-findfp.o)
                0x000000000800d05c                __sf_fake_stderr
 .rodata.__sf_fake_stdin
                0x000000000800d07c       0x20 c:/st/stm32cubeide_1.9.0/stm32cubeide/plugins/com.st.stm32cube.ide.mcu.externaltools.gnu-tools-for-stm32.10.3-2021.10.win32_1.0.0.202111181127/tools/bin/../lib/gcc/arm-none-eabi/10.3.1/../../../../arm-none-eabi/lib/thumb/v7e-m+fp/hard\libc_nano.a(lib_a-findfp.o)
                0x000000000800d07c                __sf_fake_stdin
 .rodata.__sf_fake_stdout
                0x000000000800d09c       0x20 c:/st/stm32cubeide_1.9.0/stm32cubeide/plugins/com.st.stm32cube.ide.mcu.externaltools.gnu-tools-for-stm32.10.3-2021.10.win32_1.0.0.202111181127/tools/bin/../lib/gcc/arm-none-eabi/10.3.1/../../../../arm-none-eabi/lib/thumb/v7e-m+fp/hard\libc_nano.a(lib_a-findfp.o)
                0x000000000800d09c                __sf_fake_stdout
 .rodata._global_impure_ptr
                0x000000000800d0bc        0x4 c:/st/stm32cubeide_1.9.0/stm32cubeide/plugins/com.st.stm32cube.ide.mcu.externaltools.gnu-tools-for-stm32.10.3-2021.10.win32_1.0.0.202111181127/tools/bin/../lib/gcc/arm-none-eabi/10.3.1/../../../../arm-none-eabi/lib/thumb/v7e-m+fp/hard\libc_nano.a(lib_a-impure.o)
                0x000000000800d0bc                _global_impure_ptr
 .rodata._ctype_
                0x000000000800d0c0      0x101 c:/st/stm32cubeide_1.9.0/stm32cubeide/plugins/com.st.stm32cube.ide.mcu.externaltools.gnu-tools-for-stm32.10.3-2021.10.win32_1.0.0.202111181127/tools/bin/../lib/gcc/arm-none-eabi/10.3.1/../../../../arm-none-eabi/lib/thumb/v7e-m+fp/hard\libc_nano.a(lib_a-ctype_.o)
                0x000000000800d0c0                _ctype_
 .rodata._vfprintf_r.str1.1
                0x000000000800d1c1       0x11 c:/st/stm32cubeide_1.9.0/stm32cubeide/plugins/com.st.stm32cube.ide.mcu.externaltools.gnu-tools-for-stm32.10.3-2021.10.win32_1.0.0.202111181127/tools/bin/../lib/gcc/arm-none-eabi/10.3.1/../../../../arm-none-eabi/lib/thumb/v7e-m+fp/hard\libc_nano.a(lib_a-nano-vfprintf.o)
 .rodata._printf_i.str1.1
                0x000000000800d1d2       0x22 c:/st/stm32cubeide_1.9.0/stm32cubeide/plugins/com.st.stm32cube.ide.mcu.externaltools.gnu-tools-for-stm32.10.3-2021.10.win32_1.0.0.202111181127/tools/bin/../lib/gcc/arm-none-eabi/10.3.1/../../../../arm-none-eabi/lib/thumb/v7e-m+fp/hard\libc_nano.a(lib_a-nano-vfprintf_i.o)
                0x000000000800d1f4                . = ALIGN (0x4)

.ARM.extab      0x000000000800d1f4        0x0
                0x000000000800d1f4                . = ALIGN (0x4)
 *(.ARM.extab* .gnu.linkonce.armextab.*)
                0x000000000800d1f4                . = ALIGN (0x4)

.ARM            0x000000000800d1f4        0x8
                0x000000000800d1f4                . = ALIGN (0x4)
                0x000000000800d1f4                __exidx_start = .
 *(.ARM.exidx*)
 .ARM.exidx     0x000000000800d1f4        0x8 c:/st/stm32cubeide_1.9.0/stm32cubeide/plugins/com.st.stm32cube.ide.mcu.externaltools.gnu-tools-for-stm32.10.3-2021.10.win32_1.0.0.202111181127/tools/bin/../lib/gcc/arm-none-eabi/10.3.1/thumb/v7e-m+fp/hard\libgcc.a(_udivmoddi4.o)
                0x000000000800d1fc                __exidx_end = .
                0x000000000800d1fc                . = ALIGN (0x4)

.rel.dyn        0x000000000800d1fc        0x0
 .rel.iplt      0x000000000800d1fc        0x0 c:/st/stm32cubeide_1.9.0/stm32cubeide/plugins/com.st.stm32cube.ide.mcu.externaltools.gnu-tools-for-stm32.10.3-2021.10.win32_1.0.0.202111181127/tools/bin/../lib/gcc/arm-none-eabi/10.3.1/thumb/v7e-m+fp/hard/crtbegin.o

.preinit_array  0x000000000800d1fc        0x0
                0x000000000800d1fc                . = ALIGN (0x4)
                0x000000000800d1fc                PROVIDE (__preinit_array_start = .)
 *(.preinit_array*)
                0x000000000800d1fc                PROVIDE (__preinit_array_end = .)
                0x000000000800d1fc                . = ALIGN (0x4)

.init_array     0x000000000800d1fc        0x4
                0x000000000800d1fc                . = ALIGN (0x4)
                0x000000000800d1fc                PROVIDE (__init_array_start = .)
 *(SORT_BY_NAME(.init_array.*))
 *(.init_array*)
 .init_array    0x000000000800d1fc        0x4 c:/st/stm32cubeide_1.9.0/stm32cubeide/plugins/com.st.stm32cube.ide.mcu.externaltools.gnu-tools-for-stm32.10.3-2021.10.win32_1.0.0.202111181127/tools/bin/../lib/gcc/arm-none-eabi/10.3.1/thumb/v7e-m+fp/hard/crtbegin.o
                0x000000000800d200                PROVIDE (__init_array_end = .)
                0x000000000800d200                . = ALIGN (0x4)

.fini_array     0x000000000800d200        0x4
                0x000000000800d200                . = ALIGN (0x4)
                [!provide]                        PROVIDE (__fini_array_start = .)
 *(SORT_BY_NAME(.fini_array.*))
 *(.fini_array*)
 .fini_array    0x000000000800d200        0x4 c:/st/stm32cubeide_1.9.0/stm32cubeide/plugins/com.st.stm32cube.ide.mcu.externaltools.gnu-tools-for-stm32.10.3-2021.10.win32_1.0.0.202111181127/tools/bin/../lib/gcc/arm-none-eabi/10.3.1/thumb/v7e-m+fp/hard/crtbegin.o
                [!provide]                        PROVIDE (__fini_array_end = .)
                0x000000000800d204                . = ALIGN (0x4)
                0x000000000800d204                _sidata = LOADADDR (.data)

.data           0x0000000020000000      0x1d0 load address 0x000000000800d204
                0x0000000020000000                . = ALIGN (0x4)
                0x0000000020000000                _sdata = .
 *(.data)
 *(.data*)
 .data.current_app_id
                0x0000000020000000        0x1 ./Core/Src/apps/app_sensorboard.o
 .data.eyeAction
                0x0000000020000001        0x1 ./Core/Src/apps/app_sensorboard.o
                0x0000000020000001                eyeAction
 .data.prev_belt_action
                0x0000000020000002        0x1 ./Core/Src/apps/app_sensorboard.o
 *fill*         0x0000000020000003        0x1 
 .data.this     0x0000000020000004       0x14 ./Core/Src/apps/apps_init.o
 .data.IMAGES1  0x0000000020000018       0xa0 ./Core/Src/before/dot_matrix1.o
                0x0000000020000018                IMAGES1
 .data.IMAGES2  0x00000000200000b8       0xa0 ./Core/Src/before/dot_matrix2.o
                0x00000000200000b8                IMAGES2
 .data.SystemCoreClock
                0x0000000020000158        0x4 ./Core/Src/system_stm32f4xx.o
                0x0000000020000158                SystemCoreClock
 .data.start_parsing