../Core/Src/main.c:144:5:_write	32	static
../Core/Src/main.c:150:6:DWT_Delay_us	16	static
../Core/Src/main.c:159:6:HAL_TIM_PWM_PulseFinishedCallback	16	static
../Core/Src/main.c:184:5:main	8	static
../Core/Src/main.c:299:6:SystemClock_Config	88	static
../Core/Src/main.c:345:13:MX_SPI1_Init	8	static
../Core/Src/main.c:383:13:MX_TIM1_Init	80	static
../Core/Src/main.c:456:13:MX_TIM4_Init	48	static
../Core/Src/main.c:505:13:MX_TIM13_Init	8	static
../Core/Src/main.c:536:13:MX_UART4_Init	8	static
../Core/Src/main.c:569:13:MX_USART2_UART_Init	8	static
../Core/Src/main.c:602:13:MX_USART3_UART_Init	8	static
../Core/Src/main.c:635:13:MX_USART6_UART_Init	8	static
../Core/Src/main.c:666:13:MX_DMA_Init	16	static
../Core/Src/main.c:690:13:MX_GPIO_Init	56	static
../Core/Src/main.c:741:13:apps_process_task	16	static
../Core/Src/main.c:760:6:HAL_TIM_PeriodElapsedCallback	16	static
../Core/Src/main.c:781:6:Error_Handler	4	static,ignoring_inline_asm
