../Core/Src/stm32f4xx_it.c:83:6:NMI_Handler	4	static
../Core/Src/stm32f4xx_it.c:98:6:HardFault_Handler	4	static
../Core/Src/stm32f4xx_it.c:113:6:MemManage_Handler	4	static
../Core/Src/stm32f4xx_it.c:128:6:BusFault_Handler	4	static
../Core/Src/stm32f4xx_it.c:143:6:UsageFault_Handler	4	static
../Core/Src/stm32f4xx_it.c:158:6:DebugMon_Handler	4	static
../Core/Src/stm32f4xx_it.c:178:6:USART2_IRQHandler	32	static
../Core/Src/stm32f4xx_it.c:207:6:USART3_IRQHandler	32	static
../Core/Src/stm32f4xx_it.c:236:6:TIM8_UP_TIM13_IRQHandler	8	static
../Core/Src/stm32f4xx_it.c:250:6:UART4_IRQHandler	32	static
../Core/Src/stm32f4xx_it.c:279:6:TIM7_IRQHandler	8	static
../Core/Src/stm32f4xx_it.c:293:6:DMA2_Stream2_IRQHandler	8	static
../Core/Src/stm32f4xx_it.c:307:6:DMA2_Stream3_IRQHandler	8	static
../Core/Src/stm32f4xx_it.c:321:6:DMA2_Stream6_IRQHandler	8	static
../Core/Src/stm32f4xx_it.c:335:6:USART6_IRQHandler	32	static
