../Core/Src/util/u_timer.c:35:6:timers_init	8	static
../Core/Src/util/u_timer.c:44:4:timers_register_timer	24	static
../Core/Src/util/u_timer.c:66:4:timers_remove_timer	24	static
../Core/Src/util/u_timer.c:81:6:timers_remove_all_timer	16	static
../Core/Src/util/u_timer.c:96:6:timers_tick_timer	16	static
../Core/Src/util/u_timer.c:114:6:apps_timer_task	24	static
../Core/Src/util/u_timer.c:143:4:timers_register_interrupt_timer	24	static
../Core/Src/util/u_timer.c:161:4:timers_remove_interrupt_timer	24	static
../Core/Src/util/u_timer.c:176:6:timers_remove_all_interrupt_timer	16	static
../Core/Src/util/u_timer.c:187:6:timers_process_tick_interrupt_timer	24	static
