../Core/Src/before/led_control.c:55:6:LED_PWM_init	4	static
../Core/Src/before/led_control.c:64:6:Set_LED	24	static
../Core/Src/before/led_control.c:86:6:WS2812_Send	80	static
../Core/Src/before/led_control.c:216:6:Belt_Toggle_LED	16	static
../Core/Src/before/led_control.c:230:6:Belt_Reset_LED	16	static
../Core/Src/before/led_control.c:240:6:Belt_Allset_LED	24	static
../Core/Src/before/led_control.c:248:6:Ring1_Reset_LED	16	static
../Core/Src/before/led_control.c:258:6:Ring2_Reset_LED	16	static
../Core/Src/before/led_control.c:268:6:Belt_Rotate_Init	16	static
../Core/Src/before/led_control.c:285:6:Ring_Rotate_Init	16	static
../Core/Src/before/led_control.c:305:6:Set_LED_violet	24	static
../Core/Src/before/led_control.c:314:6:Set_LED_skyblue	24	static
../Core/Src/before/led_control.c:322:6:Set_LED_green	24	static
../Core/Src/before/led_control.c:330:6:Set_LED_red	24	static
../Core/Src/before/led_control.c:338:6:Set_LED_yellow	24	static
../Core/Src/before/led_control.c:346:6:Set_LED_white	24	static
../Core/Src/before/led_control.c:355:6:Set_LED_black	24	static
../Core/Src/before/led_control.c:364:7:GetColorCode	24	static
../Core/Src/before/led_control.c:415:6:Belt_MODE_breathing	24	static
../Core/Src/before/led_control.c:447:6:Belt_MODE_rotation	24	static
../Core/Src/before/led_control.c:472:6:Ring1_MODE_breathing	24	static
../Core/Src/before/led_control.c:502:6:Ring1_MODE_rotation	24	static
../Core/Src/before/led_control.c:526:6:Ring2_MODE_breathing	24	static
../Core/Src/before/led_control.c:555:6:Ring2_MODE_rotation	24	static
../Core/Src/before/led_control.c:579:6:Starting_anime	24	static
../Core/Src/before/led_control.c:657:6:ShowBatteryStatus	64	static
../Core/Src/before/led_control.c:804:6:reverse	32	static
../Core/Src/before/led_control.c:817:6:shiftRight	24	static
../Core/Src/before/led_control.c:824:6:shiftLeft	24	static
../Core/Src/before/led_control.c:831:6:InterfaceChksumChk	32	static
../Core/Src/before/led_control.c:846:6:FrontLight_SetPWM	16	static
../Core/Src/before/led_control.c:850:6:FrontLight_Enable	16	static
../Core/Src/before/led_control.c:858:6:LedControlCategorySet	8	static
../Core/Src/before/led_control.c:898:6:BeltControl	8	static
../Core/Src/before/led_control.c:976:6:EyeControl	8	static
